base                         sec/rep=0.0020 MPKI=70.93 IPC=0.414
nop_s64                      sec/rep=0.0020 MPKI=72.82 IPC=0.428
pf_d256_s64                  sec/rep=0.0014 MPKI=17.94 IPC=0.596
pf_d512_s64                  sec/rep=0.0010 MPKI=2.30 IPC=0.823
pf_d1024_s64                 sec/rep=0.0008 MPKI=0.96 IPC=0.942
pf_d2048_s64                 sec/rep=0.0007 MPKI=0.33 IPC=1.108
pf_d4096_s64                 sec/rep=0.0006 MPKI=0.60 IPC=1.247
pf_d8192_s64                 sec/rep=0.0006 MPKI=1.09 IPC=1.385
nop_s128                     sec/rep=0.0020 MPKI=71.78 IPC=0.424
pf_d256_s128                 sec/rep=0.0018 MPKI=35.12 IPC=0.468
pf_d512_s128                 sec/rep=0.0017 MPKI=15.05 IPC=0.523
pf_d1024_s128                sec/rep=0.0013 MPKI=5.43 IPC=0.674
pf_d2048_s128                sec/rep=0.0008 MPKI=3.19 IPC=0.960
pf_d4096_s128                sec/rep=0.0006 MPKI=6.10 IPC=1.261
pf_d8192_s128                sec/rep=0.0007 MPKI=8.13 IPC=1.129
nop_s256                     sec/rep=0.0020 MPKI=71.48 IPC=0.411
pf_d256_s256                 sec/rep=0.0020 MPKI=68.26 IPC=0.415
pf_d512_s256                 sec/rep=0.0017 MPKI=29.89 IPC=0.491
pf_d1024_s256                sec/rep=0.0016 MPKI=19.04 IPC=0.546
pf_d2048_s256                sec/rep=0.0011 MPKI=15.71 IPC=0.770
pf_d4096_s256                sec/rep=0.0009 MPKI=23.23 IPC=0.856
pf_d8192_s256                sec/rep=0.0009 MPKI=24.34 IPC=0.827
