base                             sec/rep=0.0049 MPKI=60.65 IPC=0.507
nop_s64_b4                       sec/rep=0.0050 MPKI=64.25 IPC=0.486
seq_d1024_s64                    sec/rep=0.0019 MPKI=10.16 IPC=1.027
seq_d1024_s128                   sec/rep=0.0022 MPKI=17.53 IPC=0.936
seq_d2048_s64                    sec/rep=0.0019 MPKI=0.48 IPC=1.047
seq_d2048_s128                   sec/rep=0.0021 MPKI=2.84 IPC=0.985
seq_d4096_s64                    sec/rep=0.0019 MPKI=0.40 IPC=1.052
seq_d4096_s128                   sec/rep=0.0021 MPKI=3.49 IPC=0.997
seq_d8192_s64                    sec/rep=0.0019 MPKI=0.62 IPC=1.054
seq_d8192_s128                   sec/rep=0.0021 MPKI=3.66 IPC=0.992
seqburst_d4096_s128_b4_l0        sec/rep=0.0021 MPKI=3.14 IPC=0.980
seqburst_d4096_s128_b4_l256      sec/rep=0.0021 MPKI=4.40 IPC=0.948
seqburst_d4096_s128_b4_l1024     sec/rep=0.0021 MPKI=2.96 IPC=0.988
seqburst_d4096_s128_b8_l0        sec/rep=0.0021 MPKI=2.80 IPC=0.980
seqburst_d4096_s128_b8_l256      sec/rep=0.0021 MPKI=2.43 IPC=0.980
seqburst_d4096_s128_b8_l1024     sec/rep=0.0021 MPKI=2.44 IPC=0.985
seqburst_d4096_s128_b13_l0       sec/rep=0.0022 MPKI=3.67 IPC=0.939
seqburst_d4096_s128_b13_l256     sec/rep=0.0022 MPKI=4.02 IPC=0.929
seqburst_d4096_s128_b13_l1024    sec/rep=0.0022 MPKI=2.61 IPC=0.956
burst_only_b8_l256               sec/rep=0.0028 MPKI=20.58 IPC=0.791
