-- The C compiler identification is Clang 19.1.7
-- The CXX compiler identification is Clang 19.1.7
-- Detecting C compiler ABI info
-- Detecting C compiler ABI info - done
-- Check for working C compiler: /usr/bin/clang-19 - skipped
-- Detecting C compile features
-- Detecting C compile features - done
-- Detecting CXX compiler ABI info
-- Detecting CXX compiler ABI info - done
-- Check for working CXX compiler: /usr/bin/clang++-19 - skipped
-- Detecting CXX compile features
-- Detecting CXX compile features - done
CMake Warning (dev) at /usr/share/cmake-3.22/Modules/FindPackageHandleStandardArgs.cmake:438 (message):
  The package name passed to `find_package_handle_standard_args` (THRIFT)
  does not match the name of the calling package (thrift).  This can lead to
  problems in calling code that expects `find_package` result variables
  (e.g., `_FOUND`) to follow a certain pattern.
Call Stack (most recent call first):
  cmake/Findthrift.cmake:92 (FIND_PACKAGE_HANDLE_STANDARD_ARGS)
  CMakeLists.txt:46 (find_package)
This warning is for project developers.  Use -Wno-dev to suppress it.

-- Found THRIFT: /usr/local/lib/libthrift.so  
-- Found nlohmann_json: /usr/local/lib/cmake/nlohmann_json/nlohmann_jsonConfig.cmake (found version "3.6.1") 
-- Configuring done
-- Generating done
-- Build files have been written to: /opt/src/jaeger-client-cpp-0.4.2/dense_build
