-- Install configuration: "RelWithDebInfo"
-- Installing: /usr/local/lib/libjaegertracing.a
-- Up-to-date: /usr/local/include/jaegertracing
-- Up-to-date: /usr/local/include/jaegertracing/Logging.h
-- Up-to-date: /usr/local/include/jaegertracing/utils
-- Up-to-date: /usr/local/include/jaegertracing/utils/YAML.h
-- Up-to-date: /usr/local/include/jaegertracing/utils/ErrorUtil.h
-- Up-to-date: /usr/local/include/jaegertracing/utils/UDPClient.h
-- Up-to-date: /usr/local/include/jaegertracing/utils/HexParsing.h
-- Up-to-date: /usr/local/include/jaegertracing/utils/RateLimiter.h
-- Up-to-date: /usr/local/include/jaegertracing/platform
-- Up-to-date: /usr/local/include/jaegertracing/platform/Hostname.h
-- Up-to-date: /usr/local/include/jaegertracing/platform/Endian.h
-- Up-to-date: /usr/local/include/jaegertracing/Transport.h
-- Up-to-date: /usr/local/include/jaegertracing/reporters
-- Up-to-date: /usr/local/include/jaegertracing/reporters/RemoteReporter.h
-- Up-to-date: /usr/local/include/jaegertracing/reporters/Config.h
-- Up-to-date: /usr/local/include/jaegertracing/reporters/NullReporter.h
-- Up-to-date: /usr/local/include/jaegertracing/reporters/CompositeReporter.h
-- Up-to-date: /usr/local/include/jaegertracing/reporters/InMemoryReporter.h
-- Up-to-date: /usr/local/include/jaegertracing/reporters/Reporter.h
-- Up-to-date: /usr/local/include/jaegertracing/reporters/LoggingReporter.h
-- Up-to-date: /usr/local/include/jaegertracing/Config.h
-- Up-to-date: /usr/local/include/jaegertracing/testutils
-- Up-to-date: /usr/local/include/jaegertracing/Tracer.h
-- Up-to-date: /usr/local/include/jaegertracing/thrift-gen
-- Up-to-date: /usr/local/include/jaegertracing/thrift-gen/baggage_constants.h
-- Up-to-date: /usr/local/include/jaegertracing/thrift-gen/jaeger_constants.h
-- Up-to-date: /usr/local/include/jaegertracing/thrift-gen/agent_constants.h
-- Up-to-date: /usr/local/include/jaegertracing/thrift-gen/dependency_constants.h
-- Up-to-date: /usr/local/include/jaegertracing/thrift-gen/sampling_constants.h
-- Up-to-date: /usr/local/include/jaegertracing/thrift-gen/TracedService.h
-- Up-to-date: /usr/local/include/jaegertracing/thrift-gen/baggage_types.h
-- Up-to-date: /usr/local/include/jaegertracing/thrift-gen/tracetest_types.h
-- Up-to-date: /usr/local/include/jaegertracing/thrift-gen/jaeger_types.h
-- Up-to-date: /usr/local/include/jaegertracing/thrift-gen/aggregation_validator_types.h
-- Up-to-date: /usr/local/include/jaegertracing/thrift-gen/AggregationValidator.h
-- Up-to-date: /usr/local/include/jaegertracing/thrift-gen/ZipkinCollector.h
-- Up-to-date: /usr/local/include/jaegertracing/thrift-gen/zipkincore_types.h
-- Up-to-date: /usr/local/include/jaegertracing/thrift-gen/SamplingManager.h
-- Up-to-date: /usr/local/include/jaegertracing/thrift-gen/agent_types.h
-- Up-to-date: /usr/local/include/jaegertracing/thrift-gen/Dependency.h
-- Up-to-date: /usr/local/include/jaegertracing/thrift-gen/dependency_types.h
-- Up-to-date: /usr/local/include/jaegertracing/thrift-gen/Agent.h
-- Up-to-date: /usr/local/include/jaegertracing/thrift-gen/sampling_types.h
-- Up-to-date: /usr/local/include/jaegertracing/thrift-gen/zipkincore_constants.h
-- Up-to-date: /usr/local/include/jaegertracing/thrift-gen/aggregation_validator_constants.h
-- Up-to-date: /usr/local/include/jaegertracing/thrift-gen/Collector.h
-- Up-to-date: /usr/local/include/jaegertracing/thrift-gen/tracetest_constants.h
-- Up-to-date: /usr/local/include/jaegertracing/thrift-gen/BaggageRestrictionManager.h
-- Up-to-date: /usr/local/include/jaegertracing/Span.h
-- Up-to-date: /usr/local/include/jaegertracing/baggage
-- Up-to-date: /usr/local/include/jaegertracing/baggage/RemoteRestrictionJSON.h
-- Up-to-date: /usr/local/include/jaegertracing/baggage/RestrictionsConfig.h
-- Up-to-date: /usr/local/include/jaegertracing/baggage/BaggageSetter.h
-- Up-to-date: /usr/local/include/jaegertracing/baggage/Restriction.h
-- Up-to-date: /usr/local/include/jaegertracing/baggage/RestrictionManager.h
-- Up-to-date: /usr/local/include/jaegertracing/baggage/RemoteRestrictionManager.h
-- Up-to-date: /usr/local/include/jaegertracing/LogRecord.h
-- Up-to-date: /usr/local/include/jaegertracing/SpanContext.h
-- Up-to-date: /usr/local/include/jaegertracing/TracerFactory.h
-- Up-to-date: /usr/local/include/jaegertracing/UDPTransport.h
-- Up-to-date: /usr/local/include/jaegertracing/TraceID.h
-- Up-to-date: /usr/local/include/jaegertracing/metrics
-- Up-to-date: /usr/local/include/jaegertracing/metrics/InMemoryStatsReporter.h
-- Up-to-date: /usr/local/include/jaegertracing/metrics/Metrics.h
-- Up-to-date: /usr/local/include/jaegertracing/metrics/Timer.h
-- Up-to-date: /usr/local/include/jaegertracing/metrics/NullStatsFactory.h
-- Up-to-date: /usr/local/include/jaegertracing/metrics/StatsReporter.h
-- Up-to-date: /usr/local/include/jaegertracing/metrics/Counter.h
-- Up-to-date: /usr/local/include/jaegertracing/metrics/Metric.h
-- Up-to-date: /usr/local/include/jaegertracing/metrics/StatsFactoryImpl.h
-- Up-to-date: /usr/local/include/jaegertracing/metrics/Gauge.h
-- Up-to-date: /usr/local/include/jaegertracing/metrics/NullStatsReporter.h
-- Up-to-date: /usr/local/include/jaegertracing/metrics/NullCounter.h
-- Up-to-date: /usr/local/include/jaegertracing/metrics/NullTimer.h
-- Up-to-date: /usr/local/include/jaegertracing/metrics/NullGauge.h
-- Up-to-date: /usr/local/include/jaegertracing/metrics/StatsFactory.h
-- Up-to-date: /usr/local/include/jaegertracing/Tag.h
-- Up-to-date: /usr/local/include/jaegertracing/samplers
-- Up-to-date: /usr/local/include/jaegertracing/samplers/SamplingStatus.h
-- Up-to-date: /usr/local/include/jaegertracing/samplers/ProbabilisticSampler.h
-- Up-to-date: /usr/local/include/jaegertracing/samplers/RemoteSamplingJSON.h
-- Up-to-date: /usr/local/include/jaegertracing/samplers/AdaptiveSampler.h
-- Up-to-date: /usr/local/include/jaegertracing/samplers/Config.h
-- Up-to-date: /usr/local/include/jaegertracing/samplers/RemotelyControlledSampler.h
-- Up-to-date: /usr/local/include/jaegertracing/samplers/Sampler.h
-- Up-to-date: /usr/local/include/jaegertracing/samplers/ConstSampler.h
-- Up-to-date: /usr/local/include/jaegertracing/samplers/GuaranteedThroughputProbabilisticSampler.h
-- Up-to-date: /usr/local/include/jaegertracing/samplers/RateLimitingSampler.h
-- Up-to-date: /usr/local/include/jaegertracing/net
-- Up-to-date: /usr/local/include/jaegertracing/net/Socket.h
-- Up-to-date: /usr/local/include/jaegertracing/net/URI.h
-- Up-to-date: /usr/local/include/jaegertracing/net/http
-- Up-to-date: /usr/local/include/jaegertracing/net/http/Method.h
-- Up-to-date: /usr/local/include/jaegertracing/net/http/Error.h
-- Up-to-date: /usr/local/include/jaegertracing/net/http/Response.h
-- Up-to-date: /usr/local/include/jaegertracing/net/http/Request.h
-- Up-to-date: /usr/local/include/jaegertracing/net/http/Header.h
-- Up-to-date: /usr/local/include/jaegertracing/net/IPAddress.h
-- Up-to-date: /usr/local/include/jaegertracing/propagation
-- Up-to-date: /usr/local/include/jaegertracing/propagation/Injector.h
-- Up-to-date: /usr/local/include/jaegertracing/propagation/Extractor.h
-- Up-to-date: /usr/local/include/jaegertracing/propagation/Propagator.h
-- Up-to-date: /usr/local/include/jaegertracing/propagation/HeadersConfig.h
-- Up-to-date: /usr/local/include/jaegertracing/Reference.h
-- Installing: /usr/local/include/jaegertracing/Constants.h
-- Installing: /usr/local/lib/cmake/jaegertracing/jaegertracingConfig.cmake
-- Installing: /usr/local/lib/cmake/jaegertracing/jaegertracingConfigVersion.cmake
-- Old export file "/usr/local/lib/cmake/jaegertracing/jaegertracingTargets.cmake" will be replaced.  Removing files [/usr/local/lib/cmake/jaegertracing/jaegertracingTargets-release.cmake].
-- Installing: /usr/local/lib/cmake/jaegertracing/jaegertracingTargets.cmake
-- Installing: /usr/local/lib/cmake/jaegertracing/jaegertracingTargets-relwithdebinfo.cmake
