-- Install configuration: "RelWithDebInfo"
-- Up-to-date: /usr/local/share/mongo-c-driver/COPYING
-- Up-to-date: /usr/local/share/mongo-c-driver/NEWS
-- Up-to-date: /usr/local/share/mongo-c-driver/README.rst
-- Up-to-date: /usr/local/share/mongo-c-driver/THIRD_PARTY_NOTICES
-- Installing: /usr/local/lib/libbson-1.0.so.0.0.0
-- Up-to-date: /usr/local/lib/libbson-1.0.so.0
-- Up-to-date: /usr/local/lib/libbson-1.0.so
-- Installing: /usr/local/lib/libbson-static-1.0.a
-- Installing: /usr/local/include/libbson-1.0/bson/bson-config.h
-- Installing: /usr/local/include/libbson-1.0/bson/bson-version.h
-- Up-to-date: /usr/local/include/libbson-1.0/bson/bcon.h
-- Up-to-date: /usr/local/include/libbson-1.0/bson/bson-atomic.h
-- Up-to-date: /usr/local/include/libbson-1.0/bson/bson-clock.h
-- Up-to-date: /usr/local/include/libbson-1.0/bson/bson-compat.h
-- Up-to-date: /usr/local/include/libbson-1.0/bson/bson-context.h
-- Up-to-date: /usr/local/include/libbson-1.0/bson/bson-decimal128.h
-- Up-to-date: /usr/local/include/libbson-1.0/bson/bson-endian.h
-- Up-to-date: /usr/local/include/libbson-1.0/bson/bson-error.h
-- Up-to-date: /usr/local/include/libbson-1.0/bson/bson.h
-- Up-to-date: /usr/local/include/libbson-1.0/bson/bson-iter.h
-- Up-to-date: /usr/local/include/libbson-1.0/bson/bson-json.h
-- Up-to-date: /usr/local/include/libbson-1.0/bson/bson-keys.h
-- Up-to-date: /usr/local/include/libbson-1.0/bson/bson-macros.h
-- Up-to-date: /usr/local/include/libbson-1.0/bson/bson-md5.h
-- Up-to-date: /usr/local/include/libbson-1.0/bson/bson-memory.h
-- Up-to-date: /usr/local/include/libbson-1.0/bson/bson-oid.h
-- Up-to-date: /usr/local/include/libbson-1.0/bson/bson-prelude.h
-- Up-to-date: /usr/local/include/libbson-1.0/bson/bson-reader.h
-- Up-to-date: /usr/local/include/libbson-1.0/bson/bson-string.h
-- Up-to-date: /usr/local/include/libbson-1.0/bson/bson-types.h
-- Up-to-date: /usr/local/include/libbson-1.0/bson/bson-utf8.h
-- Up-to-date: /usr/local/include/libbson-1.0/bson/bson-value.h
-- Up-to-date: /usr/local/include/libbson-1.0/bson/bson-version-functions.h
-- Up-to-date: /usr/local/include/libbson-1.0/bson/bson-writer.h
-- Up-to-date: /usr/local/include/libbson-1.0/bson.h
-- Installing: /usr/local/lib/pkgconfig/libbson-1.0.pc
-- Installing: /usr/local/lib/pkgconfig/libbson-static-1.0.pc
-- Installing: /usr/local/lib/cmake/libbson-1.0/libbson-1.0-config.cmake
-- Installing: /usr/local/lib/cmake/libbson-1.0/libbson-1.0-config-version.cmake
-- Installing: /usr/local/lib/cmake/libbson-static-1.0/libbson-static-1.0-config.cmake
-- Installing: /usr/local/lib/cmake/libbson-static-1.0/libbson-static-1.0-config-version.cmake
-- Installing: /usr/local/lib/libmongoc-1.0.so.0.0.0
-- Up-to-date: /usr/local/lib/libmongoc-1.0.so.0
-- Set runtime path of "/usr/local/lib/libmongoc-1.0.so.0.0.0" to ""
-- Up-to-date: /usr/local/lib/libmongoc-1.0.so
-- Up-to-date: /usr/local/lib/libmongoc-1.0.so.0.0.0
-- Up-to-date: /usr/local/lib/libmongoc-1.0.so.0
-- Up-to-date: /usr/local/lib/libmongoc-1.0.so
-- Installing: /usr/local/lib/libmongoc-static-1.0.a
-- Installing: /usr/local/include/libmongoc-1.0/mongoc/mongoc-config.h
-- Installing: /usr/local/include/libmongoc-1.0/mongoc/mongoc-version.h
-- Up-to-date: /usr/local/include/libmongoc-1.0/mongoc/mongoc.h
-- Up-to-date: /usr/local/include/libmongoc-1.0/mongoc/mongoc-apm.h
-- Up-to-date: /usr/local/include/libmongoc-1.0/mongoc/mongoc-bulk-operation.h
-- Up-to-date: /usr/local/include/libmongoc-1.0/mongoc/mongoc-change-stream.h
-- Up-to-date: /usr/local/include/libmongoc-1.0/mongoc/mongoc-client.h
-- Up-to-date: /usr/local/include/libmongoc-1.0/mongoc/mongoc-client-pool.h
-- Up-to-date: /usr/local/include/libmongoc-1.0/mongoc/mongoc-collection.h
-- Up-to-date: /usr/local/include/libmongoc-1.0/mongoc/mongoc-cursor.h
-- Up-to-date: /usr/local/include/libmongoc-1.0/mongoc/mongoc-database.h
-- Up-to-date: /usr/local/include/libmongoc-1.0/mongoc/mongoc-error.h
-- Up-to-date: /usr/local/include/libmongoc-1.0/mongoc/mongoc-flags.h
-- Up-to-date: /usr/local/include/libmongoc-1.0/mongoc/mongoc-find-and-modify.h
-- Up-to-date: /usr/local/include/libmongoc-1.0/mongoc/mongoc-gridfs.h
-- Up-to-date: /usr/local/include/libmongoc-1.0/mongoc/mongoc-gridfs-bucket.h
-- Up-to-date: /usr/local/include/libmongoc-1.0/mongoc/mongoc-gridfs-file.h
-- Up-to-date: /usr/local/include/libmongoc-1.0/mongoc/mongoc-gridfs-file-page.h
-- Up-to-date: /usr/local/include/libmongoc-1.0/mongoc/mongoc-gridfs-file-list.h
-- Up-to-date: /usr/local/include/libmongoc-1.0/mongoc/mongoc-handshake.h
-- Up-to-date: /usr/local/include/libmongoc-1.0/mongoc/mongoc-host-list.h
-- Up-to-date: /usr/local/include/libmongoc-1.0/mongoc/mongoc-init.h
-- Up-to-date: /usr/local/include/libmongoc-1.0/mongoc/mongoc-index.h
-- Up-to-date: /usr/local/include/libmongoc-1.0/mongoc/mongoc-iovec.h
-- Up-to-date: /usr/local/include/libmongoc-1.0/mongoc/mongoc-log.h
-- Up-to-date: /usr/local/include/libmongoc-1.0/mongoc/mongoc-macros.h
-- Up-to-date: /usr/local/include/libmongoc-1.0/mongoc/mongoc-matcher.h
-- Up-to-date: /usr/local/include/libmongoc-1.0/mongoc/mongoc-opcode.h
-- Up-to-date: /usr/local/include/libmongoc-1.0/mongoc/mongoc-prelude.h
-- Up-to-date: /usr/local/include/libmongoc-1.0/mongoc/mongoc-read-concern.h
-- Up-to-date: /usr/local/include/libmongoc-1.0/mongoc/mongoc-read-prefs.h
-- Up-to-date: /usr/local/include/libmongoc-1.0/mongoc/mongoc-server-description.h
-- Up-to-date: /usr/local/include/libmongoc-1.0/mongoc/mongoc-client-session.h
-- Up-to-date: /usr/local/include/libmongoc-1.0/mongoc/mongoc-socket.h
-- Up-to-date: /usr/local/include/libmongoc-1.0/mongoc/mongoc-stream-tls-libressl.h
-- Up-to-date: /usr/local/include/libmongoc-1.0/mongoc/mongoc-stream-tls-openssl.h
-- Up-to-date: /usr/local/include/libmongoc-1.0/mongoc/mongoc-stream.h
-- Up-to-date: /usr/local/include/libmongoc-1.0/mongoc/mongoc-stream-buffered.h
-- Up-to-date: /usr/local/include/libmongoc-1.0/mongoc/mongoc-stream-file.h
-- Up-to-date: /usr/local/include/libmongoc-1.0/mongoc/mongoc-stream-gridfs.h
-- Up-to-date: /usr/local/include/libmongoc-1.0/mongoc/mongoc-stream-socket.h
-- Up-to-date: /usr/local/include/libmongoc-1.0/mongoc/mongoc-topology-description.h
-- Up-to-date: /usr/local/include/libmongoc-1.0/mongoc/mongoc-uri.h
-- Up-to-date: /usr/local/include/libmongoc-1.0/mongoc/mongoc-version-functions.h
-- Up-to-date: /usr/local/include/libmongoc-1.0/mongoc/mongoc-write-concern.h
-- Up-to-date: /usr/local/include/libmongoc-1.0/mongoc/mongoc-rand.h
-- Up-to-date: /usr/local/include/libmongoc-1.0/mongoc/mongoc-stream-tls.h
-- Up-to-date: /usr/local/include/libmongoc-1.0/mongoc/mongoc-ssl.h
-- Up-to-date: /usr/local/include/libmongoc-1.0/mongoc.h
-- Installing: /usr/local/lib/pkgconfig/libmongoc-1.0.pc
-- Installing: /usr/local/lib/pkgconfig/libmongoc-static-1.0.pc
-- Installing: /usr/local/lib/pkgconfig/libmongoc-ssl-1.0.pc
-- Installing: /usr/local/lib/cmake/libmongoc-1.0/libmongoc-1.0-config.cmake
-- Installing: /usr/local/lib/cmake/libmongoc-1.0/libmongoc-1.0-config-version.cmake
-- Installing: /usr/local/lib/cmake/libmongoc-static-1.0/libmongoc-static-1.0-config.cmake
-- Installing: /usr/local/lib/cmake/libmongoc-static-1.0/libmongoc-static-1.0-config-version.cmake
-- Installing: /usr/local/share/mongo-c-driver/uninstall.sh
