-- Install configuration: "RelWithDebInfo"
-- Installing: /usr/local/lib/libyaml-cpp.a
-- Up-to-date: /usr/local/include/yaml-cpp
-- Up-to-date: /usr/local/include/yaml-cpp/null.h
-- Up-to-date: /usr/local/include/yaml-cpp/anchor.h
-- Up-to-date: /usr/local/include/yaml-cpp/emitterdef.h
-- Up-to-date: /usr/local/include/yaml-cpp/emitter.h
-- Up-to-date: /usr/local/include/yaml-cpp/dll.h
-- Up-to-date: /usr/local/include/yaml-cpp/eventhandler.h
-- Up-to-date: /usr/local/include/yaml-cpp/traits.h
-- Up-to-date: /usr/local/include/yaml-cpp/emittermanip.h
-- Up-to-date: /usr/local/include/yaml-cpp/emitterstyle.h
-- Up-to-date: /usr/local/include/yaml-cpp/ostream_wrapper.h
-- Up-to-date: /usr/local/include/yaml-cpp/mark.h
-- Up-to-date: /usr/local/include/yaml-cpp/contrib
-- Up-to-date: /usr/local/include/yaml-cpp/contrib/anchordict.h
-- Up-to-date: /usr/local/include/yaml-cpp/contrib/graphbuilder.h
-- Up-to-date: /usr/local/include/yaml-cpp/yaml.h
-- Up-to-date: /usr/local/include/yaml-cpp/stlemitter.h
-- Up-to-date: /usr/local/include/yaml-cpp/node
-- Up-to-date: /usr/local/include/yaml-cpp/node/convert.h
-- Up-to-date: /usr/local/include/yaml-cpp/node/emit.h
-- Up-to-date: /usr/local/include/yaml-cpp/node/parse.h
-- Up-to-date: /usr/local/include/yaml-cpp/node/iterator.h
-- Up-to-date: /usr/local/include/yaml-cpp/node/ptr.h
-- Up-to-date: /usr/local/include/yaml-cpp/node/impl.h
-- Up-to-date: /usr/local/include/yaml-cpp/node/node.h
-- Up-to-date: /usr/local/include/yaml-cpp/node/type.h
-- Up-to-date: /usr/local/include/yaml-cpp/node/detail
-- Up-to-date: /usr/local/include/yaml-cpp/node/detail/node_iterator.h
-- Up-to-date: /usr/local/include/yaml-cpp/node/detail/iterator.h
-- Up-to-date: /usr/local/include/yaml-cpp/node/detail/node_data.h
-- Up-to-date: /usr/local/include/yaml-cpp/node/detail/node_ref.h
-- Up-to-date: /usr/local/include/yaml-cpp/node/detail/memory.h
-- Up-to-date: /usr/local/include/yaml-cpp/node/detail/iterator_fwd.h
-- Up-to-date: /usr/local/include/yaml-cpp/node/detail/impl.h
-- Up-to-date: /usr/local/include/yaml-cpp/node/detail/node.h
-- Up-to-date: /usr/local/include/yaml-cpp/node/detail/bool_type.h
-- Up-to-date: /usr/local/include/yaml-cpp/exceptions.h
-- Up-to-date: /usr/local/include/yaml-cpp/emitfromevents.h
-- Up-to-date: /usr/local/include/yaml-cpp/binary.h
-- Up-to-date: /usr/local/include/yaml-cpp/parser.h
-- Up-to-date: /usr/local/include/yaml-cpp/noncopyable.h
-- Installing: /usr/local/lib/cmake/yaml-cpp/yaml-cpp-config.cmake
-- Installing: /usr/local/lib/cmake/yaml-cpp/yaml-cpp-config-version.cmake
-- Installing: /usr/local/lib/cmake/yaml-cpp/yaml-cpp-targets.cmake
-- Installing: /usr/local/lib/cmake/yaml-cpp/yaml-cpp-targets-relwithdebinfo.cmake
-- Installing: /usr/local/lib/pkgconfig/yaml-cpp.pc
