[2026-08-21 02:54:24] assign pid=2675265 tid=2675265 comm=LeafNodeRank.se core=8
[2026-08-21 02:54:24] CORRECT repin pid=2675265 tid=2675265 from=8-39 to=8
[2026-08-21 02:54:24] assign pid=2675265 tid=2675274 comm=FutureTimekeepr core=9
[2026-08-21 02:54:24] CORRECT repin pid=2675265 tid=2675274 from=8-39 to=9
[2026-08-21 02:54:24] assign pid=2675265 tid=2675275 comm=LeafNodeRank.se core=10
[2026-08-21 02:54:24] CORRECT repin pid=2675265 tid=2675275 from=8-39 to=10
[2026-08-21 02:54:24] assign pid=2675265 tid=2675276 comm=LeafNodeRank.se core=11
[2026-08-21 02:54:24] CORRECT repin pid=2675265 tid=2675276 from=8-39 to=11
[2026-08-21 02:54:32] assign pid=2675265 tid=2679442 comm=CPUThreadPool0 core=12
[2026-08-21 02:54:32] CORRECT repin pid=2675265 tid=2679442 from=10 to=12
[2026-08-21 02:54:32] assign pid=2675265 tid=2679443 comm=CPUThreadPool1 core=13
[2026-08-21 02:54:32] CORRECT repin pid=2675265 tid=2679443 from=10 to=13
[2026-08-21 02:54:32] assign pid=2675265 tid=2679604 comm=IOThreadPool0 core=14
[2026-08-21 02:54:32] CORRECT repin pid=2675265 tid=2679604 from=9 to=14
[2026-08-21 02:54:32] assign pid=2675265 tid=2679605 comm=srvIOThread0 core=15
[2026-08-21 02:54:32] CORRECT repin pid=2675265 tid=2679605 from=10 to=15
[2026-08-21 02:54:32] assign pid=2675265 tid=2679606 comm=srvIOThread1 core=16
[2026-08-21 02:54:32] CORRECT repin pid=2675265 tid=2679606 from=10 to=16
[2026-08-21 02:54:33] assign pid=2675265 tid=2679678 comm=srvCPUThread0 core=17
[2026-08-21 02:54:33] CORRECT repin pid=2675265 tid=2679678 from=10 to=17
[2026-08-21 02:54:33] assign pid=2675265 tid=2679680 comm=srvCPUThread1 core=18
[2026-08-21 02:54:33] CORRECT repin pid=2675265 tid=2679680 from=10 to=18
[2026-08-21 02:59:49] WARN taskset-raced-thread-exit pid=2675265 tid=2675275 core=10
