-- Install configuration: "RelWithDebInfo"
-- Installing: /usr/local/lib/libthrift.a
-- Installing: /usr/local/lib/libthriftnb.a
-- Installing: /usr/local/lib/libthriftz.a
-- Up-to-date: /usr/local/include/thrift
-- Up-to-date: /usr/local/include/thrift/TToString.h
-- Up-to-date: /usr/local/include/thrift/Thrift.h
-- Up-to-date: /usr/local/include/thrift/TBase.h
-- Up-to-date: /usr/local/include/thrift/TLogging.h
-- Up-to-date: /usr/local/include/thrift/server
-- Up-to-date: /usr/local/include/thrift/server/TNonblockingServer.h
-- Up-to-date: /usr/local/include/thrift/server/TThreadedServer.h
-- Up-to-date: /usr/local/include/thrift/server/TSimpleServer.h
-- Up-to-date: /usr/local/include/thrift/server/TServer.h
-- Up-to-date: /usr/local/include/thrift/server/TServerFramework.h
-- Up-to-date: /usr/local/include/thrift/server/TThreadPoolServer.h
-- Up-to-date: /usr/local/include/thrift/server/TConnectedClient.h
-- Up-to-date: /usr/local/include/thrift/TDispatchProcessor.h
-- Up-to-date: /usr/local/include/thrift/processor
-- Up-to-date: /usr/local/include/thrift/processor/PeekProcessor.h
-- Up-to-date: /usr/local/include/thrift/processor/TMultiplexedProcessor.h
-- Up-to-date: /usr/local/include/thrift/processor/StatsProcessor.h
-- Up-to-date: /usr/local/include/thrift/thrift-config.h
-- Up-to-date: /usr/local/include/thrift/stdcxx.h
-- Up-to-date: /usr/local/include/thrift/TOutput.h
-- Up-to-date: /usr/local/include/thrift/protocol
-- Up-to-date: /usr/local/include/thrift/protocol/TProtocolTypes.h
-- Up-to-date: /usr/local/include/thrift/protocol/TBinaryProtocol.tcc
-- Up-to-date: /usr/local/include/thrift/protocol/TProtocolTap.h
-- Up-to-date: /usr/local/include/thrift/protocol/TBinaryProtocol.h
-- Up-to-date: /usr/local/include/thrift/protocol/TJSONProtocol.h
-- Up-to-date: /usr/local/include/thrift/protocol/TDebugProtocol.h
-- Up-to-date: /usr/local/include/thrift/protocol/TCompactProtocol.tcc
-- Up-to-date: /usr/local/include/thrift/protocol/TProtocol.h
-- Up-to-date: /usr/local/include/thrift/protocol/TProtocolException.h
-- Up-to-date: /usr/local/include/thrift/protocol/TProtocolDecorator.h
-- Up-to-date: /usr/local/include/thrift/protocol/TMultiplexedProtocol.h
-- Up-to-date: /usr/local/include/thrift/protocol/TCompactProtocol.h
-- Up-to-date: /usr/local/include/thrift/protocol/THeaderProtocol.h
-- Up-to-date: /usr/local/include/thrift/protocol/TVirtualProtocol.h
-- Up-to-date: /usr/local/include/thrift/protocol/TBase64Utils.h
-- Up-to-date: /usr/local/include/thrift/concurrency
-- Up-to-date: /usr/local/include/thrift/concurrency/PosixThreadFactory.h
-- Up-to-date: /usr/local/include/thrift/concurrency/Thread.h
-- Up-to-date: /usr/local/include/thrift/concurrency/StdThreadFactory.h
-- Up-to-date: /usr/local/include/thrift/concurrency/Monitor.h
-- Up-to-date: /usr/local/include/thrift/concurrency/PlatformThreadFactory.h
-- Up-to-date: /usr/local/include/thrift/concurrency/Exception.h
-- Up-to-date: /usr/local/include/thrift/concurrency/BoostThreadFactory.h
-- Up-to-date: /usr/local/include/thrift/concurrency/Mutex.h
-- Up-to-date: /usr/local/include/thrift/concurrency/FunctionRunner.h
-- Up-to-date: /usr/local/include/thrift/concurrency/Util.h
-- Up-to-date: /usr/local/include/thrift/concurrency/TimerManager.h
-- Up-to-date: /usr/local/include/thrift/concurrency/ThreadManager.h
-- Up-to-date: /usr/local/include/thrift/TProcessor.h
-- Up-to-date: /usr/local/include/thrift/qt
-- Up-to-date: /usr/local/include/thrift/qt/TQIODeviceTransport.h
-- Up-to-date: /usr/local/include/thrift/qt/TQTcpServer.h
-- Up-to-date: /usr/local/include/thrift/transport
-- Up-to-date: /usr/local/include/thrift/transport/TPipe.h
-- Up-to-date: /usr/local/include/thrift/transport/TZlibTransport.h
-- Up-to-date: /usr/local/include/thrift/transport/TSSLSocket.h
-- Up-to-date: /usr/local/include/thrift/transport/TFileTransport.h
-- Up-to-date: /usr/local/include/thrift/transport/PlatformSocket.h
-- Up-to-date: /usr/local/include/thrift/transport/TShortReadTransport.h
-- Up-to-date: /usr/local/include/thrift/transport/TVirtualTransport.h
-- Up-to-date: /usr/local/include/thrift/transport/TServerSocket.h
-- Up-to-date: /usr/local/include/thrift/transport/TTransportUtils.h
-- Up-to-date: /usr/local/include/thrift/transport/TSocketPool.h
-- Up-to-date: /usr/local/include/thrift/transport/TBufferTransports.h
-- Up-to-date: /usr/local/include/thrift/transport/TFDTransport.h
-- Up-to-date: /usr/local/include/thrift/transport/TNonblockingServerTransport.h
-- Up-to-date: /usr/local/include/thrift/transport/TNonblockingServerSocket.h
-- Up-to-date: /usr/local/include/thrift/transport/TSimpleFileTransport.h
-- Up-to-date: /usr/local/include/thrift/transport/TTransport.h
-- Up-to-date: /usr/local/include/thrift/transport/TPipeServer.h
-- Up-to-date: /usr/local/include/thrift/transport/TServerTransport.h
-- Up-to-date: /usr/local/include/thrift/transport/THttpClient.h
-- Up-to-date: /usr/local/include/thrift/transport/THeaderTransport.h
-- Up-to-date: /usr/local/include/thrift/transport/TTransportException.h
-- Up-to-date: /usr/local/include/thrift/transport/THttpTransport.h
-- Up-to-date: /usr/local/include/thrift/transport/THttpServer.h
-- Up-to-date: /usr/local/include/thrift/transport/TNonblockingSSLServerSocket.h
-- Up-to-date: /usr/local/include/thrift/transport/TSocket.h
-- Up-to-date: /usr/local/include/thrift/transport/TSSLServerSocket.h
-- Up-to-date: /usr/local/include/thrift/windows
-- Up-to-date: /usr/local/include/thrift/windows/Operators.h
-- Up-to-date: /usr/local/include/thrift/windows/Sync.h
-- Up-to-date: /usr/local/include/thrift/windows/GetTimeOfDay.h
-- Up-to-date: /usr/local/include/thrift/windows/SocketPair.h
-- Up-to-date: /usr/local/include/thrift/windows/TWinsockSingleton.h
-- Up-to-date: /usr/local/include/thrift/windows/OverlappedSubmissionThread.h
-- Up-to-date: /usr/local/include/thrift/windows/config.h
-- Up-to-date: /usr/local/include/thrift/windows/WinFcntl.h
-- Up-to-date: /usr/local/include/thrift/TApplicationException.h
-- Up-to-date: /usr/local/include/thrift/async
-- Up-to-date: /usr/local/include/thrift/async/TEvhttpServer.h
-- Up-to-date: /usr/local/include/thrift/async/TAsyncProtocolProcessor.h
-- Up-to-date: /usr/local/include/thrift/async/TAsyncDispatchProcessor.h
-- Up-to-date: /usr/local/include/thrift/async/TEvhttpClientChannel.h
-- Up-to-date: /usr/local/include/thrift/async/TAsyncProcessor.h
-- Up-to-date: /usr/local/include/thrift/async/TAsyncChannel.h
-- Up-to-date: /usr/local/include/thrift/async/TConcurrentClientSyncInfo.h
-- Up-to-date: /usr/local/include/thrift/async/TAsyncBufferProcessor.h
-- Up-to-date: /usr/local/include/thrift
-- Installing: /usr/local/include/thrift/config.h
