[2026-08-21 02:48:56] assign pid=2466400 tid=2466400 comm=LeafNodeRank.se core=8
[2026-08-21 02:48:56] CORRECT repin pid=2466400 tid=2466400 from=8-39 to=8
[2026-08-21 02:48:56] assign pid=2466400 tid=2466409 comm=FutureTimekeepr core=9
[2026-08-21 02:48:56] CORRECT repin pid=2466400 tid=2466409 from=8-39 to=9
[2026-08-21 02:48:56] assign pid=2466400 tid=2466410 comm=LeafNodeRank.se core=10
[2026-08-21 02:48:56] CORRECT repin pid=2466400 tid=2466410 from=8-39 to=10
[2026-08-21 02:48:56] assign pid=2466400 tid=2466411 comm=LeafNodeRank.se core=11
[2026-08-21 02:48:56] CORRECT repin pid=2466400 tid=2466411 from=8-39 to=11
[2026-08-21 02:49:04] assign pid=2466400 tid=2470423 comm=CPUThreadPool0 core=12
[2026-08-21 02:49:04] CORRECT repin pid=2466400 tid=2470423 from=11 to=12
[2026-08-21 02:49:04] assign pid=2466400 tid=2470424 comm=CPUThreadPool1 core=13
[2026-08-21 02:49:04] CORRECT repin pid=2466400 tid=2470424 from=11 to=13
[2026-08-21 02:49:04] assign pid=2466400 tid=2470585 comm=IOThreadPool0 core=14
[2026-08-21 02:49:04] CORRECT repin pid=2466400 tid=2470585 from=9 to=14
[2026-08-21 02:49:04] assign pid=2466400 tid=2470586 comm=srvIOThread0 core=15
[2026-08-21 02:49:04] CORRECT repin pid=2466400 tid=2470586 from=11 to=15
[2026-08-21 02:49:04] assign pid=2466400 tid=2470587 comm=srvIOThread1 core=16
[2026-08-21 02:49:04] CORRECT repin pid=2466400 tid=2470587 from=11 to=16
[2026-08-21 02:49:05] assign pid=2466400 tid=2470657 comm=srvCPUThread0 core=17
[2026-08-21 02:49:05] CORRECT repin pid=2466400 tid=2470657 from=11 to=17
[2026-08-21 02:49:05] assign pid=2466400 tid=2470658 comm=srvCPUThread1 core=18
[2026-08-21 02:49:05] CORRECT repin pid=2466400 tid=2470658 from=10 to=18
