[2026-08-21 02:38:06] assign pid=2051260 tid=2051260 comm=LeafNodeRank.se core=8
[2026-08-21 02:38:06] CORRECT repin pid=2051260 tid=2051260 from=8-39 to=8
[2026-08-21 02:38:06] assign pid=2051260 tid=2051275 comm=FutureTimekeepr core=9
[2026-08-21 02:38:06] CORRECT repin pid=2051260 tid=2051275 from=8-39 to=9
[2026-08-21 02:38:06] assign pid=2051260 tid=2051276 comm=LeafNodeRank.se core=10
[2026-08-21 02:38:06] CORRECT repin pid=2051260 tid=2051276 from=8-39 to=10
[2026-08-21 02:38:06] assign pid=2051260 tid=2051277 comm=LeafNodeRank.se core=11
[2026-08-21 02:38:06] CORRECT repin pid=2051260 tid=2051277 from=8-39 to=11
[2026-08-21 02:38:14] assign pid=2051260 tid=2055289 comm=CPUThreadPool0 core=12
[2026-08-21 02:38:14] CORRECT repin pid=2051260 tid=2055289 from=11 to=12
[2026-08-21 02:38:14] assign pid=2051260 tid=2055290 comm=CPUThreadPool1 core=13
[2026-08-21 02:38:14] CORRECT repin pid=2051260 tid=2055290 from=10 to=13
[2026-08-21 02:38:14] assign pid=2051260 tid=2055451 comm=IOThreadPool0 core=14
[2026-08-21 02:38:14] CORRECT repin pid=2051260 tid=2055451 from=9 to=14
[2026-08-21 02:38:14] assign pid=2051260 tid=2055452 comm=srvIOThread0 core=15
[2026-08-21 02:38:14] CORRECT repin pid=2051260 tid=2055452 from=11 to=15
[2026-08-21 02:38:14] assign pid=2051260 tid=2055453 comm=srvIOThread1 core=16
[2026-08-21 02:38:14] CORRECT repin pid=2051260 tid=2055453 from=11 to=16
[2026-08-21 02:38:15] assign pid=2051260 tid=2055529 comm=srvCPUThread0 core=17
[2026-08-21 02:38:15] CORRECT repin pid=2051260 tid=2055529 from=11 to=17
[2026-08-21 02:38:15] assign pid=2051260 tid=2055530 comm=srvCPUThread1 core=18
[2026-08-21 02:38:15] CORRECT repin pid=2051260 tid=2055530 from=11 to=18
[2026-08-21 02:43:28] WARN taskset-raced-thread-exit pid=2051260 tid=2051277 core=11
[2026-08-21 02:43:28] WARN taskset-raced-thread-exit pid=2051260 tid=2051275 core=9
[2026-08-21 02:43:28] WARN taskset-raced-thread-exit pid=2051260 tid=2055289 core=12
