[  1%] Building CXX object CMakeFiles/jaegertracing-static.dir/src/jaegertracing/Span.cpp.o
[  2%] Building CXX object CMakeFiles/jaegertracing-static.dir/src/jaegertracing/Tag.cpp.o
[  3%] Building CXX object CMakeFiles/jaegertracing-static.dir/src/jaegertracing/DynamicLoad.cpp.o
[  4%] Building CXX object CMakeFiles/jaegertracing-static.dir/src/jaegertracing/TracerFactory.cpp.o
[  5%] Building CXX object CMakeFiles/jaegertracing-static.dir/src/jaegertracing/LogRecord.cpp.o
[  7%] Building CXX object CMakeFiles/jaegertracing-static.dir/src/jaegertracing/Transport.cpp.o
[  7%] Building CXX object CMakeFiles/jaegertracing-static.dir/src/jaegertracing/Config.cpp.o
[  8%] Building CXX object CMakeFiles/jaegertracing-static.dir/src/jaegertracing/Reference.cpp.o
[  9%] Building CXX object CMakeFiles/jaegertracing-static.dir/src/jaegertracing/Logging.cpp.o
[ 10%] Building CXX object CMakeFiles/jaegertracing-static.dir/src/jaegertracing/SpanContext.cpp.o
[ 12%] Building CXX object CMakeFiles/jaegertracing-static.dir/src/jaegertracing/TraceID.cpp.o
[ 13%] Building CXX object CMakeFiles/jaegertracing-static.dir/src/jaegertracing/UDPTransport.cpp.o
[ 14%] Building CXX object CMakeFiles/jaegertracing-static.dir/src/jaegertracing/baggage/RemoteRestrictionJSON.cpp.o
[ 15%] Building CXX object CMakeFiles/jaegertracing-static.dir/src/jaegertracing/baggage/RemoteRestrictionManager.cpp.o
[ 16%] Building CXX object CMakeFiles/jaegertracing-static.dir/src/jaegertracing/baggage/BaggageSetter.cpp.o
[ 17%] Building CXX object CMakeFiles/jaegertracing-static.dir/src/jaegertracing/Tracer.cpp.o
prefetchit-dominator: functions=0 edges=0 calls=0 indirect=0 continuations=0 caller_targets=0 short_lead=0 skipped_eh=0 groups=0 hints=0 gate=0
prefetchit-dominator-lean: budget_skipped=0 duplicate_targets=0 window=0
prefetchit-dominator-profile: placement=24,600,8,0,0,1,0,0,4,0,0,callee=1,profile=22C67FBA7D3C0FF7,indirect=0,direct_pic=1 module=B2D03A24D3321753 removed=0 metadata=1
prefetchit-dominator-callees: only=1 profiled=711 skipped=0
[ 18%] Building CXX object CMakeFiles/jaegertracing-static.dir/src/jaegertracing/baggage/Restriction.cpp.o
prefetchit-dominator: functions=0 edges=0 calls=0 indirect=0 continuations=0 caller_targets=0 short_lead=0 skipped_eh=0 groups=0 hints=0 gate=0
prefetchit-dominator-lean: budget_skipped=0 duplicate_targets=0 window=0
prefetchit-dominator-profile: placement=24,600,8,0,0,1,0,0,4,0,0,callee=1,profile=22C67FBA7D3C0FF7,indirect=0,direct_pic=1 module=5CE1C83F2B21C99 removed=0 metadata=1
prefetchit-dominator-callees: only=1 profiled=711 skipped=0
[ 19%] Building CXX object CMakeFiles/jaegertracing-static.dir/src/jaegertracing/baggage/RestrictionManager.cpp.o
prefetchit-dominator: functions=10 edges=0 calls=10 indirect=0 continuations=0 caller_targets=0 short_lead=10 skipped_eh=0 groups=6 hints=6 gate=0
prefetchit-dominator-lean: budget_skipped=0 duplicate_targets=0 window=0
prefetchit-dominator-profile: placement=24,600,8,0,0,1,0,0,4,0,0,callee=1,profile=22C67FBA7D3C0FF7,indirect=0,direct_pic=1 module=6A02B8918449D05F removed=0 metadata=1
prefetchit-dominator-callees: only=1 profiled=711 skipped=2
[ 20%] Building CXX object CMakeFiles/jaegertracing-static.dir/src/jaegertracing/baggage/RestrictionsConfig.cpp.o
prefetchit-dominator: functions=3 edges=0 calls=13 indirect=0 continuations=0 caller_targets=0 short_lead=4 skipped_eh=0 groups=2 hints=7 gate=0
prefetchit-dominator-lean: budget_skipped=0 duplicate_targets=4 window=0
prefetchit-dominator-profile: placement=24,600,8,0,0,1,0,0,4,0,0,callee=1,profile=22C67FBA7D3C0FF7,indirect=0,direct_pic=1 module=EF8E44710188A1AE removed=0 metadata=1
prefetchit-dominator-callees: only=1 profiled=711 skipped=5
prefetchit-dominator: functions=0 edges=0 calls=0 indirect=0 continuations=0 caller_targets=0 short_lead=0 skipped_eh=0 groups=0 hints=0 gate=0
prefetchit-dominator-lean: budget_skipped=0 duplicate_targets=0 window=0
prefetchit-dominator-profile: placement=24,600,8,0,0,1,0,0,4,0,0,callee=1,profile=22C67FBA7D3C0FF7,indirect=0,direct_pic=1 module=9C8550F440563CB6 removed=0 metadata=1
prefetchit-dominator-callees: only=1 profiled=711 skipped=0
[ 21%] Building CXX object CMakeFiles/jaegertracing-static.dir/src/jaegertracing/metrics/Counter.cpp.o
[ 23%] Building CXX object CMakeFiles/jaegertracing-static.dir/src/jaegertracing/metrics/Gauge.cpp.o
prefetchit-dominator: functions=0 edges=0 calls=0 indirect=0 continuations=0 caller_targets=0 short_lead=0 skipped_eh=0 groups=0 hints=0 gate=0
prefetchit-dominator-lean: budget_skipped=0 duplicate_targets=0 window=0
prefetchit-dominator-profile: placement=24,600,8,0,0,1,0,0,4,0,0,callee=1,profile=22C67FBA7D3C0FF7,indirect=0,direct_pic=1 module=4FECCF1D93AFE9A8 removed=0 metadata=1
prefetchit-dominator-callees: only=1 profiled=711 skipped=0
[ 24%] Building CXX object CMakeFiles/jaegertracing-static.dir/src/jaegertracing/metrics/InMemoryStatsReporter.cpp.o
prefetchit-dominator: functions=0 edges=0 calls=0 indirect=0 continuations=0 caller_targets=0 short_lead=0 skipped_eh=0 groups=0 hints=0 gate=0
prefetchit-dominator-lean: budget_skipped=0 duplicate_targets=0 window=0
prefetchit-dominator-profile: placement=24,600,8,0,0,1,0,0,4,0,0,callee=1,profile=22C67FBA7D3C0FF7,indirect=0,direct_pic=1 module=E2F94A0ECE0A70F7 removed=0 metadata=1
prefetchit-dominator-callees: only=1 profiled=711 skipped=0
[ 25%] Building CXX object CMakeFiles/jaegertracing-static.dir/src/jaegertracing/metrics/Metric.cpp.o
prefetchit-dominator: functions=0 edges=0 calls=0 indirect=0 continuations=0 caller_targets=0 short_lead=0 skipped_eh=0 groups=0 hints=0 gate=0
prefetchit-dominator-lean: budget_skipped=0 duplicate_targets=0 window=0
prefetchit-dominator-profile: placement=24,600,8,0,0,1,0,0,4,0,0,callee=1,profile=22C67FBA7D3C0FF7,indirect=0,direct_pic=1 module=F1C4D3EAB07AFB9E removed=0 metadata=1
prefetchit-dominator-callees: only=1 profiled=711 skipped=0
[ 26%] Building CXX object CMakeFiles/jaegertracing-static.dir/src/jaegertracing/metrics/Metrics.cpp.o
prefetchit-dominator: functions=0 edges=0 calls=0 indirect=0 continuations=0 caller_targets=0 short_lead=0 skipped_eh=0 groups=0 hints=0 gate=0
prefetchit-dominator-lean: budget_skipped=0 duplicate_targets=0 window=0
prefetchit-dominator-profile: placement=24,600,8,0,0,1,0,0,4,0,0,callee=1,profile=22C67FBA7D3C0FF7,indirect=0,direct_pic=1 module=56DFD9F98BCD2652 removed=0 metadata=1
prefetchit-dominator-callees: only=1 profiled=711 skipped=0
[ 27%] Building CXX object CMakeFiles/jaegertracing-static.dir/src/jaegertracing/metrics/NullCounter.cpp.o
prefetchit-dominator: functions=14 edges=0 calls=55 indirect=0 continuations=0 caller_targets=0 short_lead=26 skipped_eh=1 groups=14 hints=23 gate=0
prefetchit-dominator-lean: budget_skipped=8 duplicate_targets=3 window=0
prefetchit-dominator-profile: placement=24,600,8,0,0,1,0,0,4,0,0,callee=1,profile=22C67FBA7D3C0FF7,indirect=0,direct_pic=1 module=60DBD6580DF5C8A9 removed=0 metadata=1
prefetchit-dominator-callees: only=1 profiled=711 skipped=33
prefetchit-dominator: functions=0 edges=0 calls=0 indirect=0 continuations=0 caller_targets=0 short_lead=0 skipped_eh=0 groups=0 hints=0 gate=0
prefetchit-dominator-lean: budget_skipped=0 duplicate_targets=0 window=0
prefetchit-dominator-profile: placement=24,600,8,0,0,1,0,0,4,0,0,callee=1,profile=22C67FBA7D3C0FF7,indirect=0,direct_pic=1 module=4830E6CF3F4FF8F7 removed=0 metadata=1
prefetchit-dominator-callees: only=1 profiled=711 skipped=0
[ 28%] Building CXX object CMakeFiles/jaegertracing-static.dir/src/jaegertracing/metrics/NullGauge.cpp.o
prefetchit-dominator: functions=0 edges=0 calls=0 indirect=0 continuations=0 caller_targets=0 short_lead=0 skipped_eh=0 groups=0 hints=0 gate=0
prefetchit-dominator-lean: budget_skipped=0 duplicate_targets=0 window=0
prefetchit-dominator-profile: placement=24,600,8,0,0,1,0,0,4,0,0,callee=1,profile=22C67FBA7D3C0FF7,indirect=0,direct_pic=1 module=FFE065FC20B90715 removed=0 metadata=1
prefetchit-dominator-callees: only=1 profiled=711 skipped=0
[ 29%] Building CXX object CMakeFiles/jaegertracing-static.dir/src/jaegertracing/metrics/NullStatsFactory.cpp.o
prefetchit-dominator: functions=0 edges=0 calls=0 indirect=0 continuations=0 caller_targets=0 short_lead=0 skipped_eh=0 groups=0 hints=0 gate=0
prefetchit-dominator-lean: budget_skipped=0 duplicate_targets=0 window=0
prefetchit-dominator-profile: placement=24,600,8,0,0,1,0,0,4,0,0,callee=1,profile=22C67FBA7D3C0FF7,indirect=0,direct_pic=1 module=18C634476113AA94 removed=0 metadata=1
prefetchit-dominator-callees: only=1 profiled=711 skipped=0
[ 30%] Building CXX object CMakeFiles/jaegertracing-static.dir/src/jaegertracing/metrics/NullStatsReporter.cpp.o
[ 31%] Building CXX object CMakeFiles/jaegertracing-static.dir/src/jaegertracing/metrics/NullTimer.cpp.o
prefetchit-dominator: functions=0 edges=0 calls=0 indirect=0 continuations=0 caller_targets=0 short_lead=0 skipped_eh=0 groups=0 hints=0 gate=0
prefetchit-dominator-lean: budget_skipped=0 duplicate_targets=0 window=0
prefetchit-dominator-profile: placement=24,600,8,0,0,1,0,0,4,0,0,callee=1,profile=22C67FBA7D3C0FF7,indirect=0,direct_pic=1 module=B90E071881C508B2 removed=0 metadata=1
prefetchit-dominator-callees: only=1 profiled=711 skipped=0
prefetchit-dominator: functions=12 edges=0 calls=29 indirect=0 continuations=0 caller_targets=0 short_lead=20 skipped_eh=1 groups=9 hints=11 gate=0
prefetchit-dominator-lean: budget_skipped=0 duplicate_targets=4 window=0
prefetchit-dominator-profile: placement=24,600,8,0,0,1,0,0,4,0,0,callee=1,profile=22C67FBA7D3C0FF7,indirect=0,direct_pic=1 module=4A645E1842AF1BA2 removed=0 metadata=1
prefetchit-dominator-callees: only=1 profiled=711 skipped=27
[ 32%] Building CXX object CMakeFiles/jaegertracing-static.dir/src/jaegertracing/metrics/StatsFactory.cpp.o
prefetchit-dominator: functions=1 edges=0 calls=0 indirect=0 continuations=0 caller_targets=0 short_lead=0 skipped_eh=0 groups=0 hints=0 gate=0
prefetchit-dominator-lean: budget_skipped=0 duplicate_targets=0 window=0
prefetchit-dominator-profile: placement=24,600,8,0,0,1,0,0,4,0,0,callee=1,profile=22C67FBA7D3C0FF7,indirect=0,direct_pic=1 module=571F1385E9363453 removed=0 metadata=1
prefetchit-dominator-callees: only=1 profiled=711 skipped=7
[ 34%] Building CXX object CMakeFiles/jaegertracing-static.dir/src/jaegertracing/metrics/StatsFactoryImpl.cpp.o
prefetchit-dominator: functions=0 edges=0 calls=0 indirect=0 continuations=0 caller_targets=0 short_lead=0 skipped_eh=0 groups=0 hints=0 gate=0
prefetchit-dominator-lean: budget_skipped=0 duplicate_targets=0 window=0
prefetchit-dominator-profile: placement=24,600,8,0,0,1,0,0,4,0,0,callee=1,profile=22C67FBA7D3C0FF7,indirect=0,direct_pic=1 module=1D92413A6A0D799E removed=0 metadata=1
prefetchit-dominator-callees: only=1 profiled=711 skipped=0
[ 35%] Building CXX object CMakeFiles/jaegertracing-static.dir/src/jaegertracing/metrics/StatsReporter.cpp.o
[ 36%] Building CXX object CMakeFiles/jaegertracing-static.dir/src/jaegertracing/metrics/Timer.cpp.o
prefetchit-dominator: functions=0 edges=0 calls=0 indirect=0 continuations=0 caller_targets=0 short_lead=0 skipped_eh=0 groups=0 hints=0 gate=0
prefetchit-dominator-lean: budget_skipped=0 duplicate_targets=0 window=0
prefetchit-dominator-profile: placement=24,600,8,0,0,1,0,0,4,0,0,callee=1,profile=22C67FBA7D3C0FF7,indirect=0,direct_pic=1 module=2FD3208FFBF43EE9 removed=0 metadata=1
prefetchit-dominator-callees: only=1 profiled=711 skipped=0
[ 37%] Building CXX object CMakeFiles/jaegertracing-static.dir/src/jaegertracing/net/IPAddress.cpp.o
prefetchit-dominator: functions=0 edges=0 calls=0 indirect=0 continuations=0 caller_targets=0 short_lead=0 skipped_eh=0 groups=0 hints=0 gate=0
prefetchit-dominator-lean: budget_skipped=0 duplicate_targets=0 window=0
prefetchit-dominator-profile: placement=24,600,8,0,0,1,0,0,4,0,0,callee=1,profile=22C67FBA7D3C0FF7,indirect=0,direct_pic=1 module=1432904B3A706979 removed=0 metadata=1
prefetchit-dominator-callees: only=1 profiled=711 skipped=0
[ 38%] Building CXX object CMakeFiles/jaegertracing-static.dir/src/jaegertracing/net/Socket.cpp.o
prefetchit-dominator: functions=0 edges=0 calls=0 indirect=0 continuations=0 caller_targets=0 short_lead=0 skipped_eh=0 groups=0 hints=0 gate=0
prefetchit-dominator-lean: budget_skipped=0 duplicate_targets=0 window=0
prefetchit-dominator-profile: placement=24,600,8,0,0,1,0,0,4,0,0,callee=1,profile=22C67FBA7D3C0FF7,indirect=0,direct_pic=1 module=4F62864CB666B488 removed=0 metadata=1
prefetchit-dominator-callees: only=1 profiled=711 skipped=0
prefetchit-dominator: functions=1 edges=0 calls=0 indirect=0 continuations=0 caller_targets=0 short_lead=0 skipped_eh=0 groups=0 hints=0 gate=0
prefetchit-dominator-lean: budget_skipped=0 duplicate_targets=0 window=0
prefetchit-dominator-profile: placement=24,600,8,0,0,1,0,0,4,0,0,callee=1,profile=22C67FBA7D3C0FF7,indirect=0,direct_pic=1 module=AAD842EF00247E2E removed=0 metadata=1
prefetchit-dominator-callees: only=1 profiled=711 skipped=7
[ 39%] Building CXX object CMakeFiles/jaegertracing-static.dir/src/jaegertracing/net/URI.cpp.o
[ 40%] Building CXX object CMakeFiles/jaegertracing-static.dir/src/jaegertracing/net/http/Error.cpp.o
prefetchit-dominator: functions=0 edges=0 calls=0 indirect=0 continuations=0 caller_targets=0 short_lead=0 skipped_eh=0 groups=0 hints=0 gate=0
prefetchit-dominator-lean: budget_skipped=0 duplicate_targets=0 window=0
prefetchit-dominator-profile: placement=24,600,8,0,0,1,0,0,4,0,0,callee=1,profile=22C67FBA7D3C0FF7,indirect=0,direct_pic=1 module=4A55B4894EBDF736 removed=0 metadata=1
prefetchit-dominator-callees: only=1 profiled=711 skipped=0
[ 41%] Building CXX object CMakeFiles/jaegertracing-static.dir/src/jaegertracing/net/http/Header.cpp.o
prefetchit-dominator: functions=4 edges=0 calls=16 indirect=0 continuations=0 caller_targets=0 short_lead=4 skipped_eh=0 groups=4 hints=4 gate=0
prefetchit-dominator-lean: budget_skipped=0 duplicate_targets=0 window=0
prefetchit-dominator-profile: placement=24,600,8,0,0,1,0,0,4,0,0,callee=1,profile=22C67FBA7D3C0FF7,indirect=0,direct_pic=1 module=2BC57593F340AB19 removed=0 metadata=1
prefetchit-dominator-callees: only=1 profiled=711 skipped=6
[ 42%] Building CXX object CMakeFiles/jaegertracing-static.dir/src/jaegertracing/net/http/Method.cpp.o
prefetchit-dominator: functions=32 edges=0 calls=35 indirect=0 continuations=0 caller_targets=0 short_lead=26 skipped_eh=4 groups=19 hints=23 gate=0
prefetchit-dominator-lean: budget_skipped=0 duplicate_targets=1 window=0
prefetchit-dominator-profile: placement=24,600,8,0,0,1,0,0,4,0,0,callee=1,profile=22C67FBA7D3C0FF7,indirect=0,direct_pic=1 module=31C042C2DF0E628F removed=0 metadata=1
prefetchit-dominator-callees: only=1 profiled=711 skipped=35
prefetchit-dominator: functions=0 edges=0 calls=0 indirect=0 continuations=0 caller_targets=0 short_lead=0 skipped_eh=0 groups=0 hints=0 gate=0
prefetchit-dominator-lean: budget_skipped=0 duplicate_targets=0 window=0
prefetchit-dominator-profile: placement=24,600,8,0,0,1,0,0,4,0,0,callee=1,profile=22C67FBA7D3C0FF7,indirect=0,direct_pic=1 module=C12CF95F9C5464DD removed=0 metadata=1
prefetchit-dominator-callees: only=1 profiled=711 skipped=0
[ 43%] Building CXX object CMakeFiles/jaegertracing-static.dir/src/jaegertracing/net/http/Request.cpp.o
[ 45%] Building CXX object CMakeFiles/jaegertracing-static.dir/src/jaegertracing/net/http/Response.cpp.o
prefetchit-dominator: functions=0 edges=0 calls=0 indirect=0 continuations=0 caller_targets=0 short_lead=0 skipped_eh=0 groups=0 hints=0 gate=0
prefetchit-dominator-lean: budget_skipped=0 duplicate_targets=0 window=0
prefetchit-dominator-profile: placement=24,600,8,0,0,1,0,0,4,0,0,callee=1,profile=22C67FBA7D3C0FF7,indirect=0,direct_pic=1 module=71873A6B230A28DD removed=0 metadata=1
prefetchit-dominator-callees: only=1 profiled=711 skipped=0
[ 46%] Building CXX object CMakeFiles/jaegertracing-static.dir/src/jaegertracing/platform/Endian.cpp.o
prefetchit-dominator: functions=0 edges=0 calls=0 indirect=0 continuations=0 caller_targets=0 short_lead=0 skipped_eh=0 groups=0 hints=0 gate=0
prefetchit-dominator-lean: budget_skipped=0 duplicate_targets=0 window=0
prefetchit-dominator-profile: placement=24,600,8,0,0,1,0,0,4,0,0,callee=1,profile=22C67FBA7D3C0FF7,indirect=0,direct_pic=1 module=9C441B4001D65F5D removed=0 metadata=1
prefetchit-dominator-callees: only=1 profiled=711 skipped=0
prefetchit-dominator: functions=2 edges=0 calls=7 indirect=0 continuations=0 caller_targets=0 short_lead=7 skipped_eh=0 groups=1 hints=1 gate=0
prefetchit-dominator-lean: budget_skipped=0 duplicate_targets=0 window=0
prefetchit-dominator-profile: placement=24,600,8,0,0,1,0,0,4,0,0,callee=1,profile=22C67FBA7D3C0FF7,indirect=0,direct_pic=1 module=24E299A9790244FE removed=0 metadata=1
prefetchit-dominator-callees: only=1 profiled=711 skipped=1
[ 47%] Building CXX object CMakeFiles/jaegertracing-static.dir/src/jaegertracing/platform/Hostname.cpp.o
prefetchit-dominator: functions=10 edges=0 calls=8 indirect=0 continuations=0 caller_targets=0 short_lead=1 skipped_eh=0 groups=2 hints=5 gate=0
prefetchit-dominator-lean: budget_skipped=0 duplicate_targets=1 window=0
prefetchit-dominator-profile: placement=24,600,8,0,0,1,0,0,4,0,0,callee=1,profile=22C67FBA7D3C0FF7,indirect=0,direct_pic=1 module=39B5B89A42A3963D removed=0 metadata=1
prefetchit-dominator-callees: only=1 profiled=711 skipped=36
prefetchit-dominator: functions=0 edges=0 calls=0 indirect=0 continuations=0 caller_targets=0 short_lead=0 skipped_eh=0 groups=0 hints=0 gate=0
prefetchit-dominator-lean: budget_skipped=0 duplicate_targets=0 window=0
prefetchit-dominator-profile: placement=24,600,8,0,0,1,0,0,4,0,0,callee=1,profile=22C67FBA7D3C0FF7,indirect=0,direct_pic=1 module=8F0E78DD3DE2C301 removed=0 metadata=1
prefetchit-dominator-callees: only=1 profiled=711 skipped=0
[ 48%] Building CXX object CMakeFiles/jaegertracing-static.dir/src/jaegertracing/propagation/Extractor.cpp.o
[ 49%] Building CXX object CMakeFiles/jaegertracing-static.dir/src/jaegertracing/propagation/HeadersConfig.cpp.o
prefetchit-dominator: functions=43 edges=0 calls=256 indirect=0 continuations=0 caller_targets=0 short_lead=47 skipped_eh=5 groups=36 hints=51 gate=0
prefetchit-dominator-lean: budget_skipped=0 duplicate_targets=138 window=0
prefetchit-dominator-profile: placement=24,600,8,0,0,1,0,0,4,0,0,callee=1,profile=22C67FBA7D3C0FF7,indirect=0,direct_pic=1 module=7A345D69ED7156F5 removed=0 metadata=1
prefetchit-dominator-callees: only=1 profiled=711 skipped=224
[ 50%] Building CXX object CMakeFiles/jaegertracing-static.dir/src/jaegertracing/propagation/Injector.cpp.o
prefetchit-dominator: functions=0 edges=0 calls=0 indirect=0 continuations=0 caller_targets=0 short_lead=0 skipped_eh=0 groups=0 hints=0 gate=0
prefetchit-dominator-lean: budget_skipped=0 duplicate_targets=0 window=0
prefetchit-dominator-profile: placement=24,600,8,0,0,1,0,0,4,0,0,callee=1,profile=22C67FBA7D3C0FF7,indirect=0,direct_pic=1 module=1322DD29AB7D9FA3 removed=0 metadata=1
prefetchit-dominator-callees: only=1 profiled=711 skipped=0
[ 51%] Building CXX object CMakeFiles/jaegertracing-static.dir/src/jaegertracing/propagation/Propagator.cpp.o
[ 52%] Building CXX object CMakeFiles/jaegertracing-static.dir/src/jaegertracing/reporters/CompositeReporter.cpp.o
prefetchit-dominator: functions=1 edges=0 calls=0 indirect=0 continuations=0 caller_targets=0 short_lead=0 skipped_eh=0 groups=0 hints=0 gate=0
prefetchit-dominator-lean: budget_skipped=0 duplicate_targets=0 window=0
prefetchit-dominator-profile: placement=24,600,8,0,0,1,0,0,4,0,0,callee=1,profile=22C67FBA7D3C0FF7,indirect=0,direct_pic=1 module=3D2A631ECDA0469B removed=0 metadata=1
prefetchit-dominator-callees: only=1 profiled=711 skipped=5
[ 53%] Building CXX object CMakeFiles/jaegertracing-static.dir/src/jaegertracing/reporters/Config.cpp.o
prefetchit-dominator: functions=1 edges=0 calls=0 indirect=0 continuations=0 caller_targets=0 short_lead=0 skipped_eh=0 groups=0 hints=0 gate=0
prefetchit-dominator-lean: budget_skipped=0 duplicate_targets=0 window=0
prefetchit-dominator-profile: placement=24,600,8,0,0,1,0,0,4,0,0,callee=1,profile=22C67FBA7D3C0FF7,indirect=0,direct_pic=1 module=A45056ADBE5F52 removed=0 metadata=1
prefetchit-dominator-callees: only=1 profiled=711 skipped=7
[ 54%] Building CXX object CMakeFiles/jaegertracing-static.dir/src/jaegertracing/reporters/InMemoryReporter.cpp.o
prefetchit-dominator: functions=0 edges=0 calls=0 indirect=0 continuations=0 caller_targets=0 short_lead=0 skipped_eh=0 groups=0 hints=0 gate=0
prefetchit-dominator-lean: budget_skipped=0 duplicate_targets=0 window=0
prefetchit-dominator-profile: placement=24,600,8,0,0,1,0,0,4,0,0,callee=1,profile=22C67FBA7D3C0FF7,indirect=0,direct_pic=1 module=A883CDB0ED68782F removed=0 metadata=1
prefetchit-dominator-callees: only=1 profiled=711 skipped=0
[ 56%] Building CXX object CMakeFiles/jaegertracing-static.dir/src/jaegertracing/reporters/LoggingReporter.cpp.o
prefetchit-dominator: functions=0 edges=0 calls=0 indirect=0 continuations=0 caller_targets=0 short_lead=0 skipped_eh=0 groups=0 hints=0 gate=0
prefetchit-dominator-lean: budget_skipped=0 duplicate_targets=0 window=0
prefetchit-dominator-profile: placement=24,600,8,0,0,1,0,0,4,0,0,callee=1,profile=22C67FBA7D3C0FF7,indirect=0,direct_pic=1 module=DE524E72C6C2302A removed=0 metadata=1
prefetchit-dominator-callees: only=1 profiled=711 skipped=0
prefetchit-dominator: functions=0 edges=0 calls=0 indirect=0 continuations=0 caller_targets=0 short_lead=0 skipped_eh=0 groups=0 hints=0 gate=0
prefetchit-dominator-lean: budget_skipped=0 duplicate_targets=0 window=0
prefetchit-dominator-profile: placement=24,600,8,0,0,1,0,0,4,0,0,callee=1,profile=22C67FBA7D3C0FF7,indirect=0,direct_pic=1 module=E13D71CB6D8549D1 removed=0 metadata=1
prefetchit-dominator-callees: only=1 profiled=711 skipped=0
[ 57%] Building CXX object CMakeFiles/jaegertracing-static.dir/src/jaegertracing/reporters/NullReporter.cpp.o
[ 58%] Building CXX object CMakeFiles/jaegertracing-static.dir/src/jaegertracing/reporters/RemoteReporter.cpp.o
prefetchit-dominator: functions=1 edges=0 calls=0 indirect=0 continuations=0 caller_targets=0 short_lead=0 skipped_eh=0 groups=0 hints=0 gate=0
prefetchit-dominator-lean: budget_skipped=0 duplicate_targets=0 window=0
prefetchit-dominator-profile: placement=24,600,8,0,0,1,0,0,4,0,0,callee=1,profile=22C67FBA7D3C0FF7,indirect=0,direct_pic=1 module=795A3BD999C835D3 removed=0 metadata=1
prefetchit-dominator-callees: only=1 profiled=711 skipped=7
prefetchit-dominator: functions=0 edges=0 calls=0 indirect=0 continuations=0 caller_targets=0 short_lead=0 skipped_eh=0 groups=0 hints=0 gate=0
prefetchit-dominator-lean: budget_skipped=0 duplicate_targets=0 window=0
prefetchit-dominator-profile: placement=24,600,8,0,0,1,0,0,4,0,0,callee=1,profile=22C67FBA7D3C0FF7,indirect=0,direct_pic=1 module=50EE2869AB621B63 removed=0 metadata=1
prefetchit-dominator-callees: only=1 profiled=711 skipped=0
[ 59%] Building CXX object CMakeFiles/jaegertracing-static.dir/src/jaegertracing/reporters/Reporter.cpp.o
[ 60%] Building CXX object CMakeFiles/jaegertracing-static.dir/src/jaegertracing/samplers/AdaptiveSampler.cpp.o
prefetchit-dominator: functions=0 edges=0 calls=0 indirect=0 continuations=0 caller_targets=0 short_lead=0 skipped_eh=0 groups=0 hints=0 gate=0
prefetchit-dominator-lean: budget_skipped=0 duplicate_targets=0 window=0
prefetchit-dominator-profile: placement=24,600,8,0,0,1,0,0,4,0,0,callee=1,profile=22C67FBA7D3C0FF7,indirect=0,direct_pic=1 module=A95A460C92E4383E removed=0 metadata=1
prefetchit-dominator-callees: only=1 profiled=711 skipped=0
[ 61%] Building CXX object CMakeFiles/jaegertracing-static.dir/src/jaegertracing/samplers/Config.cpp.o
prefetchit-dominator: functions=2 edges=0 calls=1 indirect=0 continuations=0 caller_targets=0 short_lead=1 skipped_eh=0 groups=1 hints=1 gate=0
prefetchit-dominator-lean: budget_skipped=0 duplicate_targets=0 window=0
prefetchit-dominator-profile: placement=24,600,8,0,0,1,0,0,4,0,0,callee=1,profile=22C67FBA7D3C0FF7,indirect=0,direct_pic=1 module=B1A70CED76674CA7 removed=0 metadata=1
prefetchit-dominator-callees: only=1 profiled=711 skipped=14
[ 62%] Building CXX object CMakeFiles/jaegertracing-static.dir/src/jaegertracing/samplers/ConstSampler.cpp.o
prefetchit-dominator: functions=1 edges=0 calls=0 indirect=0 continuations=0 caller_targets=0 short_lead=0 skipped_eh=0 groups=0 hints=0 gate=0
prefetchit-dominator-lean: budget_skipped=0 duplicate_targets=0 window=0
prefetchit-dominator-profile: placement=24,600,8,0,0,1,0,0,4,0,0,callee=1,profile=22C67FBA7D3C0FF7,indirect=0,direct_pic=1 module=88B35E62D4F3B2E removed=0 metadata=1
prefetchit-dominator-callees: only=1 profiled=711 skipped=7
[ 63%] Building CXX object CMakeFiles/jaegertracing-static.dir/src/jaegertracing/samplers/GuaranteedThroughputProbabilisticSampler.cpp.o
prefetchit-dominator: functions=72 edges=0 calls=255 indirect=0 continuations=0 caller_targets=0 short_lead=121 skipped_eh=5 groups=80 hints=128 gate=0
prefetchit-dominator-lean: budget_skipped=0 duplicate_targets=39 window=0
prefetchit-dominator-profile: placement=24,600,8,0,0,1,0,0,4,0,0,callee=1,profile=22C67FBA7D3C0FF7,indirect=0,direct_pic=1 module=7D7A6F83FFE9B780 removed=0 metadata=1
prefetchit-dominator-callees: only=1 profiled=711 skipped=299
prefetchit-dominator: functions=118 edges=0 calls=172 indirect=0 continuations=0 caller_targets=0 short_lead=85 skipped_eh=7 groups=64 hints=106 gate=0
prefetchit-dominator-lean: budget_skipped=13 duplicate_targets=13 window=0
prefetchit-dominator-profile: placement=24,600,8,0,0,1,0,0,4,0,0,callee=1,profile=22C67FBA7D3C0FF7,indirect=0,direct_pic=1 module=C140205B9A40AB4 removed=0 metadata=1
prefetchit-dominator-callees: only=1 profiled=711 skipped=498
prefetchit-dominator: functions=1 edges=0 calls=0 indirect=0 continuations=0 caller_targets=0 short_lead=0 skipped_eh=0 groups=0 hints=0 gate=0
prefetchit-dominator-lean: budget_skipped=0 duplicate_targets=0 window=0
prefetchit-dominator-profile: placement=24,600,8,0,0,1,0,0,4,0,0,callee=1,profile=22C67FBA7D3C0FF7,indirect=0,direct_pic=1 module=2052A03C93683136 removed=0 metadata=1
prefetchit-dominator-callees: only=1 profiled=711 skipped=7
[ 64%] Building CXX object CMakeFiles/jaegertracing-static.dir/src/jaegertracing/samplers/ProbabilisticSampler.cpp.o
prefetchit-dominator: functions=1 edges=0 calls=0 indirect=0 continuations=0 caller_targets=0 short_lead=0 skipped_eh=0 groups=0 hints=0 gate=0
prefetchit-dominator-lean: budget_skipped=0 duplicate_targets=0 window=0
prefetchit-dominator-profile: placement=24,600,8,0,0,1,0,0,4,0,0,callee=1,profile=22C67FBA7D3C0FF7,indirect=0,direct_pic=1 module=F5F91EF6EDF8BAB5 removed=0 metadata=1
prefetchit-dominator-callees: only=1 profiled=711 skipped=2
[ 65%] Building CXX object CMakeFiles/jaegertracing-static.dir/src/jaegertracing/samplers/RateLimitingSampler.cpp.o
prefetchit-dominator: functions=9 edges=0 calls=20 indirect=0 continuations=0 caller_targets=0 short_lead=11 skipped_eh=0 groups=8 hints=13 gate=0
prefetchit-dominator-lean: budget_skipped=0 duplicate_targets=3 window=0
prefetchit-dominator-profile: placement=24,600,8,0,0,1,0,0,4,0,0,callee=1,profile=22C67FBA7D3C0FF7,indirect=0,direct_pic=1 module=487531D62C60E257 removed=0 metadata=1
prefetchit-dominator-callees: only=1 profiled=711 skipped=20
[ 67%] Building CXX object CMakeFiles/jaegertracing-static.dir/src/jaegertracing/samplers/RemoteSamplingJSON.cpp.o
prefetchit-dominator: functions=122 edges=0 calls=593 indirect=0 continuations=0 caller_targets=0 short_lead=181 skipped_eh=20 groups=138 hints=242 gate=0
prefetchit-dominator-lean: budget_skipped=13 duplicate_targets=109 window=0
prefetchit-dominator-profile: placement=24,600,8,0,0,1,0,0,4,0,0,callee=1,profile=22C67FBA7D3C0FF7,indirect=0,direct_pic=1 module=6E8C5DEE701CB1B9 removed=0 metadata=1
prefetchit-dominator-callees: only=1 profiled=711 skipped=501
[ 68%] Building CXX object CMakeFiles/jaegertracing-static.dir/src/jaegertracing/samplers/RemotelyControlledSampler.cpp.o
[ 69%] Building CXX object CMakeFiles/jaegertracing-static.dir/src/jaegertracing/samplers/Sampler.cpp.o
prefetchit-dominator: functions=55 edges=0 calls=126 indirect=0 continuations=0 caller_targets=0 short_lead=62 skipped_eh=7 groups=42 hints=66 gate=0
prefetchit-dominator-lean: budget_skipped=0 duplicate_targets=15 window=0
prefetchit-dominator-profile: placement=24,600,8,0,0,1,0,0,4,0,0,callee=1,profile=22C67FBA7D3C0FF7,indirect=0,direct_pic=1 module=C10C193FE6AD5458 removed=0 metadata=1
prefetchit-dominator-callees: only=1 profiled=711 skipped=168
prefetchit-dominator: functions=1 edges=0 calls=0 indirect=0 continuations=0 caller_targets=0 short_lead=0 skipped_eh=0 groups=0 hints=0 gate=0
prefetchit-dominator-lean: budget_skipped=0 duplicate_targets=0 window=0
prefetchit-dominator-profile: placement=24,600,8,0,0,1,0,0,4,0,0,callee=1,profile=22C67FBA7D3C0FF7,indirect=0,direct_pic=1 module=7DB44998AE86C53A removed=0 metadata=1
prefetchit-dominator-callees: only=1 profiled=711 skipped=2
[ 70%] Building CXX object CMakeFiles/jaegertracing-static.dir/src/jaegertracing/samplers/SamplingStatus.cpp.o
prefetchit-dominator: functions=1 edges=0 calls=0 indirect=0 continuations=0 caller_targets=0 short_lead=0 skipped_eh=0 groups=0 hints=0 gate=0
prefetchit-dominator-lean: budget_skipped=0 duplicate_targets=0 window=0
prefetchit-dominator-profile: placement=24,600,8,0,0,1,0,0,4,0,0,callee=1,profile=22C67FBA7D3C0FF7,indirect=0,direct_pic=1 module=85F723CB64BB0BE1 removed=0 metadata=1
prefetchit-dominator-callees: only=1 profiled=711 skipped=7
[ 71%] Building CXX object CMakeFiles/jaegertracing-static.dir/src/jaegertracing/thrift-gen/Agent.cpp.o
[ 72%] Building CXX object CMakeFiles/jaegertracing-static.dir/src/jaegertracing/thrift-gen/AggregationValidator.cpp.o
prefetchit-dominator: functions=34 edges=0 calls=99 indirect=0 continuations=0 caller_targets=0 short_lead=50 skipped_eh=5 groups=31 hints=51 gate=0
prefetchit-dominator-lean: budget_skipped=0 duplicate_targets=5 window=0
prefetchit-dominator-profile: placement=24,600,8,0,0,1,0,0,4,0,0,callee=1,profile=22C67FBA7D3C0FF7,indirect=0,direct_pic=1 module=645BD60511F6B625 removed=0 metadata=1
prefetchit-dominator-callees: only=1 profiled=711 skipped=104
prefetchit-dominator: functions=148 edges=0 calls=621 indirect=0 continuations=0 caller_targets=0 short_lead=157 skipped_eh=10 groups=132 hints=187 gate=0
prefetchit-dominator-lean: budget_skipped=12 duplicate_targets=170 window=0
prefetchit-dominator-profile: placement=24,600,8,0,0,1,0,0,4,0,0,callee=1,profile=22C67FBA7D3C0FF7,indirect=0,direct_pic=1 module=2DD096DC368FEC40 removed=0 metadata=1
prefetchit-dominator-callees: only=1 profiled=711 skipped=959
prefetchit-dominator: functions=1 edges=0 calls=0 indirect=0 continuations=0 caller_targets=0 short_lead=0 skipped_eh=0 groups=0 hints=0 gate=0
prefetchit-dominator-lean: budget_skipped=0 duplicate_targets=0 window=0
prefetchit-dominator-profile: placement=24,600,8,0,0,1,0,0,4,0,0,callee=1,profile=22C67FBA7D3C0FF7,indirect=0,direct_pic=1 module=5480919BAFFF5FD removed=0 metadata=1
prefetchit-dominator-callees: only=1 profiled=711 skipped=2
[ 73%] Building CXX object CMakeFiles/jaegertracing-static.dir/src/jaegertracing/thrift-gen/BaggageRestrictionManager.cpp.o
prefetchit-dominator: functions=1 edges=0 calls=0 indirect=0 continuations=0 caller_targets=0 short_lead=0 skipped_eh=0 groups=0 hints=0 gate=0
prefetchit-dominator-lean: budget_skipped=0 duplicate_targets=0 window=0
prefetchit-dominator-profile: placement=24,600,8,0,0,1,0,0,4,0,0,callee=1,profile=22C67FBA7D3C0FF7,indirect=0,direct_pic=1 module=1CF39890B365D993 removed=0 metadata=1
prefetchit-dominator-callees: only=1 profiled=711 skipped=2
[ 74%] Building CXX object CMakeFiles/jaegertracing-static.dir/src/jaegertracing/thrift-gen/Collector.cpp.o
prefetchit-dominator: functions=63 edges=0 calls=239 indirect=0 continuations=0 caller_targets=0 short_lead=114 skipped_eh=9 groups=71 hints=133 gate=0
prefetchit-dominator-lean: budget_skipped=0 duplicate_targets=21 window=0
prefetchit-dominator-profile: placement=24,600,8,0,0,1,0,0,4,0,0,callee=1,profile=22C67FBA7D3C0FF7,indirect=0,direct_pic=1 module=470E6F9C14CC85DC removed=0 metadata=1
prefetchit-dominator-callees: only=1 profiled=711 skipped=288
[ 75%] Building CXX object CMakeFiles/jaegertracing-static.dir/src/jaegertracing/thrift-gen/Dependency.cpp.o
[ 76%] Building CXX object CMakeFiles/jaegertracing-static.dir/src/jaegertracing/thrift-gen/SamplingManager.cpp.o
prefetchit-dominator: functions=299 edges=0 calls=989 indirect=0 continuations=0 caller_targets=0 short_lead=296 skipped_eh=26 groups=269 hints=377 gate=0
prefetchit-dominator-lean: budget_skipped=6 duplicate_targets=308 window=0
prefetchit-dominator-profile: placement=24,600,8,0,0,1,0,0,4,0,0,callee=1,profile=22C67FBA7D3C0FF7,indirect=0,direct_pic=1 module=693BBB0D286EAADB removed=0 metadata=1
prefetchit-dominator-callees: only=1 profiled=711 skipped=1265
prefetchit-dominator: functions=1 edges=0 calls=0 indirect=0 continuations=0 caller_targets=0 short_lead=0 skipped_eh=0 groups=0 hints=0 gate=0
prefetchit-dominator-lean: budget_skipped=0 duplicate_targets=0 window=0
prefetchit-dominator-profile: placement=24,600,8,0,0,1,0,0,4,0,0,callee=1,profile=22C67FBA7D3C0FF7,indirect=0,direct_pic=1 module=57F01FF05B3FDF0A removed=0 metadata=1
prefetchit-dominator-callees: only=1 profiled=711 skipped=2
[ 78%] Building CXX object CMakeFiles/jaegertracing-static.dir/src/jaegertracing/thrift-gen/ZipkinCollector.cpp.o
prefetchit-dominator: functions=217 edges=0 calls=594 indirect=0 continuations=0 caller_targets=0 short_lead=215 skipped_eh=15 groups=183 hints=262 gate=0
prefetchit-dominator-lean: budget_skipped=3 duplicate_targets=146 window=0
prefetchit-dominator-profile: placement=24,600,8,0,0,1,0,0,4,0,0,callee=1,profile=22C67FBA7D3C0FF7,indirect=0,direct_pic=1 module=647FE0E8CBBA1014 removed=0 metadata=1
prefetchit-dominator-callees: only=1 profiled=711 skipped=1268
[ 79%] Building CXX object CMakeFiles/jaegertracing-static.dir/src/jaegertracing/thrift-gen/agent_constants.cpp.o
prefetchit-dominator: functions=0 edges=0 calls=0 indirect=0 continuations=0 caller_targets=0 short_lead=0 skipped_eh=0 groups=0 hints=0 gate=0
prefetchit-dominator-lean: budget_skipped=0 duplicate_targets=0 window=0
prefetchit-dominator-profile: placement=24,600,8,0,0,1,0,0,4,0,0,callee=1,profile=22C67FBA7D3C0FF7,indirect=0,direct_pic=1 module=7B53894D5C139F7F removed=0 metadata=1
prefetchit-dominator-callees: only=1 profiled=711 skipped=0
prefetchit-dominator: functions=213 edges=0 calls=575 indirect=0 continuations=0 caller_targets=0 short_lead=217 skipped_eh=14 groups=182 hints=255 gate=0
prefetchit-dominator-lean: budget_skipped=0 duplicate_targets=137 window=0
prefetchit-dominator-profile: placement=24,600,8,0,0,1,0,0,4,0,0,callee=1,profile=22C67FBA7D3C0FF7,indirect=0,direct_pic=1 module=E795AFCD2CF6E4AE removed=0 metadata=1
prefetchit-dominator-callees: only=1 profiled=711 skipped=1255
[ 80%] Building CXX object CMakeFiles/jaegertracing-static.dir/src/jaegertracing/thrift-gen/agent_types.cpp.o
prefetchit-dominator: functions=75 edges=0 calls=80 indirect=0 continuations=0 caller_targets=0 short_lead=39 skipped_eh=1 groups=41 hints=50 gate=0
prefetchit-dominator-lean: budget_skipped=0 duplicate_targets=11 window=0
prefetchit-dominator-profile: placement=24,600,8,0,0,1,0,0,4,0,0,callee=1,profile=22C67FBA7D3C0FF7,indirect=0,direct_pic=1 module=C41A30E3FEF97497 removed=0 metadata=1
prefetchit-dominator-callees: only=1 profiled=711 skipped=391
prefetchit-dominator: functions=224 edges=0 calls=677 indirect=0 continuations=0 caller_targets=0 short_lead=246 skipped_eh=14 groups=202 hints=290 gate=0
prefetchit-dominator-lean: budget_skipped=5 duplicate_targets=166 window=0
prefetchit-dominator-profile: placement=24,600,8,0,0,1,0,0,4,0,0,callee=1,profile=22C67FBA7D3C0FF7,indirect=0,direct_pic=1 module=FBAF840A7D95E1C removed=0 metadata=1
prefetchit-dominator-callees: only=1 profiled=711 skipped=1316
prefetchit-dominator: functions=0 edges=0 calls=0 indirect=0 continuations=0 caller_targets=0 short_lead=0 skipped_eh=0 groups=0 hints=0 gate=0
prefetchit-dominator-lean: budget_skipped=0 duplicate_targets=0 window=0
prefetchit-dominator-profile: placement=24,600,8,0,0,1,0,0,4,0,0,callee=1,profile=22C67FBA7D3C0FF7,indirect=0,direct_pic=1 module=BF0042C129120B39 removed=0 metadata=1
prefetchit-dominator-callees: only=1 profiled=711 skipped=0
[ 81%] Building CXX object CMakeFiles/jaegertracing-static.dir/src/jaegertracing/thrift-gen/aggregation_validator_constants.cpp.o
prefetchit-dominator: functions=78 edges=0 calls=70 indirect=0 continuations=0 caller_targets=0 short_lead=38 skipped_eh=1 groups=37 hints=45 gate=0
prefetchit-dominator-lean: budget_skipped=0 duplicate_targets=8 window=0
prefetchit-dominator-profile: placement=24,600,8,0,0,1,0,0,4,0,0,callee=1,profile=22C67FBA7D3C0FF7,indirect=0,direct_pic=1 module=75D8A1BFDB04BA1E removed=0 metadata=1
prefetchit-dominator-callees: only=1 profiled=711 skipped=348
prefetchit-dominator: functions=1 edges=0 calls=0 indirect=0 continuations=0 caller_targets=0 short_lead=0 skipped_eh=0 groups=0 hints=0 gate=0
prefetchit-dominator-lean: budget_skipped=0 duplicate_targets=0 window=0
prefetchit-dominator-profile: placement=24,600,8,0,0,1,0,0,4,0,0,callee=1,profile=22C67FBA7D3C0FF7,indirect=0,direct_pic=1 module=F623DD0AFEBC9818 removed=0 metadata=1
prefetchit-dominator-callees: only=1 profiled=711 skipped=0
[ 82%] Building CXX object CMakeFiles/jaegertracing-static.dir/src/jaegertracing/thrift-gen/aggregation_validator_types.cpp.o
[ 83%] Building CXX object CMakeFiles/jaegertracing-static.dir/src/jaegertracing/thrift-gen/baggage_constants.cpp.o
prefetchit-dominator: functions=76 edges=0 calls=88 indirect=0 continuations=0 caller_targets=0 short_lead=40 skipped_eh=1 groups=44 hints=57 gate=0
prefetchit-dominator-lean: budget_skipped=0 duplicate_targets=12 window=0
prefetchit-dominator-profile: placement=24,600,8,0,0,1,0,0,4,0,0,callee=1,profile=22C67FBA7D3C0FF7,indirect=0,direct_pic=1 module=7FC3AC65DEF6BD0 removed=0 metadata=1
prefetchit-dominator-callees: only=1 profiled=711 skipped=411
prefetchit-dominator: functions=89 edges=0 calls=97 indirect=0 continuations=0 caller_targets=0 short_lead=43 skipped_eh=1 groups=46 hints=61 gate=0
prefetchit-dominator-lean: budget_skipped=0 duplicate_targets=15 window=0
prefetchit-dominator-profile: placement=24,600,8,0,0,1,0,0,4,0,0,callee=1,profile=22C67FBA7D3C0FF7,indirect=0,direct_pic=1 module=F1955F270253CABE removed=0 metadata=1
prefetchit-dominator-callees: only=1 profiled=711 skipped=474
[ 84%] Building CXX object CMakeFiles/jaegertracing-static.dir/src/jaegertracing/thrift-gen/baggage_types.cpp.o
prefetchit-dominator: functions=75 edges=0 calls=84 indirect=0 continuations=0 caller_targets=0 short_lead=39 skipped_eh=1 groups=42 hints=54 gate=0
prefetchit-dominator-lean: budget_skipped=0 duplicate_targets=11 window=0
prefetchit-dominator-profile: placement=24,600,8,0,0,1,0,0,4,0,0,callee=1,profile=22C67FBA7D3C0FF7,indirect=0,direct_pic=1 module=9102545F11F02BB removed=0 metadata=1
prefetchit-dominator-callees: only=1 profiled=711 skipped=389
prefetchit-dominator: functions=0 edges=0 calls=0 indirect=0 continuations=0 caller_targets=0 short_lead=0 skipped_eh=0 groups=0 hints=0 gate=0
prefetchit-dominator-lean: budget_skipped=0 duplicate_targets=0 window=0
prefetchit-dominator-profile: placement=24,600,8,0,0,1,0,0,4,0,0,callee=1,profile=22C67FBA7D3C0FF7,indirect=0,direct_pic=1 module=B4BAD9F04AF3450 removed=0 metadata=1
prefetchit-dominator-callees: only=1 profiled=711 skipped=0
prefetchit-dominator: functions=77 edges=0 calls=87 indirect=0 continuations=0 caller_targets=0 short_lead=40 skipped_eh=1 groups=44 hints=55 gate=0
prefetchit-dominator-lean: budget_skipped=0 duplicate_targets=13 window=0
prefetchit-dominator-profile: placement=24,600,8,0,0,1,0,0,4,0,0,callee=1,profile=22C67FBA7D3C0FF7,indirect=0,direct_pic=1 module=A18928528579CB54 removed=0 metadata=1
prefetchit-dominator-callees: only=1 profiled=711 skipped=435
[ 85%] Building CXX object CMakeFiles/jaegertracing-static.dir/src/jaegertracing/thrift-gen/dependency_constants.cpp.o
[ 86%] Building CXX object CMakeFiles/jaegertracing-static.dir/src/jaegertracing/thrift-gen/dependency_types.cpp.o
prefetchit-dominator: functions=1 edges=0 calls=0 indirect=0 continuations=0 caller_targets=0 short_lead=0 skipped_eh=0 groups=0 hints=0 gate=0
prefetchit-dominator-lean: budget_skipped=0 duplicate_targets=0 window=0
prefetchit-dominator-profile: placement=24,600,8,0,0,1,0,0,4,0,0,callee=1,profile=22C67FBA7D3C0FF7,indirect=0,direct_pic=1 module=22DC7A1DB687F3C6 removed=0 metadata=1
prefetchit-dominator-callees: only=1 profiled=711 skipped=0
[ 87%] Building CXX object CMakeFiles/jaegertracing-static.dir/src/jaegertracing/thrift-gen/jaeger_constants.cpp.o
[ 89%] Building CXX object CMakeFiles/jaegertracing-static.dir/src/jaegertracing/thrift-gen/jaeger_types.cpp.o
prefetchit-dominator: functions=77 edges=0 calls=91 indirect=0 continuations=0 caller_targets=0 short_lead=40 skipped_eh=1 groups=45 hints=59 gate=0
prefetchit-dominator-lean: budget_skipped=0 duplicate_targets=13 window=0
prefetchit-dominator-profile: placement=24,600,8,0,0,1,0,0,4,0,0,callee=1,profile=22C67FBA7D3C0FF7,indirect=0,direct_pic=1 module=CA970BEED612AD35 removed=0 metadata=1
prefetchit-dominator-callees: only=1 profiled=711 skipped=435
[ 90%] Building CXX object CMakeFiles/jaegertracing-static.dir/src/jaegertracing/thrift-gen/sampling_constants.cpp.o
[ 91%] Building CXX object CMakeFiles/jaegertracing-static.dir/src/jaegertracing/thrift-gen/sampling_types.cpp.o
prefetchit-dominator: functions=1 edges=0 calls=0 indirect=0 continuations=0 caller_targets=0 short_lead=0 skipped_eh=0 groups=0 hints=0 gate=0
prefetchit-dominator-lean: budget_skipped=0 duplicate_targets=0 window=0
prefetchit-dominator-profile: placement=24,600,8,0,0,1,0,0,4,0,0,callee=1,profile=22C67FBA7D3C0FF7,indirect=0,direct_pic=1 module=B924AF86CD5DEBB7 removed=0 metadata=1
prefetchit-dominator-callees: only=1 profiled=711 skipped=0
[ 92%] Building CXX object CMakeFiles/jaegertracing-static.dir/src/jaegertracing/thrift-gen/zipkincore_constants.cpp.o
[ 93%] Building CXX object CMakeFiles/jaegertracing-static.dir/src/jaegertracing/thrift-gen/zipkincore_types.cpp.o
prefetchit-dominator: functions=25 edges=0 calls=33 indirect=0 continuations=0 caller_targets=0 short_lead=18 skipped_eh=0 groups=12 hints=19 gate=0
prefetchit-dominator-lean: budget_skipped=0 duplicate_targets=3 window=0
prefetchit-dominator-profile: placement=24,600,8,0,0,1,0,0,4,0,0,callee=1,profile=22C67FBA7D3C0FF7,indirect=0,direct_pic=1 module=9324BA08EE04D74A removed=0 metadata=1
prefetchit-dominator-callees: only=1 profiled=711 skipped=37
prefetchit-dominator: functions=1 edges=0 calls=0 indirect=0 continuations=0 caller_targets=0 short_lead=0 skipped_eh=0 groups=0 hints=0 gate=0
prefetchit-dominator-lean: budget_skipped=0 duplicate_targets=0 window=0
prefetchit-dominator-profile: placement=24,600,8,0,0,1,0,0,4,0,0,callee=1,profile=22C67FBA7D3C0FF7,indirect=0,direct_pic=1 module=3AD546ADAAEB58F8 removed=0 metadata=1
prefetchit-dominator-callees: only=1 profiled=711 skipped=0
[ 94%] Building CXX object CMakeFiles/jaegertracing-static.dir/src/jaegertracing/utils/ErrorUtil.cpp.o
[ 95%] Building CXX object CMakeFiles/jaegertracing-static.dir/src/jaegertracing/utils/HexParsing.cpp.o
prefetchit-dominator: functions=25 edges=0 calls=47 indirect=0 continuations=0 caller_targets=0 short_lead=32 skipped_eh=0 groups=20 hints=31 gate=0
prefetchit-dominator-lean: budget_skipped=0 duplicate_targets=3 window=0
prefetchit-dominator-profile: placement=24,600,8,0,0,1,0,0,4,0,0,callee=1,profile=22C67FBA7D3C0FF7,indirect=0,direct_pic=1 module=483F5996688B637B removed=0 metadata=1
prefetchit-dominator-callees: only=1 profiled=711 skipped=35
[ 96%] Building CXX object CMakeFiles/jaegertracing-static.dir/src/jaegertracing/utils/RateLimiter.cpp.o
prefetchit-dominator: functions=1 edges=0 calls=0 indirect=0 continuations=0 caller_targets=0 short_lead=0 skipped_eh=0 groups=0 hints=0 gate=0
prefetchit-dominator-lean: budget_skipped=0 duplicate_targets=0 window=0
prefetchit-dominator-profile: placement=24,600,8,0,0,1,0,0,4,0,0,callee=1,profile=22C67FBA7D3C0FF7,indirect=0,direct_pic=1 module=5F54BD3223745BCB removed=0 metadata=1
prefetchit-dominator-callees: only=1 profiled=711 skipped=0
[ 97%] Building CXX object CMakeFiles/jaegertracing-static.dir/src/jaegertracing/utils/UDPClient.cpp.o
[ 98%] Building CXX object CMakeFiles/jaegertracing-static.dir/src/jaegertracing/utils/YAML.cpp.o
prefetchit-dominator: functions=1 edges=0 calls=0 indirect=0 continuations=0 caller_targets=0 short_lead=0 skipped_eh=0 groups=0 hints=0 gate=0
prefetchit-dominator-lean: budget_skipped=0 duplicate_targets=0 window=0
prefetchit-dominator-profile: placement=24,600,8,0,0,1,0,0,4,0,0,callee=1,profile=22C67FBA7D3C0FF7,indirect=0,direct_pic=1 module=E5CF077BA8C41EBC removed=0 metadata=1
prefetchit-dominator-callees: only=1 profiled=711 skipped=0
prefetchit-dominator: functions=1 edges=0 calls=0 indirect=0 continuations=0 caller_targets=0 short_lead=0 skipped_eh=0 groups=0 hints=0 gate=0
prefetchit-dominator-lean: budget_skipped=0 duplicate_targets=0 window=0
prefetchit-dominator-profile: placement=24,600,8,0,0,1,0,0,4,0,0,callee=1,profile=22C67FBA7D3C0FF7,indirect=0,direct_pic=1 module=E5D75C1881A628F5 removed=0 metadata=1
prefetchit-dominator-callees: only=1 profiled=711 skipped=2
prefetchit-dominator: functions=3 edges=0 calls=48 indirect=0 continuations=0 caller_targets=0 short_lead=4 skipped_eh=0 groups=2 hints=3 gate=0
prefetchit-dominator-lean: budget_skipped=0 duplicate_targets=23 window=0
prefetchit-dominator-profile: placement=24,600,8,0,0,1,0,0,4,0,0,callee=1,profile=22C67FBA7D3C0FF7,indirect=0,direct_pic=1 module=999DDBEC462E38B1 removed=0 metadata=1
prefetchit-dominator-callees: only=1 profiled=711 skipped=2
prefetchit-dominator: functions=0 edges=0 calls=0 indirect=0 continuations=0 caller_targets=0 short_lead=0 skipped_eh=0 groups=0 hints=0 gate=0
prefetchit-dominator-lean: budget_skipped=0 duplicate_targets=0 window=0
prefetchit-dominator-profile: placement=24,600,8,0,0,1,0,0,4,0,0,callee=1,profile=22C67FBA7D3C0FF7,indirect=0,direct_pic=1 module=6E70CC17831E7902 removed=0 metadata=1
prefetchit-dominator-callees: only=1 profiled=711 skipped=0
prefetchit-dominator: functions=53 edges=0 calls=128 indirect=0 continuations=0 caller_targets=0 short_lead=76 skipped_eh=0 groups=43 hints=69 gate=0
prefetchit-dominator-lean: budget_skipped=0 duplicate_targets=11 window=0
prefetchit-dominator-profile: placement=24,600,8,0,0,1,0,0,4,0,0,callee=1,profile=22C67FBA7D3C0FF7,indirect=0,direct_pic=1 module=552A1D11EDC5F1B0 removed=0 metadata=1
prefetchit-dominator-callees: only=1 profiled=711 skipped=128
prefetchit-dominator: functions=0 edges=0 calls=0 indirect=0 continuations=0 caller_targets=0 short_lead=0 skipped_eh=0 groups=0 hints=0 gate=0
prefetchit-dominator-lean: budget_skipped=0 duplicate_targets=0 window=0
prefetchit-dominator-profile: placement=24,600,8,0,0,1,0,0,4,0,0,callee=1,profile=22C67FBA7D3C0FF7,indirect=0,direct_pic=1 module=BC45F9506E5734F2 removed=0 metadata=1
prefetchit-dominator-callees: only=1 profiled=711 skipped=0
prefetchit-dominator: functions=0 edges=0 calls=0 indirect=0 continuations=0 caller_targets=0 short_lead=0 skipped_eh=0 groups=0 hints=0 gate=0
prefetchit-dominator-lean: budget_skipped=0 duplicate_targets=0 window=0
prefetchit-dominator-profile: placement=24,600,8,0,0,1,0,0,4,0,0,callee=1,profile=22C67FBA7D3C0FF7,indirect=0,direct_pic=1 module=D6A70DC6E91985F5 removed=0 metadata=1
prefetchit-dominator-callees: only=1 profiled=711 skipped=0
prefetchit-dominator: functions=117 edges=0 calls=208 indirect=0 continuations=0 caller_targets=0 short_lead=105 skipped_eh=0 groups=70 hints=117 gate=0
prefetchit-dominator-lean: budget_skipped=0 duplicate_targets=26 window=0
prefetchit-dominator-profile: placement=24,600,8,0,0,1,0,0,4,0,0,callee=1,profile=22C67FBA7D3C0FF7,indirect=0,direct_pic=1 module=8CF9A1C45183B14C removed=0 metadata=1
prefetchit-dominator-callees: only=1 profiled=711 skipped=260
prefetchit-dominator: functions=131 edges=0 calls=391 indirect=0 continuations=0 caller_targets=0 short_lead=160 skipped_eh=0 groups=102 hints=162 gate=0
prefetchit-dominator-lean: budget_skipped=0 duplicate_targets=68 window=0
prefetchit-dominator-profile: placement=24,600,8,0,0,1,0,0,4,0,0,callee=1,profile=22C67FBA7D3C0FF7,indirect=0,direct_pic=1 module=14B5DEA52E604001 removed=0 metadata=1
prefetchit-dominator-callees: only=1 profiled=711 skipped=363
prefetchit-dominator: functions=188 edges=0 calls=531 indirect=0 continuations=0 caller_targets=0 short_lead=219 skipped_eh=11 groups=160 hints=269 gate=0
prefetchit-dominator-lean: budget_skipped=0 duplicate_targets=75 window=0
prefetchit-dominator-profile: placement=24,600,8,0,0,1,0,0,4,0,0,callee=1,profile=22C67FBA7D3C0FF7,indirect=0,direct_pic=1 module=5E369ED6D9EEC5F7 removed=0 metadata=1
prefetchit-dominator-callees: only=1 profiled=711 skipped=540
prefetchit-dominator: functions=112 edges=0 calls=120 indirect=0 continuations=0 caller_targets=0 short_lead=67 skipped_eh=6 groups=45 hints=68 gate=0
prefetchit-dominator-lean: budget_skipped=0 duplicate_targets=14 window=0
prefetchit-dominator-profile: placement=24,600,8,0,0,1,0,0,4,0,0,callee=1,profile=22C67FBA7D3C0FF7,indirect=0,direct_pic=1 module=556C832AC9FF38F8 removed=0 metadata=1
prefetchit-dominator-callees: only=1 profiled=711 skipped=294
prefetchit-dominator: functions=209 edges=0 calls=737 indirect=0 continuations=0 caller_targets=0 short_lead=247 skipped_eh=14 groups=175 hints=258 gate=0
prefetchit-dominator-lean: budget_skipped=4 duplicate_targets=189 window=0
prefetchit-dominator-profile: placement=24,600,8,0,0,1,0,0,4,0,0,callee=1,profile=22C67FBA7D3C0FF7,indirect=0,direct_pic=1 module=24C45D2EE6AB614B removed=0 metadata=1
prefetchit-dominator-callees: only=1 profiled=711 skipped=1152
[100%] Linking CXX static library libjaegertracing.a
[100%] Built target jaegertracing-static
