-- Install configuration: "RelWithDebInfo"
-- Up-to-date: /usr/local/include/opentracing
-- Installing: /usr/local/include/opentracing/version.h
-- Installing: /usr/local/include/opentracing/config.h
-- Installing: /usr/local/lib/libopentracing.a
-- Up-to-date: /usr/local/include/opentracing/expected
-- Up-to-date: /usr/local/include/opentracing/expected/expected.hpp
-- Up-to-date: /usr/local/include/opentracing/variant
-- Up-to-date: /usr/local/include/opentracing/variant/recursive_wrapper.hpp
-- Up-to-date: /usr/local/include/opentracing/variant/variant.hpp
-- Up-to-date: /usr/local/include/opentracing
-- Up-to-date: /usr/local/include/opentracing/ext
-- Up-to-date: /usr/local/include/opentracing/ext/tags.h
-- Up-to-date: /usr/local/include/opentracing/string_view.h
-- Up-to-date: /usr/local/include/opentracing/tracer.h
-- Up-to-date: /usr/local/include/opentracing/span.h
-- Up-to-date: /usr/local/include/opentracing/propagation.h
-- Up-to-date: /usr/local/include/opentracing/tracer_factory.h
-- Up-to-date: /usr/local/include/opentracing/noop.h
-- Up-to-date: /usr/local/include/opentracing/util.h
-- Up-to-date: /usr/local/include/opentracing/dynamic_load.h
-- Up-to-date: /usr/local/include/opentracing/symbols.h
-- Up-to-date: /usr/local/include/opentracing/value.h
-- Old export file "/usr/local/lib/cmake/OpenTracing/OpenTracingTargets.cmake" will be replaced.  Removing files [/usr/local/lib/cmake/OpenTracing/OpenTracingTargets-release.cmake].
-- Installing: /usr/local/lib/cmake/OpenTracing/OpenTracingTargets.cmake
-- Installing: /usr/local/lib/cmake/OpenTracing/OpenTracingTargets-relwithdebinfo.cmake
-- Installing: /usr/local/lib/cmake/OpenTracing/OpenTracingConfig.cmake
-- Installing: /usr/local/lib/cmake/OpenTracing/OpenTracingConfigVersion.cmake
-- Installing: /usr/local/lib/libopentracing_mocktracer.a
-- Up-to-date: /usr/local/include/opentracing
-- Up-to-date: /usr/local/include/opentracing/mocktracer
-- Up-to-date: /usr/local/include/opentracing/mocktracer/tracer.h
-- Up-to-date: /usr/local/include/opentracing/mocktracer/tracer_factory.h
-- Up-to-date: /usr/local/include/opentracing/mocktracer/json.h
-- Up-to-date: /usr/local/include/opentracing/mocktracer/in_memory_recorder.h
-- Up-to-date: /usr/local/include/opentracing/mocktracer/json_recorder.h
-- Up-to-date: /usr/local/include/opentracing/mocktracer/recorder.h
-- Up-to-date: /usr/local/include/opentracing/mocktracer/symbols.h
