[  3%] Building CXX object CMakeFiles/yaml-cpp.dir/src/binary.cpp.o
[  6%] Building CXX object CMakeFiles/yaml-cpp.dir/src/convert.cpp.o
[ 13%] Building CXX object CMakeFiles/yaml-cpp.dir/src/null.cpp.o
[ 13%] Building CXX object CMakeFiles/yaml-cpp.dir/src/emit.cpp.o
[ 17%] Building CXX object CMakeFiles/yaml-cpp.dir/src/directives.cpp.o
[ 20%] Building CXX object CMakeFiles/yaml-cpp.dir/src/node.cpp.o
[ 37%] Building CXX object CMakeFiles/yaml-cpp.dir/src/exceptions.cpp.o
[ 37%] Building CXX object CMakeFiles/yaml-cpp.dir/src/node_data.cpp.o
[ 37%] Building CXX object CMakeFiles/yaml-cpp.dir/src/nodeevents.cpp.o
[ 37%] Building CXX object CMakeFiles/yaml-cpp.dir/src/memory.cpp.o
[ 37%] Building CXX object CMakeFiles/yaml-cpp.dir/src/emitter.cpp.o
[ 41%] Building CXX object CMakeFiles/yaml-cpp.dir/src/nodebuilder.cpp.o
[ 48%] Building CXX object CMakeFiles/yaml-cpp.dir/src/emitterstate.cpp.o
[ 48%] Building CXX object CMakeFiles/yaml-cpp.dir/src/emitfromevents.cpp.o
[ 51%] Building CXX object CMakeFiles/yaml-cpp.dir/src/emitterutils.cpp.o
[ 55%] Building CXX object CMakeFiles/yaml-cpp.dir/src/exp.cpp.o
prefetchit-dominator: functions=1 edges=0 calls=4 indirect=0 continuations=0 caller_targets=0 short_lead=4 skipped_eh=0 groups=1 hints=1 gate=0
prefetchit-dominator-lean: budget_skipped=0 duplicate_targets=0 window=0
prefetchit-dominator-profile: placement=24,600,8,0,0,1,0,0,4,0,0,callee=1,profile=22C67FBA7D3C0FF7,indirect=0,direct_pic=1 module=D98FE434DC257C13 removed=0 metadata=1
prefetchit-dominator-callees: only=1 profiled=711 skipped=0
prefetchit-dominator: functions=1 edges=0 calls=4 indirect=0 continuations=0 caller_targets=0 short_lead=4 skipped_eh=0 groups=1 hints=1 gate=0
prefetchit-dominator-lean: budget_skipped=0 duplicate_targets=0 window=0
prefetchit-dominator-profile: placement=24,600,8,0,0,1,0,0,4,0,0,callee=1,profile=22C67FBA7D3C0FF7,indirect=0,direct_pic=1 module=D98FE434DC257C13 removed=0 metadata=1
prefetchit-dominator-callees: only=1 profiled=711 skipped=0
prefetchit-dominator: functions=1 edges=0 calls=4 indirect=0 continuations=0 caller_targets=0 short_lead=4 skipped_eh=0 groups=1 hints=1 gate=0
prefetchit-dominator-lean: budget_skipped=0 duplicate_targets=0 window=0
prefetchit-dominator-profile: placement=24,600,8,0,0,1,0,0,4,0,0,callee=1,profile=22C67FBA7D3C0FF7,indirect=0,direct_pic=1 module=D98FE434DC257C13 removed=0 metadata=1
prefetchit-dominator-callees: only=1 profiled=711 skipped=0
[ 58%] Building CXX object CMakeFiles/yaml-cpp.dir/src/ostream_wrapper.cpp.o
prefetchit-dominator: functions=2 edges=0 calls=8 indirect=0 continuations=0 caller_targets=0 short_lead=4 skipped_eh=1 groups=2 hints=4 gate=0
prefetchit-dominator-lean: budget_skipped=0 duplicate_targets=2 window=0
prefetchit-dominator-profile: placement=24,600,8,0,0,1,0,0,4,0,0,callee=1,profile=22C67FBA7D3C0FF7,indirect=0,direct_pic=1 module=EDB407EF9B15C1B3 removed=0 metadata=1
prefetchit-dominator-callees: only=1 profiled=711 skipped=1
prefetchit-dominator: functions=2 edges=0 calls=8 indirect=0 continuations=0 caller_targets=0 short_lead=4 skipped_eh=1 groups=2 hints=4 gate=0
prefetchit-dominator-lean: budget_skipped=0 duplicate_targets=2 window=0
prefetchit-dominator-profile: placement=24,600,8,0,0,1,0,0,4,0,0,callee=1,profile=22C67FBA7D3C0FF7,indirect=0,direct_pic=1 module=EDB407EF9B15C1B3 removed=0 metadata=1
prefetchit-dominator-callees: only=1 profiled=711 skipped=1
prefetchit-dominator: functions=2 edges=0 calls=8 indirect=0 continuations=0 caller_targets=0 short_lead=4 skipped_eh=1 groups=2 hints=4 gate=0
prefetchit-dominator-lean: budget_skipped=0 duplicate_targets=2 window=0
prefetchit-dominator-profile: placement=24,600,8,0,0,1,0,0,4,0,0,callee=1,profile=22C67FBA7D3C0FF7,indirect=0,direct_pic=1 module=EDB407EF9B15C1B3 removed=0 metadata=1
prefetchit-dominator-callees: only=1prefetchit-dominator: functions= profiled=711 skipped=31 edges=
0 calls=4 indirect=0 continuations=0 caller_targets=0 short_lead=4 skipped_eh=0 groups=1 hints=2 gate=0
prefetchit-dominator-lean: budget_skipped=0 duplicate_targets=0 window=0
prefetchit-dominator-profile: placement=24,600,8,0,0,1,0,0,4,0,0,callee=1,profile=22C67FBA7D3C0FF7,indirect=0,direct_pic=1 module=162E67383852A120 removed=0 metadata=1
prefetchit-dominator-callees: only=1 profiled=711 skipped=3
prefetchit-dominator: functions=3 edges=0 calls=4 indirect=0 continuations=0 caller_targets=0 short_lead=4 skipped_eh=0 groups=1 hints=2 gate=0
prefetchit-dominator-lean: budget_skipped=0 duplicate_targets=0 window=0
prefetchit-dominator-profile: placement=24,600,8,0,0,1,0,0,4,0,0,callee=1,profile=22C67FBA7D3C0FF7,indirect=0,direct_pic=1 module=162E67383852A120 removed=0 metadata=1
prefetchit-dominator-callees: only=1 profiled=711 skipped=3
prefetchit-dominator: functions=3 edges=0 calls=4 indirect=0 continuations=0 caller_targets=0 short_lead=4 skipped_eh=0 groups=1 hints=2 gate=0
prefetchit-dominator-lean: budget_skipped=0 duplicate_targets=0 window=0
prefetchit-dominator-profile: placement=24,600,8,0,0,1,0,0,4,0,0,callee=1,profile=22C67FBA7D3C0FF7,indirect=0,direct_pic=1 module=162E67383852A120 removed=0 metadata=1
prefetchit-dominator-callees: only=1 profiled=711 skipped=3
prefetchit-dominator: functions=14 edges=0 calls=14 indirect=0 continuations=0 caller_targets=0 short_lead=14 skipped_eh=0 groups=14 hints=14 gate=0
prefetchit-dominator-lean: budget_skipped=0 duplicate_targets=0 window=0
prefetchit-dominator-profile: placement=24,600,8,0,0,1,0,0,4,0,0,callee=1,profile=22C67FBA7D3C0FF7,indirect=0,direct_pic=1 module=B33AC1D8A7A5A84C removed=0 metadata=1
prefetchit-dominator-callees: only=1 profiled=711 skipped=14
prefetchit-dominator: functions=14 edges=0 calls=14 indirect=0 continuations=0 caller_targets=0 short_lead=14 skipped_eh=0 groups=14 hints=14 gate=0
prefetchit-dominator-lean: budget_skipped=0 duplicate_targets=0 window=0
prefetchit-dominator-profile: placement=24,600,8,0,0,1,0,0,4,0,0,callee=1,profile=22C67FBA7D3C0FF7,indirect=0,direct_pic=1 module=B33AC1D8A7A5A84C removed=0 metadata=1
prefetchit-dominator-callees: only=1 profiled=711 skipped=14
prefetchit-dominator: functions=14 edges=0 calls=14 indirect=0 continuations=0 caller_targets=0 short_lead=14 skipped_eh=0 groups=14 hints=14 gate=0
prefetchit-dominator-lean: budget_skipped=0 duplicate_targets=0 window=0
prefetchit-dominator-profile: placement=24,600,8,0,0,1,0,0,4,0,0,callee=1,profile=22C67FBA7D3C0FF7,indirect=0,direct_pic=1 module=B33AC1D8A7A5A84C removed=0 metadata=1
prefetchit-dominator-callees: only=1 profiled=711 skipped=14
[ 62%] Building CXX object CMakeFiles/yaml-cpp.dir/src/parse.cpp.o
[ 65%] Building CXX object CMakeFiles/yaml-cpp.dir/src/parser.cpp.o
[ 68%] Building CXX object CMakeFiles/yaml-cpp.dir/src/regex_yaml.cpp.o
prefetchit-dominator: functions=4 edges=0 calls=1 indirect=0 continuations=0 caller_targets=0 short_lead=1 skipped_eh=0 groups=1 hints=1 gate=0
prefetchit-dominator-lean: budget_skipped=0 duplicate_targets=0 window=0
prefetchit-dominator-profile: placement=24,600,8,0,0,1,0,0,4,0,0,callee=1,profile=22C67FBA7D3C0FF7,indirect=0,direct_pic=1 module=92213EF354D1CC02 removed=0 metadata=1
prefetchit-dominator-callees: only=1 profiled=711 skipped=18
prefetchit-dominator: functions=4 edges=0 calls=1 indirect=0 continuations=0 caller_targets=0 short_lead=1 skipped_eh=0 groups=1 hints=1 gate=0
prefetchit-dominator-lean: budget_skipped=0 duplicate_targets=0 window=0
prefetchit-dominator-profile: placement=24,600,8,0,0,1,0,0,4,0,0,callee=1,profile=22C67FBA7D3C0FF7,indirect=0,direct_pic=1 module=92213EF354D1CC02 removed=0 metadata=1
prefetchit-dominator-callees: only=1 profiled=711 skipped=18
prefetchit-dominator: functions=4 edges=0 calls=1 indirect=0 continuations=0 caller_targets=0 short_lead=1 skipped_eh=0 groups=1 hints=1 gate=0
prefetchit-dominator-lean: budget_skipped=0 duplicate_targets=0 window=0
prefetchit-dominator-profile: placement=24,600,8,0,0,1,0,0,4,0,0,callee=1,profile=22C67FBA7D3C0FF7,indirect=0,direct_pic=1 module=92213EF354D1CC02 removed=0 metadata=1
prefetchit-dominator-callees: only=1 profiled=711 skipped=18
[ 72%] Building CXX object CMakeFiles/yaml-cpp.dir/src/scanner.cpp.o
prefetchit-dominator: functions=9 edges=0 calls=74 indirect=0 continuations=0 caller_targets=0 short_lead=11 skipped_eh=0 groups=12 hints=21 gate=0
prefetchit-dominator-lean: budget_skipped=0 duplicate_targets=33 window=0
prefetchit-dominator-profile: placement=24,600,8,0,0,1,0,0,4,0,0,callee=1,profile=22C67FBA7D3C0FF7,indirect=0,direct_pic=1 module=D96973A6A48F051F removed=0 metadata=1
prefetchit-dominator-callees: only=1 profiled=711 skipped=39
prefetchit-dominator: functions=9 edges=0 calls=74 indirect=0 continuations=0 caller_targets=0 short_lead=8 skipped_eh=0 groups=12 hints=21 gate=0
prefetchit-dominator-lean: budget_skipped=0 duplicate_targets=33 window=0
prefetchit-dominator-profile: placement=24,600,8,0,0,1,0,0,4,0,0,callee=1,profile=22C67FBA7D3C0FF7,indirect=0,direct_pic=1 module=D96973A6A48F051F removed=0 metadata=1
prefetchit-dominator-callees: only=1 profiled=711 skipped=39
prefetchit-dominator: functions=9 edges=0 calls=74 indirect=0 continuations=0 caller_targets=0 short_lead=8 skipped_eh=0 groups=11 hints=21 gate=0
prefetchit-dominator-lean: budget_skipped=0 duplicate_targets=33 window=0
prefetchit-dominator-profile: placement=24,600,8,0,0,1,0,0,4,0,0,callee=1,profile=22C67FBA7D3C0FF7,indirect=0,direct_pic=1 module=D96973A6A48F051F removed=0 metadata=1
prefetchit-dominator-callees: only=1 profiled=711 skipped=39
prefetchit-dominator: functions=7 edges=0 calls=6 indirect=0 continuations=0 caller_targets=0 short_lead=4 skipped_eh=0 groups=4 hints=4 gate=0
prefetchit-dominator-lean: budget_skipped=0 duplicate_targets=0 window=0
prefetchit-dominator-profile: placement=24,600,8,0,0,1,0,0,4,0,0,callee=1,profile=22C67FBA7D3C0FF7,indirect=0,direct_pic=1 module=629CCCD53F8B061 removed=0 metadata=1
prefetchit-dominator-callees: only=1 profiled=711 skipped=27
prefetchit-dominator: functions=7 edges=0 calls=6 indirect=0 continuations=0 caller_targets=0 short_lead=4 skipped_eh=0 groups=4 hints=4 gate=0
prefetchit-dominator-lean: budget_skipped=0 duplicate_targets=0 window=0
prefetchit-dominator-profile: placement=24,600,8,0,0,1,0,0,4,0,0,callee=1,profile=22C67FBA7D3C0FF7,indirect=0,direct_pic=1 module=629CCCD53F8B061 removed=0 metadata=1
prefetchit-dominator-callees: only=1 profiled=711 skipped=27
prefetchit-dominator: functions=7 edges=0 calls=6 indirect=0 continuations=0 caller_targets=0 short_lead=4 skipped_eh=0 groups=4 hints=4 gate=0
prefetchit-dominator-lean: budget_skipped=0 duplicate_targets=0 window=0
prefetchit-dominator-profile: placement=24,600,8,0,0,1,0,0,4,0,0,callee=1,profile=22C67FBA7D3C0FF7,indirect=0,direct_pic=1 module=629CCCD53F8B061 removed=0 metadata=1
prefetchit-dominator-callees: only=1 profiled=711 skipped=27
[ 75%] Building CXX object CMakeFiles/yaml-cpp.dir/src/scanscalar.cpp.o
prefetchit-dominator: functions=8 edges=0 calls=4 indirect=0 continuations=0 caller_targets=0 short_lead=2 skipped_eh=0 groups=4 hints=4 gate=0
prefetchit-dominator-lean: budget_skipped=0 duplicate_targets=0 window=0
prefetchit-dominator-profile: placement=24,600,8,0,0,1,0,0,4,0,0,callee=1,profile=22C67FBA7D3C0FF7,indirect=0,direct_pic=1 module=E84652CBE12E9161 removed=0 metadata=1
prefetchit-dominator-callees: only=1 profiled=711 skipped=7
prefetchit-dominator: functions=8 edges=0 calls=4 indirect=0 continuations=0 caller_targets=0 short_lead=2 skipped_eh=0 groups=4 hints=4 gate=0
prefetchit-dominator-lean: budget_skipped=0 duplicate_targets=0 window=0
prefetchit-dominator-profile: placement=24,600,8,0,0,1,0,0,4,0,0,callee=1,profile=22C67FBA7D3C0FF7,indirect=0,direct_pic=1 module=E84652CBE12E9161 removed=0 metadata=1
prefetchit-dominator-callees: only=1 profiled=711 skipped=7
prefetchit-dominator: functions=8 edges=0 calls=4 indirect=0 continuations=0 caller_targets=0 short_lead=2 skipped_eh=0 groups=3 hints=4 gate=0
prefetchit-dominator-lean: budget_skipped=0 duplicate_targets=0 window=0
prefetchit-dominator-profile: placement=24,600,8,0,0,1,0,0,4,0,0,callee=1,profile=22C67FBA7D3C0FF7,indirect=0,direct_pic=1 module=E84652CBE12E9161 removed=0 metadata=1
prefetchit-dominator-callees: only=1 profiled=711 skipped=7
prefetchit-dominator: functions=29 edges=0 calls=38 indirect=0 continuations=0 caller_targets=0 short_lead=33 skipped_eh=2 groups=19 hints=26 gate=0
prefetchit-dominator-lean: budget_skipped=0 duplicate_targets=0 window=0
prefetchit-dominator-profile: placement=24,600,8,0,0,1,0,0,4,0,0,callee=1,profile=22C67FBA7D3C0FF7,indirect=0,direct_pic=1 module=99A27D80D0B6BB55 removed=0 metadata=1
prefetchit-dominator-callees: only=1 profiled=711 skipped=51
prefetchit-dominator: functions=29 edges=0 calls=38 indirect=0 continuations=0 caller_targets=0 short_lead=33 skipped_eh=2 groups=19 hints=26 gate=0
prefetchit-dominator-lean: budget_skipped=0 duplicate_targets=0 window=0
prefetchit-dominator-profile: placement=24,600,8,0,0,1,0,0,4,0,0,callee=1,profile=22C67FBA7D3C0FF7,indirect=0,direct_pic=1 module=99A27D80D0B6BB55 removed=0 metadata=1
prefetchit-dominator-callees: only=1 profiled=711 skipped=51
prefetchit-dominator: functions=29 edges=0 calls=38 indirect=0 continuations=0 caller_targets=0 short_lead=32 skipped_eh=2 groups=19 hints=26 gate=0
prefetchit-dominator-lean: budget_skipped=0 duplicate_targets=0 window=0
prefetchit-dominator-profile: placement=24,600,8,0,0,1,0,0,4,0,0,callee=1,profile=22C67FBA7D3C0FF7,indirect=0,direct_pic=1 module=99A27D80D0B6BB55 removed=0 metadata=1
prefetchit-dominator-callees: only=1 profiled=711 skipped=51
prefetchit-dominator: functions=23 edges=0 calls=47 indirect=0 continuations=0 caller_targets=0 short_lead=22 skipped_eh=1 groups=16 hints=25 gate=0
prefetchit-dominator-lean: budget_skipped=0 duplicate_targets=5 window=0
prefetchit-dominator-profile: placement=24,600,8,0,0,1,0,0,4,0,0,callee=1,profile=22C67FBA7D3C0FF7,indirect=0,direct_pic=1 module=C6AE781D8593D0 removed=0 metadata=1
prefetchit-dominator-callees: only=1 profiled=711 skipped=55
prefetchit-dominator: functions=23 edges=0 calls=47 indirect=0 continuations=0 caller_targets=0 short_lead=20 skipped_eh=1 groups=16 hints=25 gate=0
prefetchit-dominator-lean: budget_skipped=0 duplicate_targets=5 window=0
prefetchit-dominator-profile: placement=24,600,8,0,0,1,0,0,4,0,0,callee=1,profile=22C67FBA7D3C0FF7,indirect=0,direct_pic=1 module=C6AE781D8593D0 removed=0 metadata=1
prefetchit-dominator-callees: only=1 profiled=711 skipped=55
prefetchit-dominator: functions=23 edges=0 calls=47 indirect=0 continuations=0 caller_targets=0 short_lead=20 skipped_eh=1 groups=16 hints=25 gate=0
prefetchit-dominator-lean: budget_skipped=0 duplicate_targets=5 window=0
prefetchit-dominator-profile: placement=24,600,8,0,0,1,0,0,4,0,0,callee=1,profile=22C67FBA7D3C0FF7,indirect=0,direct_pic=1 module=C6AE781D8593D0 removed=0 metadata=1
prefetchit-dominator-callees: only=1 profiled=711 skipped=55
[ 79%] Building CXX object CMakeFiles/yaml-cpp.dir/src/scantag.cpp.o
[ 82%] Building CXX object CMakeFiles/yaml-cpp.dir/src/scantoken.cpp.o
prefetchit-dominator: functions=16 edges=0 calls=10 indirect=0 continuations=0 caller_targets=0 short_lead=9 skipped_eh=1 groups=5 hints=9 gate=0
prefetchit-dominator-lean: budget_skipped=0 duplicate_targets=0 window=0
prefetchit-dominator-profile: placement=24,600,8,0,0,1,0,0,4,0,0,callee=1,profile=22C67FBA7D3C0FF7,indirect=0,direct_pic=1 module=C5BFBC966B3A2193 removed=0 metadata=1
prefetchit-dominator-callees: only=1 profiled=711 skipped=53
prefetchit-dominator: functions=16 edges=0 calls=10 indirect=0 continuations=0 caller_targets=0 short_lead=8 skipped_eh=1 groups=5 hints=9 gate=0
prefetchit-dominator-lean: budget_skipped=0 duplicate_targets=0 window=0
prefetchit-dominator-profile: placement=24,600,8,0,0,1,0,0,4,0,0,callee=1,profile=22C67FBA7D3C0FF7,indirect=0,direct_pic=1 module=C5BFBC966B3A2193 removed=0 metadata=1
prefetchit-dominator-callees: only=1 profiled=711 skipped=53
prefetchit-dominator: functions=16 edges=0 calls=10 indirect=0 continuations=0 caller_targets=0 short_lead=8 skipped_eh=1 groups=5 hints=9 gate=0
prefetchit-dominator-lean: budget_skipped=0 duplicate_targets=0 window=0
prefetchit-dominator-profile: placement=24,600,8,0,0,1,0,0,4,0,0,callee=1,profile=22C67FBA7D3C0FF7,indirect=0,direct_pic=1 module=C5BFBC966B3A2193 removed=0 metadata=1
prefetchit-dominator-callees: only=1 profiled=711 skipped=53
prefetchit-dominator: functions=63 edges=0 calls=63 indirect=0 continuations=0 caller_targets=0 short_lead=21 skipped_eh=2 groups=19 hints=25 gate=0
prefetchit-dominator-lean: budget_skipped=0 duplicate_targets=6 window=0
prefetchit-dominator-profile: placement=24,600,8,0,0,1,0,0,4,0,0,callee=1,profile=22C67FBA7D3C0FF7,indirect=0,direct_pic=1 module=9ACE6A18455CB72 removed=0 metadata=1
prefetchit-dominator-callees: only=1 profiled=711 skipped=238
prefetchit-dominator: functions=63 edges=0 calls=63 indirect=0 continuations=0 caller_targets=0 short_lead=21 skipped_eh=2 groups=19 hints=25 gate=0
prefetchit-dominator-lean: budget_skipped=0 duplicate_targets=6 window=0
prefetchit-dominator-profile: placement=24,600,8,0,0,1,0,0,4,0,0,callee=1,profile=22C67FBA7D3C0FF7,indirect=0,direct_pic=1 module=9ACE6A18455CB72 removed=0 metadata=1
prefetchit-dominator-callees: only=1 profiled=711 skipped=238
prefetchit-dominator: functions=63 edges=0 calls=63 indirect=0 continuations=0 caller_targets=0 short_lead=19 skipped_eh=2 groups=19 hints=25 gate=0
prefetchit-dominator-lean: budget_skipped=0 duplicate_targets=4 window=0
prefetchit-dominator-profile: placement=24,600,8,0,0,1,0,0,4,0,0,callee=1,profile=22C67FBA7D3C0FF7,indirect=0,direct_pic=1 module=9ACE6A18455CB72 removed=0 metadata=1
prefetchit-dominator-callees: only=1 profiled=711 skipped=238
[ 86%] Building CXX object CMakeFiles/yaml-cpp.dir/src/simplekey.cpp.o
prefetchit-dominator: functions=49 edges=0 calls=41 indirect=0 continuations=0 caller_targets=0 short_lead=20 skipped_eh=0 groups=13 hints=17 gate=0
prefetchit-dominator-lean: budget_skipped=0 duplicate_targets=5 window=0
prefetchit-dominator-profile: placement=24,600,8,0,0,1,0,0,4,0,0,callee=1,profile=22C67FBA7D3C0FF7,indirect=0,direct_pic=1 module=A0DCBC2A4531DFF5 removed=0 metadata=1
prefetchit-dominator-callees: only=1 profiled=711 skipped=74
prefetchit-dominator: functions=49 edges=0 calls=41 indirect=0 continuations=0 caller_targets=0 short_lead=17 skipped_eh=0 groups=13 hints=17 gate=0
prefetchit-dominator-lean: budget_skipped=0 duplicate_targets=5 window=0
prefetchit-dominator-profile: placement=24,600,8,0,0,1,0,0,4,0,0,callee=1,profile=22C67FBA7D3C0FF7,indirect=0,direct_pic=1 module=A0DCBC2A4531DFF5 removed=0 metadata=1
prefetchit-dominator-callees: only=1 profiled=711 skipped=74
prefetchit-dominator: functions=49 edges=0 calls=41 indirect=0 continuations=0 caller_targets=0 short_lead=16 skipped_eh=0 groups=13 hints=17 gate=0
prefetchit-dominator-lean: budget_skipped=0 duplicate_targets=5 window=0
prefetchit-dominator-profile: placement=24,600,8,0,0,1,0,0,4,0,0,callee=1,profile=22C67FBA7D3C0FF7,indirect=0,direct_pic=1 module=A0DCBC2A4531DFF5 removed=0 metadata=1
prefetchit-dominator-callees: only=1 profiled=711 skipped=74
[ 89%] Building CXX object CMakeFiles/yaml-cpp.dir/src/singledocparser.cpp.o
prefetchit-dominator: functions=7 edges=0 calls=39 indirect=0 continuations=0 caller_targets=0 short_lead=19 skipped_eh=0 groups=11 hints=16 gate=0
prefetchit-dominator-lean: budget_skipped=0 duplicate_targets=7 window=0
prefetchit-dominator-profile: placement=24,600,8,0,0,1,0,0,4,0,0,callee=1,profile=22C67FBA7D3C0FF7,indirect=0,direct_pic=1 module=4DBADAC99CF7C36F removed=0 metadata=1
prefetchit-dominator-callees: only=1 profiled=711 skipped=41
prefetchit-dominator: functions=7 edges=0 calls=39 indirect=0 continuations=0 caller_targets=0 short_lead=16 skipped_eh=0 groups=11 hints=16 gate=0
prefetchit-dominator-lean: budget_skipped=0 duplicate_targets=7 window=0
prefetchit-dominator-profile: placement=24,600,8,0,0,1,0,0,4,0,0,callee=1,profile=22C67FBA7D3C0FF7,indirect=0,direct_pic=1 module=4DBADAC99CF7C36F removed=0 metadata=1
prefetchit-dominator-callees: only=1 profiled=711 skipped=41
prefetchit-dominator: functions=7 edges=0 calls=39 indirect=0 continuations=0 caller_targets=0 short_lead=16 skipped_eh=0 groups=10 hints=16 gate=0
prefetchit-dominator-lean: budget_skipped=0 duplicate_targets=7 window=0
prefetchit-dominator-profile: placement=24,600,8,0,0,1,0,0,4,0,0,callee=1,profile=22C67FBA7D3C0FF7,indirect=0,direct_pic=1 module=4DBADAC99CF7C36F removed=0 metadata=1
prefetchit-dominator-callees: only=1 profiled=711 skipped=41
prefetchit-dominator: functions=41 edges=0 calls=34 indirect=0 continuations=0 caller_targets=0 short_lead=22 skipped_eh=1 groups=20 hints=25 gate=0
prefetchit-dominator-lean: budget_skipped=0 duplicate_targets=2 window=0
prefetchit-dominator-profile: placement=24,600,8,0,0,1,0,0,4,0,0,callee=1,profile=22C67FBA7D3C0FF7,indirect=0,direct_pic=1 module=B0909960C9C64217 removed=0 metadata=1
prefetchit-dominator-callees: only=1 profiled=711 skipped=120
prefetchit-dominator: functions=41 edges=0 calls=34 indirect=0 continuations=0 caller_targets=0 short_lead=22 skipped_eh=1 groups=19 hints=25 gate=0
prefetchit-dominator-lean: budget_skipped=0 duplicate_targets=2 window=0
prefetchit-dominator-profile: placement=24,600,8,0,0,1,0,0,4,0,0,callee=1,profile=22C67FBA7D3C0FF7,indirect=0,direct_pic=1 module=B0909960C9C64217 removed=0 metadata=1
prefetchit-dominator-callees: only=1 profiled=711 skipped=120
prefetchit-dominator: functions=41 edges=0 calls=34 indirect=0 continuations=0 caller_targets=0 short_lead=22 skipped_eh=1 groups=19 hints=25 gate=0
prefetchit-dominator-lean: budget_skipped=0 duplicate_targets=2 window=0
prefetchit-dominator-profile: placement=24,600,8,0,0,1,0,0,4,0,0,callee=1,profile=22C67FBA7D3C0FF7,indirect=0,direct_pic=1 module=B0909960C9C64217 removed=0 metadata=1
prefetchit-dominator-callees: only=1 profiled=711 skipped=120
[ 93%] Building CXX object CMakeFiles/yaml-cpp.dir/src/stream.cpp.o
prefetchit-dominator: functions=18 edges=0 calls=19 indirect=0 continuations=0 caller_targets=0 short_lead=7 skipped_eh=0 groups=11 hints=13 gate=0
prefetchit-dominator-lean: budget_skipped=0 duplicate_targets=4 window=0
prefetchit-dominator-profile: placement=24,600,8,0,0,1,0,0,4,0,0,callee=1,profile=22C67FBA7D3C0FF7,indirect=0,direct_pic=1 module=AA368C6A0D0543B5 removed=0 metadata=1
prefetchit-dominator-callees: only=1 profiled=711 skipped=71
prefetchit-dominator: functions=18 edges=0 calls=19 indirect=0 continuations=0 caller_targets=0 short_lead=7 skipped_eh=0 groups=11 hints=13 gate=0
prefetchit-dominator-lean: budget_skipped=0 duplicate_targets=4 window=0
prefetchit-dominator-profile: placement=24,600,8,0,0,1,0,0,4,0,0,callee=1,profile=22C67FBA7D3C0FF7,indirect=0,direct_pic=1 module=AA368C6A0D0543B5 removed=0 metadata=1
prefetchit-dominator-callees: only=1 profiled=711 skipped=71
prefetchit-dominator: functions=18 edges=0 calls=19 indirect=0 continuations=0 caller_targets=0 short_lead=5 skipped_eh=0 groups=11 hints=13 gate=0
prefetchit-dominator-lean: budget_skipped=0 duplicate_targets=4 window=0
prefetchit-dominator-profile: placement=24,600,8,0,0,1,0,0,4,0,0,callee=1,profile=22C67FBA7D3C0FF7,indirect=0,direct_pic=1 module=AA368C6A0D0543B5 removed=0 metadata=1
prefetchit-dominator-callees: only=1 profiled=711 skipped=71
prefetchit-dominator: functions=45 edges=0 calls=30 indirect=0 continuations=0 caller_targets=0 short_lead=11 skipped_eh=0 groups=13 hints=14 gate=0
prefetchit-dominator-lean: budget_skipped=0 duplicate_targets=10 window=0
prefetchit-dominator-profile: placement=24,600,8,0,0,1,0,0,4,0,0,callee=1,profile=22C67FBA7D3C0FF7,indirect=0,direct_pic=1 module=FC9AE57DAF0B415D removed=0 metadata=1
prefetchit-dominator-callees: only=1 profiled=711 skipped=476
prefetchit-dominator: functions=45 edges=0 calls=30 indirect=0 continuations=0 caller_targets=0 short_lead=10 skipped_eh=0 groups=13 hints=14 gate=0
prefetchit-dominator-lean: budget_skipped=0 duplicate_targets=10 window=0
prefetchit-dominator-profile: placement=24,600,8,0,0,1,0,0,4,0,0,callee=1,profile=22C67FBA7D3C0FF7,indirect=0,direct_pic=1 module=FC9AE57DAF0B415D removed=0 metadata=1
prefetchit-dominator-callees: only=1 profiled=711 skipped=476
prefetchit-dominator: functions=45 edges=0 calls=30 indirect=0 continuations=0 caller_targets=0 short_lead=9 skipped_eh=0 groups=13 hints=14 gate=0
prefetchit-dominator-lean: budget_skipped=0 duplicate_targets=10 window=0
prefetchit-dominator-profile: placement=24,600,8,0,0,1,0,0,4,0,0,callee=1,profile=22C67FBA7D3C0FF7,indirect=0,direct_pic=1 module=FC9AE57DAF0B415D removed=0 metadata=1
prefetchit-dominator-callees: only=1 profiled=711 skipped=476
[ 96%] Building CXX object CMakeFiles/yaml-cpp.dir/src/tag.cpp.o
prefetchit-dominator: functions=36 edges=0 calls=48 indirect=0 continuations=0 caller_targets=0 short_lead=21 skipped_eh=0 groups=28 hints=35 gate=0
prefetchit-dominator-lean: budget_skipped=2 duplicate_targets=4 window=0
prefetchit-dominator-profile: placement=24,600,8,0,0,1,0,0,4,0,0,callee=1,profile=22C67FBA7D3C0FF7,indirect=0,direct_pic=1 module=74FA76A7C2D6D97D removed=0 metadata=1
prefetchit-dominator-callees: only=1 profiled=711 skipped=64
prefetchit-dominator: functions=36 edges=0 calls=48 indirect=0 continuations=0 caller_targets=0 short_lead=17 skipped_eh=0 groups=28 hints=36 gate=0
prefetchit-dominator-lean: budget_skipped=0 duplicate_targets=5 window=0
prefetchit-dominator-profile: placement=24,600,8,0,0,1,0,0,4,0,0,callee=1,profile=22C67FBA7D3C0FF7,indirect=0,direct_pic=1 module=74FA76A7C2D6D97D removed=0 metadata=1
prefetchit-dominator-callees: only=1 profiled=711 skipped=64
prefetchit-dominator: functions=36 edges=0 calls=48 indirect=0 continuations=0 caller_targets=0 short_lead=16 skipped_eh=0 groups=26 hints=36 gate=0
prefetchit-dominator-lean: budget_skipped=0 duplicate_targets=5 window=0
prefetchit-dominator-profile: placement=24,600,8,0,0,1,0,0,4,0,0,callee=1,profile=22C67FBA7D3C0FF7,indirect=0,direct_pic=1 module=74FA76A7C2D6D97D removed=0 metadata=1
prefetchit-dominator-callees: only=1 profiled=711 skipped=64
prefetchit-dominator: functions=15 edges=0 calls=38 indirect=0 continuations=0 caller_targets=0 short_lead=17 skipped_eh=1 groups=20 hints=26 gate=0
prefetchit-dominator-lean: budget_skipped=0 duplicate_targets=3 window=0
prefetchit-dominator-profile: placement=24,600,8,0,0,1,0,0,4,0,0,callee=1,profile=22C67FBA7D3C0FF7,indirect=0,direct_pic=1 module=4283135314101EBB removed=0 metadata=1
prefetchit-dominator-callees: only=1 profiled=711 skipped=74
prefetchit-dominator: functions=15 edges=0 calls=38 indirect=0 continuations=0 caller_targets=0 short_lead=14 skipped_eh=1 groups=20 hints=26 gate=0
prefetchit-dominator-lean: budget_skipped=0 duplicate_targets=3 window=0
prefetchit-dominator-profile: placement=24,600,8,0,0,1,0,0,4,0,0,callee=1,profile=22C67FBA7D3C0FF7,indirect=0,direct_pic=1 module=4283135314101EBB removed=0 metadata=1
prefetchit-dominator-callees: only=1 profiled=711 skipped=74
prefetchit-dominator: functions=15 edges=0 calls=38 indirect=0 continuations=0 caller_targets=0 short_lead=12 skipped_eh=1 groups=19 hints=26 gate=0
prefetchit-dominator-lean: budget_skipped=0 duplicate_targets=3 window=0
prefetchit-dominator-profile: placement=24,600,8,0,0,1,0,0,4,0,0,callee=1,profile=22C67FBA7D3C0FF7,indirect=0,direct_pic=1 module=4283135314101EBB removed=0 metadata=1
prefetchit-dominator-callees: only=1 profiled=711 skipped=74
prefetchit-dominator: functions=29 edges=0 calls=115 indirect=0 continuations=0 caller_targets=0 short_lead=59 skipped_eh=2 groups=27 hints=47 gate=0
prefetchit-dominator-lean: budget_skipped=0 duplicate_targets=27 window=0
prefetchit-dominator-profile: placement=24,600,8,0,0,1,0,0,4,0,0,callee=1,profile=22C67FBA7D3C0FF7,indirect=0,direct_pic=1 module=2B2C3C854106C361 removed=0 metadata=1
prefetchit-dominator-callees: only=1 profiled=711 skipped=113
prefetchit-dominator: functions=29 edges=0 calls=115 indirect=0 continuations=0 caller_targets=0 short_lead=54 skipped_eh=2 groups=27 hints=47 gate=0
prefetchit-dominator-lean: budget_skipped=0 duplicate_targets=27 window=0
prefetchit-dominator-profile: placement=24,600,8,0,0,1,0,0,4,0,0,callee=1,profile=22C67FBA7D3C0FF7,indirect=0,direct_pic=1 module=2B2C3C854106C361 removed=0 metadata=1
prefetchit-dominator-callees: only=1 profiled=711 skipped=113
prefetchit-dominator: functions=29 edges=0 calls=115 indirect=0 continuations=0 caller_targets=0 short_lead=53 skipped_eh=2 groups=26 hints=47 gate=0
prefetchit-dominator-lean: budget_skipped=0 duplicate_targets=27 window=0
prefetchit-dominator-profile: placement=24,600,8,0,0,1,0,0,4,0,0,callee=1,profile=22C67FBA7D3C0FF7,indirect=0,direct_pic=1 module=2B2C3C854106C361 removed=0 metadata=1
prefetchit-dominator-callees: only=1 profiled=711 skipped=113
prefetchit-dominator: functions=23 edges=0 calls=37 indirect=0 continuations=0 caller_targets=0 short_lead=13 skipped_eh=0 groups=13 hints=20 gate=0
prefetchit-dominator-lean: budget_skipped=0 duplicate_targets=4 window=0
prefetchit-dominator-profile: placement=24,600,8,0,0,1,0,0,4,0,0,callee=1,profile=22C67FBA7D3C0FF7,indirect=0,direct_pic=1 module=DB95E2A840EF299F removed=0 metadata=1
prefetchit-dominator-callees: only=1 profiled=711 skipped=160
prefetchit-dominator: functions=23 edges=0 calls=37 indirect=0 continuations=0 caller_targets=0 short_lead=10 skipped_eh=0 groups=13 hints=20 gate=0
prefetchit-dominator-lean: budget_skipped=0 duplicate_targets=4 window=0
prefetchit-dominator-profile: placement=24,600,8,0,0,1,0,0,4,0,0,callee=1,profile=22C67FBA7D3C0FF7,indirect=0,direct_pic=1 module=DB95E2A840EF299F removed=0 metadata=1
prefetchit-dominator-callees: only=1 profiled=711 skipped=160
prefetchit-dominator: functions=23 edges=0 calls=37 indirect=0 continuations=0 caller_targets=0 short_lead=10 skipped_eh=0 groups=12 hints=20 gate=0
prefetchit-dominator-lean: budget_skipped=0 duplicate_targets=4 window=0
prefetchit-dominator-profile: placement=24,600,8,0,0,1,0,0,4,0,0,callee=1,profile=22C67FBA7D3C0FF7,indirect=0,direct_pic=1 module=DB95E2A840EF299F removed=0 metadata=1
prefetchit-dominator-callees: only=1 profiled=711 skipped=160
prefetchit-dominator: functions=22 edges=0 calls=41 indirect=0 continuations=0 caller_targets=0 short_lead=15 skipped_eh=0 groups=14 hints=19 gate=0
prefetchit-dominator-lean: budget_skipped=0 duplicate_targets=10 window=0
prefetchit-dominator-profile: placement=24,600,8,0,0,1,0,0,4,0,0,callee=1,profile=22C67FBA7D3C0FF7,indirect=0,direct_pic=1 module=4FDCE5ABEC858223 removed=0 metadata=1
prefetchit-dominator-callees: only=1 profiled=711 skipped=191
prefetchit-dominator: functions=22 edges=0 calls=41 indirect=0 continuations=0 caller_targets=0 short_lead=11 skipped_eh=0 groups=13 hints=19 gate=0
prefetchit-dominator-lean: budget_skipped=0 duplicate_targets=11 window=0
prefetchit-dominator-profile: placement=24,600,8,0,0,1,0,0,4,0,0,callee=1,profile=22C67FBA7D3C0FF7,indirect=0,direct_pic=1 module=4FDCE5ABEC858223 removed=0 metadata=1
prefetchit-dominator-callees: only=1 profiled=711 skipped=191
prefetchit-dominator: functions=22 edges=0 calls=41 indirect=0 continuations=0 caller_targets=0 short_lead=10 skipped_eh=0 groups=12 hints=19 gate=0
prefetchit-dominator-lean: budget_skipped=0 duplicate_targets=10 window=0
prefetchit-dominator-profile: placement=24,600,8,0,0,1,0,0,4,0,0,callee=1,profile=22C67FBA7D3C0FF7,indirect=0,direct_pic=1 module=4FDCE5ABEC858223 removed=0 metadata=1
prefetchit-dominator-callees: only=1 profiled=711 skipped=191
prefetchit-dominator: functions=21 edges=0 calls=19 indirect=0 continuations=0 caller_targets=0 short_lead=14 skipped_eh=1 groups=11 hints=16 gate=0
prefetchit-dominator-lean: budget_skipped=0 duplicate_targets=0 window=0
prefetchit-dominator-profile: placement=24,600,8,0,0,1,0,0,4,0,0,callee=1,profile=22C67FBA7D3C0FF7,indirect=0,direct_pic=1 module=DE0743309CF7DAB2 removed=0 metadata=1
prefetchit-dominator-callees: only=1 profiled=711 skipped=69
prefetchit-dominator: functions=21 edges=0 calls=19 indirect=0 continuations=0 caller_targets=0 short_lead=13 skipped_eh=1 groups=11 hints=16 gate=0
prefetchit-dominator-lean: budget_skipped=0 duplicate_targets=0 window=0
prefetchit-dominator-profile: placement=24,600,8,0,0,1,0,0,4,0,0,callee=1,profile=22C67FBA7D3C0FF7,indirect=0,direct_pic=1 module=DE0743309CF7DAB2 removed=0 metadata=1
prefetchit-dominator-callees: only=1 profiled=711 skipped=69
prefetchit-dominator: functions=21 edges=0 calls=19 indirect=0 continuations=0 caller_targets=0 short_lead=13 skipped_eh=1 groups=11 hints=16 gate=0
prefetchit-dominator-lean: budget_skipped=0 duplicate_targets=0 window=0
prefetchit-dominator-profile: placement=24,600,8,0,0,1,0,0,4,0,0,callee=1,profile=22C67FBA7D3C0FF7,indirect=0,direct_pic=1 module=DE0743309CF7DAB2 removed=0 metadata=1
prefetchit-dominator-callees: only=1 profiled=711 skipped=69
prefetchit-dominator: functions=5 edges=0 calls=66 indirect=0 continuations=0 caller_targets=0 short_lead=16 skipped_eh=0 groups=6 hints=11 gate=0
prefetchit-dominator-lean: budget_skipped=0 duplicate_targets=27 window=0
prefetchit-dominator-profile: placement=24,600,8,0,0,1,0,0,4,0,0,callee=1,profile=22C67FBA7D3C0FF7,indirect=0,direct_pic=1 module=927417F289CF3288 removed=0 metadata=1
prefetchit-dominator-callees: only=1 profiled=711 skipped=12
prefetchit-dominator: functions=5 edges=0 calls=66 indirect=0 continuations=0 caller_targets=0 short_lead=14 skipped_eh=0 groups=6 hints=11 gate=0
prefetchit-dominator-lean: budget_skipped=0 duplicate_targets=27 window=0
prefetchit-dominator-profile: placement=24,600,8,0,0,1,0,0,4,0,0,callee=1,profile=22C67FBA7D3C0FF7,indirect=0,direct_pic=1 module=927417F289CF3288 removed=0 metadata=1
prefetchit-dominator-callees: only=1 profiled=711 skipped=12
prefetchit-dominator: functions=5 edges=0 calls=66 indirect=0 continuations=0 caller_targets=0 short_lead=14 skipped_eh=0 groups=6 hints=11 gate=0
prefetchit-dominator-lean: budget_skipped=0 duplicate_targets=27 window=0
prefetchit-dominator-profile: placement=24,600,8,0,0,1,0,0,4,0,0,callee=1,profile=22C67FBA7D3C0FF7,indirect=0,direct_pic=1 module=927417F289CF3288 removed=0 metadata=1
prefetchit-dominator-callees: only=1 profiled=711 skipped=12
prefetchit-dominator: functions=16 edges=0 calls=48 indirect=0 continuations=0 caller_targets=0 short_lead=13 skipped_eh=0 groups=12 hints=14 gate=0
prefetchit-dominator-lean: budget_skipped=0 duplicate_targets=16 window=0
prefetchit-dominator-profile: placement=24,600,8,0,0,1,0,0,4,0,0,callee=1,profile=22C67FBA7D3C0FF7,indirect=0,direct_pic=1 module=C821DDFC5B31B8D5 removed=0 metadata=1
prefetchit-dominator-callees: only=1 profiled=711 skipped=16
prefetchit-dominator: functions=16 edges=0 calls=48 indirect=0 continuations=0 caller_targets=0 short_lead=13 skipped_eh=0 groups=12 hints=14 gate=0
prefetchit-dominator-lean: budget_skipped=0 duplicate_targets=16 window=0
prefetchit-dominator-profile: placement=24,600,8,0,0,1,0,0,4,0,0,callee=1,profile=22C67FBA7D3C0FF7,indirect=0,direct_pic=1 module=C821DDFC5B31B8D5 removed=0 metadata=1
prefetchit-dominator-callees: only=1 profiled=711 skipped=16
prefetchit-dominator: functions=16 edges=0 calls=48 indirect=0 continuations=0 caller_targets=0 short_lead=13 skipped_eh=0 groups=12 hints=14 gate=0
prefetchit-dominator-lean: budget_skipped=0 duplicate_targets=16 window=0
prefetchit-dominator-profile: placement=24,600,8,0,0,1,0,0,4,0,0,callee=1,profile=22C67FBA7D3C0FF7,indirect=0,direct_pic=1 module=C821DDFC5B31B8D5 removed=0 metadata=1
prefetchit-dominator-callees: only=1 profiled=711 skipped=16
prefetchit-dominator: functions=71 edges=0 calls=161 indirect=0 continuations=0 caller_targets=0 short_lead=68 skipped_eh=4 groups=45 hints=59 gate=0
prefetchit-dominator-lean: budget_skipped=0 duplicate_targets=33 window=0
prefetchit-dominator-profile: placement=24,600,8,0,0,1,0,0,4,0,0,callee=1,profile=22C67FBA7D3C0FF7,indirect=0,direct_pic=1 module=E6A509777344B79A removed=0 metadata=1
prefetchit-dominator-callees: only=1 profiled=711 skipped=416
prefetchit-dominator: functions=71 edges=0 calls=161 indirect=0 continuations=0 caller_targets=0 short_lead=61 skipped_eh=4 groups=45 hints=59 gate=0
prefetchit-dominator-lean: budget_skipped=0 duplicate_targets=33 window=0
prefetchit-dominator-profile: placement=24,600,8,0,0,1,0,0,4,0,0,callee=1,profile=22C67FBA7D3C0FF7,indirect=0,direct_pic=1 module=E6A509777344B79A removed=0 metadata=1
prefetchit-dominator-callees: only=1 profiled=711 skipped=416
prefetchit-dominator: functions=71 edges=0 calls=161 indirect=0 continuations=0 caller_targets=0 short_lead=58 skipped_eh=4 groups=44 hints=59 gate=0
prefetchit-dominator-lean: budget_skipped=0 duplicate_targets=33 window=0
prefetchit-dominator-profile: placement=24,600,8,0,0,1,0,0,4,0,0,callee=1,profile=22C67FBA7D3C0FF7,indirect=0,direct_pic=1 module=E6A509777344B79A removed=0 metadata=1
prefetchit-dominator-callees: only=1 profiled=711 skipped=416
prefetchit-dominator: functions=39 edges=0 calls=122 indirect=0 continuations=0 caller_targets=0 short_lead=47 skipped_eh=3 groups=37 hints=49 gate=0
prefetchit-dominator-lean: budget_skipped=0 duplicate_targets=26 window=0
prefetchit-dominator-profile: placement=24,600,8,0,0,1,0,0,4,0,0,callee=1,profile=22C67FBA7D3C0FF7,indirect=0,direct_pic=1 module=ABA0825D3A39BA65 removed=0 metadata=1
prefetchit-dominator-callees: only=1 profiled=711 skipped=281
prefetchit-dominator: functions=39 edges=0 calls=122 indirect=0 continuations=0 caller_targets=0 short_lead=44 skipped_eh=3 groups=37 hints=49 gate=0
prefetchit-dominator-lean: budget_skipped=0 duplicate_targets=26 window=0
prefetchit-dominator-profile: placement=24,600,8,0,0,1,0,0,4,0,0,callee=1,profile=22C67FBA7D3C0FF7,indirect=0,direct_pic=1 module=ABA0825D3A39BA65 removed=0 metadata=1
prefetchit-dominator-callees: only=1 profiled=711 skipped=281
prefetchit-dominator: functions=39 edges=0 calls=122 indirect=0 continuations=0 caller_targets=0 short_lead=44 skipped_eh=3 groups=37 hints=49 gate=0
prefetchit-dominator-lean: budget_skipped=0 duplicate_targets=26 window=0
prefetchit-dominator-profile: placement=24,600,8,0,0,1,0,0,4,0,0,callee=1,profile=22C67FBA7D3C0FF7,indirect=0,direct_pic=1 module=ABA0825D3A39BA65 removed=0 metadata=1
prefetchit-dominator-callees: only=1 profiled=711 skipped=281
prefetchit-dominator: functions=62 edges=0 calls=190 indirect=0 continuations=0 caller_targets=0 short_lead=41 skipped_eh=2 groups=52 hints=63 gate=0
prefetchit-dominator-lean: budget_skipped=0 duplicate_targets=53 window=0
prefetchit-dominator-profile: placement=24,600,8,0,0,1,0,0,4,0,0,callee=1,profile=22C67FBA7D3C0FF7,indirect=0,direct_pic=1 module=3F5E27E1789AFF22 removed=0 metadata=1
prefetchit-dominator-callees: only=1 profiled=711 skipped=501
prefetchit-dominator: functions=62 edges=0 calls=190 indirect=0 continuations=0 caller_targets=0 short_lead=37 skipped_eh=2 groups=52 hints=63 gate=0
prefetchit-dominator-lean: budget_skipped=0 duplicate_targets=53 window=0
prefetchit-dominator-profile: placement=24,600,8,0,0,1,0,0,4,0,0,callee=1,profile=22C67FBA7D3C0FF7,indirect=0,direct_pic=1 module=3F5E27E1789AFF22 removed=0 metadata=1
prefetchit-dominator-callees: only=1 profiled=711 skipped=501
prefetchit-dominator: functions=62 edges=0 calls=190 indirect=0 continuations=0 caller_targets=0 short_lead=36 skipped_eh=2 groups=51 hints=63 gate=0
prefetchit-dominator-lean: budget_skipped=0 duplicate_targets=53 window=0
prefetchit-dominator-profile: placement=24,600,8,0,0,1,0,0,4,0,0,callee=1,profile=22C67FBA7D3C0FF7,indirect=0,direct_pic=1 module=3F5E27E1789AFF22 removed=0 metadata=1
prefetchit-dominator-callees: only=1 profiled=711 skipped=501
[100%] Linking CXX static library libyaml-cpp.a
[100%] Built target yaml-cpp
