[  1%] Building CXX object lib/cpp/CMakeFiles/thrift_static.dir/src/thrift/concurrency/TimerManager.cpp.o
[  3%] Building CXX object lib/cpp/CMakeFiles/thrift_static.dir/src/thrift/async/TAsyncProtocolProcessor.cpp.o
[  5%] Building CXX object lib/cpp/CMakeFiles/thrift_static.dir/src/thrift/processor/PeekProcessor.cpp.o
[  7%] Building CXX object lib/cpp/CMakeFiles/thrift_static.dir/src/thrift/concurrency/ThreadManager.cpp.o
[  9%] Building CXX object lib/cpp/CMakeFiles/thrift_static.dir/src/thrift/TApplicationException.cpp.o
[ 11%] Building CXX object lib/cpp/CMakeFiles/thrift_static.dir/src/thrift/TOutput.cpp.o
[ 13%] Building CXX object lib/cpp/CMakeFiles/thrift_static.dir/src/thrift/protocol/TBase64Utils.cpp.o
[ 15%] Building CXX object lib/cpp/CMakeFiles/thrift_static.dir/src/thrift/async/TConcurrentClientSyncInfo.cpp.o
[ 17%] Building CXX object lib/cpp/CMakeFiles/thrift_static.dir/src/thrift/async/TAsyncChannel.cpp.o
[ 19%] Building CXX object lib/cpp/CMakeFiles/thrift_static.dir/src/thrift/concurrency/Util.cpp.o
[ 21%] Building CXX object lib/cpp/CMakeFiles/thrift_static.dir/src/thrift/protocol/TDebugProtocol.cpp.o
[ 23%] Building CXX object lib/cpp/CMakeFiles/thrift_static.dir/src/thrift/protocol/TJSONProtocol.cpp.o
[ 25%] Building CXX object lib/cpp/CMakeFiles/thrift_static.dir/src/thrift/protocol/TMultiplexedProtocol.cpp.o
[ 27%] Building CXX object lib/cpp/CMakeFiles/thrift_static.dir/src/thrift/protocol/TProtocol.cpp.o
[ 29%] Building CXX object lib/cpp/CMakeFiles/thrift_static.dir/src/thrift/transport/TTransportException.cpp.o
[ 31%] Building CXX object lib/cpp/CMakeFiles/thrift_static.dir/src/thrift/transport/TFDTransport.cpp.o
prefetchit-dominator: functions=2 edges=0 calls=0 indirect=0 continuations=0 caller_targets=0 short_lead=0 skipped_eh=0 groups=0 hints=0 gate=0
prefetchit-dominator-lean: budget_skipped=0 duplicate_targets=0 window=0
prefetchit-dominator-profile: placement=24,600,8,0,0,1,0,0,4,0,0,callee=1,profile=1459600085F2673,indirect=0,direct_pic=1,indirect_targets=A5EA74985B421A73,path_dedup=1 module=AE6DF1AD1B8F1772 removed=0 metadata=1
prefetchit-dominator-callees: only=1 profiled=724 skipped=0
prefetchit-dominator-indirect-targets: candidates=0 lifted=0 callers=107
[ 33%] Building CXX object lib/cpp/CMakeFiles/thrift_static.dir/src/thrift/transport/TSimpleFileTransport.cpp.o
prefetchit-dominator: functions=1 edges=0 calls=0 indirect=0 continuations=0 caller_targets=0 short_lead=0 skipped_eh=0 groups=0 hints=0 gate=0
prefetchit-dominator-lean: budget_skipped=0 duplicate_targets=0 window=0
prefetchit-dominator-profile: placement=24,600,8,0,0,1,0,0,4,0,0,callee=1,profile=1459600085F2673,indirect=0,direct_pic=1,indirect_targets=A5EA74985B421A73,path_dedup=1 module=65D75E73FF753903 removed=0 metadata=1
prefetchit-dominator-callees: only=1 profiled=724 skipped=1
prefetchit-dominator-indirect-targets: candidates=0 lifted=0 callers=107
[ 35%] Building CXX object lib/cpp/CMakeFiles/thrift_static.dir/src/thrift/transport/THttpTransport.cpp.o
prefetchit-dominator: functions=7 edges=0 calls=4 indirect=0 continuations=0 caller_targets=0 short_lead=4 skipped_eh=0 groups=2 hints=3 gate=0
prefetchit-dominator-lean: budget_skipped=0 duplicate_targets=0 window=0
prefetchit-dominator-profile: placement=24,600,8,0,0,1,0,0,4,0,0,callee=1,profile=1459600085F2673,indirect=0,direct_pic=1,indirect_targets=A5EA74985B421A73,path_dedup=1 module=73656EB1E96F68F removed=0 metadata=1
prefetchit-dominator-callees: only=1 profiled=724 skipped=19
prefetchit-dominator-indirect-targets: candidates=0 lifted=0 callers=107
prefetchit-dominator: functions=5 edges=0 calls=5 indirect=0 continuations=0 caller_targets=0 short_lead=5 skipped_eh=0 groups=3 hints=3 gate=0
prefetchit-dominator-lean: budget_skipped=0 duplicate_targets=0 window=0
prefetchit-dominator-profile: placement=24,600,8,0,0,1,0,0,4,0,0,callee=1,profile=1459600085F2673,indirect=0,direct_pic=1,indirect_targets=A5EA74985B421A73,path_dedup=1 module=2DCE3A0A41A75EFB removed=0 metadata=1
prefetchit-dominator-callees: only=1 profiled=724 skipped=3
prefetchit-dominator-indirect-targets: candidates=0 lifted=0 callers=107
[ 37%] Building CXX object lib/cpp/CMakeFiles/thrift_static.dir/src/thrift/transport/THttpClient.cpp.o
[ 39%] Building CXX object lib/cpp/CMakeFiles/thrift_static.dir/src/thrift/transport/THttpServer.cpp.o
prefetchit-dominator: functions=4 edges=0 calls=12 indirect=0 continuations=0 caller_targets=0 short_lead=3 skipped_eh=0 groups=3 hints=4 gate=0
prefetchit-dominator-lean: budget_skipped=0 duplicate_targets=3 window=0
prefetchit-dominator-profile: placement=24,600,8,0,0,1,0,0,4,0,0,callee=1,profile=1459600085F2673,indirect=0,direct_pic=1,indirect_targets=A5EA74985B421A73,path_dedup=1 module=692C975F5A81C4EE removed=0 metadata=1
prefetchit-dominator-callees: only=1 profiled=724 skipped=16
prefetchit-dominator-indirect-targets: candidates=0 lifted=0 callers=107
prefetchit-dominator: functions=2 edges=0 calls=2 indirect=0 continuations=0 caller_targets=0 short_lead=1 skipped_eh=0 groups=1 hints=1 gate=0
prefetchit-dominator-lean: budget_skipped=0 duplicate_targets=0 window=0
prefetchit-dominator-profile: placement=24,600,8,0,0,1,0,0,4,0,0,callee=1,profile=1459600085F2673,indirect=0,direct_pic=1,indirect_targets=A5EA74985B421A73,path_dedup=1 module=22722E297BDDBC8 removed=0 metadata=1
prefetchit-dominator-callees: only=1 profiled=724 skipped=16
prefetchit-dominator-indirect-targets: candidates=0 lifted=0 callers=107
[ 41%] Building CXX object lib/cpp/CMakeFiles/thrift_static.dir/src/thrift/transport/TSocket.cpp.o
prefetchit-dominator: functions=13 edges=0 calls=9 indirect=0 continuations=0 caller_targets=0 short_lead=5 skipped_eh=0 groups=4 hints=4 gate=0
prefetchit-dominator-lean: budget_skipped=0 duplicate_targets=1 window=0
prefetchit-dominator-profile: placement=24,600,8,0,0,1,0,0,4,0,0,callee=1,profile=1459600085F2673,indirect=0,direct_pic=1,indirect_targets=A5EA74985B421A73,path_dedup=1 module=498A92F27431B440 removed=0 metadata=1
prefetchit-dominator-callees: only=1 profiled=724 skipped=38
prefetchit-dominator-indirect-targets: candidates=0 lifted=0 callers=107
[ 43%] Building CXX object lib/cpp/CMakeFiles/thrift_static.dir/src/thrift/transport/TSocketPool.cpp.o
prefetchit-dominator: functions=25 edges=0 calls=28 indirect=0 continuations=0 caller_targets=0 short_lead=10 skipped_eh=0 groups=13 hints=16 gate=0
prefetchit-dominator-lean: budget_skipped=0 duplicate_targets=5 window=0
prefetchit-dominator-profile: placement=24,600,8,0,0,1,0,0,4,0,0,callee=1,profile=1459600085F2673,indirect=0,direct_pic=1,indirect_targets=A5EA74985B421A73,path_dedup=1 module=7987CF4904AFF956 removed=0 metadata=1
prefetchit-dominator-callees: only=1 profiled=724 skipped=57
prefetchit-dominator-indirect-targets: candidates=0 lifted=0 callers=107
[ 45%] Building CXX object lib/cpp/CMakeFiles/thrift_static.dir/src/thrift/transport/TServerSocket.cpp.o
prefetchit-dominator: functions=14 edges=0 calls=5 indirect=0 continuations=0 caller_targets=0 short_lead=4 skipped_eh=0 groups=4 hints=5 gate=0
prefetchit-dominator-lean: budget_skipped=0 duplicate_targets=0 window=0
prefetchit-dominator-profile: placement=24,600,8,0,0,1,0,0,4,0,0,callee=1,profile=1459600085F2673,indirect=0,direct_pic=1,indirect_targets=A5EA74985B421A73,path_dedup=1 module=42A505A2230E6DF8 removed=0 metadata=1
prefetchit-dominator-callees: only=1 profiled=724 skipped=75
prefetchit-dominator-indirect-targets: candidates=0 lifted=0 callers=107
[ 47%] Building CXX object lib/cpp/CMakeFiles/thrift_static.dir/src/thrift/transport/TTransportUtils.cpp.o
[ 49%] Building CXX object lib/cpp/CMakeFiles/thrift_static.dir/src/thrift/transport/TBufferTransports.cpp.o
prefetchit-dominator: functions=48 edges=0 calls=15 indirect=0 continuations=0 caller_targets=0 short_lead=11 skipped_eh=0 groups=6 hints=11 gate=0
prefetchit-dominator-lean: budget_skipped=0 duplicate_targets=1 window=0
prefetchit-dominator-profile: placement=24,600,8,0,0,1,0,0,4,0,0,callee=1,profile=1459600085F2673,indirect=0,direct_pic=1,indirect_targets=A5EA74985B421A73,path_dedup=1 module=A7477C7740662BC3 removed=0 metadata=1
prefetchit-dominator-callees: only=1 profiled=724 skipped=52
prefetchit-dominator-indirect-targets: candidates=0 lifted=0 callers=107
prefetchit-dominator: functions=24 edges=0 calls=18 indirect=0 continuations=0 caller_targets=0 short_lead=14 skipped_eh=0 groups=11 hints=13 gate=0
prefetchit-dominator-lean: budget_skipped=0 duplicate_targets=0 window=0
prefetchit-dominator-profile: placement=24,600,8,0,0,1,0,0,4,0,0,callee=1,profile=1459600085F2673,indirect=0,direct_pic=1,indirect_targets=A5EA74985B421A73,path_dedup=1 module=6E35A5506B2D3D74 removed=0 metadata=1
prefetchit-dominator-callees: only=1 profiled=724 skipped=43
prefetchit-dominator-indirect-targets: candidates=0 lifted=0 callers=107
prefetchit-dominator: functions=52 edges=0 calls=36 indirect=0 continuations=0 caller_targets=0 short_lead=28 skipped_eh=0 groups=24 hints=27 gate=0
prefetchit-dominator-lean: budget_skipped=0 duplicate_targets=2 window=0
prefetchit-dominator-profile: placement=24,600,8,0,0,1,0,0,4,0,0,callee=1,profile=1459600085F2673,indirect=0,direct_pic=1,indirect_targets=A5EA74985B421A73,path_dedup=1 module=F1551E307E63CC6F removed=0 metadata=1
prefetchit-dominator-callees: only=1 profiled=724 skipped=213
prefetchit-dominator-indirect-targets: candidates=0 lifted=0 callers=107
[ 50%] Building CXX object lib/cpp/CMakeFiles/thrift_static.dir/src/thrift/server/TConnectedClient.cpp.o
prefetchit-dominator: functions=39 edges=0 calls=43 indirect=0 continuations=0 caller_targets=0 short_lead=28 skipped_eh=1 groups=28 hints=34 gate=0
prefetchit-dominator-lean: budget_skipped=0 duplicate_targets=0 window=0
prefetchit-dominator-profile: placement=24,600,8,0,0,1,0,0,4,0,0,callee=1,profile=1459600085F2673,indirect=0,direct_pic=1,indirect_targets=A5EA74985B421A73,path_dedup=1 module=EDF8720F752E4F8D removed=0 metadata=1
prefetchit-dominator-callees: only=1 profiled=724 skipped=130
prefetchit-dominator-indirect-targets: candidates=0 lifted=0 callers=107
[ 52%] Building CXX object lib/cpp/CMakeFiles/thrift_static.dir/src/thrift/server/TServerFramework.cpp.o
prefetchit-dominator: functions=29 edges=0 calls=19 indirect=0 continuations=0 caller_targets=0 short_lead=14 skipped_eh=1 groups=11 hints=12 gate=0
prefetchit-dominator-lean: budget_skipped=0 duplicate_targets=2 window=0
prefetchit-dominator-profile: placement=24,600,8,0,0,1,0,0,4,0,0,callee=1,profile=1459600085F2673,indirect=0,direct_pic=1,indirect_targets=A5EA74985B421A73,path_dedup=1 module=652188B0C484B535 removed=0 metadata=1
prefetchit-dominator-callees: only=1 profiled=724 skipped=116
prefetchit-dominator-indirect-targets: candidates=1 lifted=0 callers=107
prefetchit-dominator: functions=42 edges=0 calls=261 indirect=0 continuations=0 caller_targets=0 short_lead=43 skipped_eh=0 groups=53 hints=95 gate=0
prefetchit-dominator-lean: budget_skipped=15 duplicate_targets=87 window=0
prefetchit-dominator-profile: placement=24,600,8,0,0,1,0,0,4,0,0,callee=1,profile=1459600085F2673,indirect=0,direct_pic=1,indirect_targets=A5EA74985B421A73,path_dedup=1 module=8ECE8F4A1450B1BD removed=0 metadata=1
prefetchit-dominator-callees: only=1 profiled=724 skipped=170
prefetchit-dominator-indirect-targets: candidates=0 lifted=0 callers=107
[ 54%] Building CXX object lib/cpp/CMakeFiles/thrift_static.dir/src/thrift/server/TSimpleServer.cpp.o
[ 56%] Building CXX object lib/cpp/CMakeFiles/thrift_static.dir/src/thrift/server/TThreadPoolServer.cpp.o
[ 58%] Building CXX object lib/cpp/CMakeFiles/thrift_static.dir/src/thrift/server/TThreadedServer.cpp.o
prefetchit-dominator: functions=35 edges=0 calls=25 indirect=0 continuations=0 caller_targets=0 short_lead=14 skipped_eh=0 groups=15 hints=17 gate=0
prefetchit-dominator-lean: budget_skipped=0 duplicate_targets=2 window=0
prefetchit-dominator-profile: placement=24,600,8,0,0,1,0,0,4,0,0,callee=1,profile=1459600085F2673,indirect=0,direct_pic=1,indirect_targets=A5EA74985B421A73,path_dedup=1 module=B07BF08170E8C938 removed=0 metadata=1
prefetchit-dominator-callees: only=1 profiled=724 skipped=90
prefetchit-dominator-indirect-targets: candidates=0 lifted=0 callers=107
prefetchit-dominator: functions=92 edges=0 calls=76 indirect=0 continuations=0 caller_targets=0 short_lead=48 skipped_eh=4 groups=46 hints=57 gate=0
prefetchit-dominator-lean: budget_skipped=1 duplicate_targets=1 window=0
prefetchit-dominator-profile: placement=24,600,8,0,0,1,0,0,4,0,0,callee=1,profile=1459600085F2673,indirect=0,direct_pic=1,indirect_targets=A5EA74985B421A73,path_dedup=1 module=3EB49ECF38866DC4 removed=0 metadata=1
prefetchit-dominator-callees: only=1 profiled=724 skipped=382
prefetchit-dominator-indirect-targets: candidates=0 lifted=0 callers=107
[ 60%] Building CXX object lib/cpp/CMakeFiles/thrift_static.dir/src/thrift/transport/TPipe.cpp.o
prefetchit-dominator: functions=28 edges=0 calls=73 indirect=0 continuations=0 caller_targets=0 short_lead=16 skipped_eh=0 groups=21 hints=24 gate=0
prefetchit-dominator-lean: budget_skipped=13 duplicate_targets=16 window=0
prefetchit-dominator-profile: placement=24,600,8,0,0,1,0,0,4,0,0,callee=1,profile=1459600085F2673,indirect=0,direct_pic=1,indirect_targets=A5EA74985B421A73,path_dedup=1 module=8617A1561A8AA076 removed=0 metadata=1
prefetchit-dominator-callees: only=1 profiled=724 skipped=107
prefetchit-dominator-indirect-targets: candidates=0 lifted=0 callers=107
prefetchit-dominator: functions=47 edges=0 calls=62 indirect=0 continuations=0 caller_targets=0 short_lead=18 skipped_eh=2 groups=21 hints=25 gate=0
prefetchit-dominator-lean: budget_skipped=0 duplicate_targets=22 window=0
prefetchit-dominator-profile: placement=24,600,8,0,0,1,0,0,4,0,0,callee=1,profile=1459600085F2673,indirect=0,direct_pic=1,indirect_targets=A5EA74985B421A73,path_dedup=1 module=7AA2160138B704DF removed=0 metadata=1
prefetchit-dominator-callees: only=1 profiled=724 skipped=298
prefetchit-dominator-indirect-targets: candidates=0 lifted=0 callers=107
[ 62%] Building CXX object lib/cpp/CMakeFiles/thrift_static.dir/src/thrift/transport/TPipeServer.cpp.o
prefetchit-dominator: functions=66 edges=0 calls=36 indirect=0 continuations=0 caller_targets=0 short_lead=35 skipped_eh=0 groups=28 hints=38 gate=0
prefetchit-dominator-lean: budget_skipped=0 duplicate_targets=1 window=0
prefetchit-dominator-profile: placement=24,600,8,0,0,1,0,0,4,0,0,callee=1,profile=1459600085F2673,indirect=0,direct_pic=1,indirect_targets=A5EA74985B421A73,path_dedup=1 module=9D8CB52B8A978959 removed=0 metadata=1
prefetchit-dominator-callees: only=1 profiled=724 skipped=97
prefetchit-dominator-indirect-targets: candidates=11 lifted=0 callers=107
[ 64%] Building CXX object lib/cpp/CMakeFiles/thrift_static.dir/src/thrift/transport/TFileTransport.cpp.o
prefetchit-dominator: functions=59 edges=0 calls=197 indirect=0 continuations=0 caller_targets=0 short_lead=46 skipped_eh=0 groups=43 hints=69 gate=0
prefetchit-dominator-lean: budget_skipped=0 duplicate_targets=47 window=0
prefetchit-dominator-profile: placement=24,600,8,0,0,1,0,0,4,0,0,callee=1,profile=1459600085F2673,indirect=0,direct_pic=1,indirect_targets=A5EA74985B421A73,path_dedup=1 module=7766DBFA8259E36C removed=0 metadata=1
prefetchit-dominator-callees: only=1 profiled=724 skipped=311
prefetchit-dominator-indirect-targets: candidates=4 lifted=0 callers=107
prefetchit-dominator: functions=50 edges=0 calls=43 indirect=0 continuations=0 caller_targets=0 short_lead=30 skipped_eh=1 groups=30 hints=33 gate=0
prefetchit-dominator-lean: budget_skipped=0 duplicate_targets=4 window=0
prefetchit-dominator-profile: placement=24,600,8,0,0,1,0,0,4,0,0,callee=1,profile=1459600085F2673,indirect=0,direct_pic=1,indirect_targets=A5EA74985B421A73,path_dedup=1 module=DE772A0865B4C32A removed=0 metadata=1
prefetchit-dominator-callees: only=1 profiled=724 skipped=105
prefetchit-dominator-indirect-targets: candidates=3 lifted=0 callers=107
prefetchit-dominator: functions=83 edges=0 calls=32 indirect=0 continuations=0 caller_targets=0 short_lead=17 skipped_eh=0 groups=20 hints=20 gate=0
prefetchit-dominator-lean: budget_skipped=0 duplicate_targets=0 window=0
prefetchit-dominator-profile: placement=24,600,8,0,0,1,0,0,4,0,0,callee=1,profile=1459600085F2673,indirect=0,direct_pic=1,indirect_targets=A5EA74985B421A73,path_dedup=1 module=763E61DD6D69AB2B removed=0 metadata=1
prefetchit-dominator-callees: only=1 profiled=724 skipped=158
prefetchit-dominator-indirect-targets: candidates=0 lifted=0 callers=107
prefetchit-dominator: functions=13 edges=0 calls=22 indirect=0 continuations=0 caller_targets=0 short_lead=2 skipped_eh=0 groups=5 hints=6 gate=0
prefetchit-dominator-lean: budget_skipped=0 duplicate_targets=17 window=0
prefetchit-dominator-profile: placement=24,600,8,0,0,1,0,0,4,0,0,callee=1,profile=1459600085F2673,indirect=0,direct_pic=1,indirect_targets=A5EA74985B421A73,path_dedup=1 module=C0B52E08A7AE6037 removed=0 metadata=1
prefetchit-dominator-callees: only=1 profiled=724 skipped=93
prefetchit-dominator-indirect-targets: candidates=18 lifted=0 callers=107
[ 66%] Building CXX object lib/cpp/CMakeFiles/thrift_static.dir/src/thrift/VirtualProfiling.cpp.o
[ 68%] Building CXX object lib/cpp/CMakeFiles/thrift_static.dir/src/thrift/server/TServer.cpp.o
[ 70%] Building CXX object lib/cpp/CMakeFiles/thrift_static.dir/src/thrift/transport/TSSLSocket.cpp.o
prefetchit-dominator: functions=1 edges=0 calls=0 indirect=0 continuations=0 caller_targets=0 short_lead=0 skipped_eh=0 groups=0 hints=0 gate=0
prefetchit-dominator-lean: budget_skipped=0 duplicate_targets=0 window=0
prefetchit-dominator-profile: placement=24,600,8,0,0,1,0,0,4,0,0,callee=1,profile=1459600085F2673,indirect=0,direct_pic=1,indirect_targets=A5EA74985B421A73,path_dedup=1 module=ADD086BBF15B2438 removed=0 metadata=1
prefetchit-dominator-callees: only=1 profiled=724 skipped=1
prefetchit-dominator-indirect-targets: candidates=0 lifted=0 callers=107
[ 72%] Building CXX object lib/cpp/CMakeFiles/thrift_static.dir/src/thrift/transport/TSSLServerSocket.cpp.o
[ 74%] Building CXX object lib/cpp/CMakeFiles/thrift_static.dir/src/thrift/concurrency/PosixThreadFactory.cpp.o
[ 76%] Building CXX object lib/cpp/CMakeFiles/thrift_static.dir/src/thrift/concurrency/Mutex.cpp.o
prefetchit-dominator: functions=12 edges=0 calls=1 indirect=0 continuations=0 caller_targets=0 short_lead=1 skipped_eh=0 groups=1 hints=1 gate=0
prefetchit-dominator-lean: budget_skipped=0 duplicate_targets=0 window=0
prefetchit-dominator-profile: placement=24,600,8,0,0,1,0,0,4,0,0,callee=1,profile=1459600085F2673,indirect=0,direct_pic=1,indirect_targets=A5EA74985B421A73,path_dedup=1 module=3C281360BC2A9D4A removed=0 metadata=1
prefetchit-dominator-callees: only=1 profiled=724 skipped=17
prefetchit-dominator-indirect-targets: candidates=0 lifted=0 callers=107
[ 78%] Building CXX object lib/cpp/CMakeFiles/thrift_static.dir/src/thrift/concurrency/Monitor.cpp.o
prefetchit-dominator: functions=0 edges=0 calls=0 indirect=0 continuations=0 caller_targets=0 short_lead=0 skipped_eh=0 groups=0 hints=0 gate=0
prefetchit-dominator-lean: budget_skipped=0 duplicate_targets=0 window=0
prefetchit-dominator-profile: placement=24,600,8,0,0,1,0,0,4,0,0,callee=1,profile=1459600085F2673,indirect=0,direct_pic=1,indirect_targets=A5EA74985B421A73,path_dedup=1 module=33D8F83FCB103831 removed=0 metadata=1
prefetchit-dominator-callees: only=1 profiled=724 skipped=0
prefetchit-dominator-indirect-targets: candidates=0 lifted=0 callers=107
prefetchit-dominator: functions=18 edges=0 calls=1 indirect=0 continuations=0 caller_targets=0 short_lead=1 skipped_eh=0 groups=1 hints=1 gate=0
prefetchit-dominator-lean: budget_skipped=0 duplicate_targets=0 window=0
prefetchit-dominator-profile: placement=24,600,8,0,0,1,0,0,4,0,0,callee=1,profile=1459600085F2673,indirect=0,direct_pic=1,indirect_targets=A5EA74985B421A73,path_dedup=1 module=2E22C866CB8CA276 removed=0 metadata=1
prefetchit-dominator-callees: only=1 profiled=724 skipped=20
prefetchit-dominator-indirect-targets: candidates=0 lifted=0 callers=107
prefetchit-dominator: functions=0 edges=0 calls=0 indirect=0 continuations=0 caller_targets=0 short_lead=0 skipped_eh=0 groups=0 hints=0 gate=0
prefetchit-dominator-lean: budget_skipped=0 duplicate_targets=0 window=0
prefetchit-dominator-profile: placement=24,600,8,0,0,1,0,0,4,0,0,callee=1,profile=1459600085F2673,indirect=0,direct_pic=1,indirect_targets=A5EA74985B421A73,path_dedup=1 module=8C95D493F4F98B4C removed=0 metadata=1
prefetchit-dominator-callees: only=1 profiled=724 skipped=0
prefetchit-dominator-indirect-targets: candidates=0 lifted=0 callers=107
prefetchit-dominator: functions=51 edges=0 calls=48 indirect=0 continuations=0 caller_targets=0 short_lead=19 skipped_eh=0 groups=18 hints=20 gate=0
prefetchit-dominator-lean: budget_skipped=5 duplicate_targets=7 window=0
prefetchit-dominator-profile: placement=24,600,8,0,0,1,0,0,4,0,0,callee=1,profile=1459600085F2673,indirect=0,direct_pic=1,indirect_targets=A5EA74985B421A73,path_dedup=1 module=43F362B8E43AD432 removed=0 metadata=1
prefetchit-dominator-callees: only=1 profiled=724 skipped=290
prefetchit-dominator-indirect-targets: candidates=0 lifted=0 callers=107
prefetchit-dominator: functions=0 edges=0 calls=0 indirect=0 continuations=0 caller_targets=0 short_lead=0 skipped_eh=0 groups=0 hints=0 gate=0
prefetchit-dominator-lean: budget_skipped=0 duplicate_targets=0 window=0
prefetchit-dominator-profile: placement=24,600,8,0,0,1,0,0,4,0,0,callee=1,profile=1459600085F2673,indirect=0,direct_pic=1,indirect_targets=A5EA74985B421A73,path_dedup=1 module=869141266C1A3732 removed=0 metadata=1
prefetchit-dominator-callees: only=1 profiled=724 skipped=0
prefetchit-dominator-indirect-targets: candidates=0 lifted=0 callers=107
prefetchit-dominator: functions=34 edges=0 calls=16 indirect=0 continuations=0 caller_targets=0 short_lead=11 skipped_eh=1 groups=11 hints=14 gate=0
prefetchit-dominator-lean: budget_skipped=0 duplicate_targets=1 window=0
prefetchit-dominator-profile: placement=24,600,8,0,0,1,0,0,4,0,0,callee=1,profile=1459600085F2673,indirect=0,direct_pic=1,indirect_targets=A5EA74985B421A73,path_dedup=1 module=21F64196A3E2DF95 removed=0 metadata=1
prefetchit-dominator-callees: only=1 profiled=724 skipped=107
prefetchit-dominator-indirect-targets: candidates=0 lifted=0 callers=107
prefetchit-dominator: functions=36 edges=0 calls=72 indirect=0 continuations=0 caller_targets=0 short_lead=31 skipped_eh=1 groups=28 hints=33 gate=0
prefetchit-dominator-lean: budget_skipped=0 duplicate_targets=10 window=0
prefetchit-dominator-profile: placement=24,600,8,0,0,1,0,0,4,0,0,callee=1,profile=1459600085F2673,indirect=0,direct_pic=1,indirect_targets=A5EA74985B421A73,path_dedup=1 module=D1DC713CFF2E1BA removed=0 metadata=1
prefetchit-dominator-callees: only=1 profiled=724 skipped=126
prefetchit-dominator-indirect-targets: candidates=0 lifted=0 callers=107
prefetchit-dominator: functions=186 edges=0 calls=254 indirect=0 continuations=0 caller_targets=0 short_lead=85 skipped_eh=1 groups=97 hints=154 gate=0
prefetchit-dominator-lean: budget_skipped=2 duplicate_targets=48 window=0
prefetchit-dominator-profile: placement=24,600,8,0,0,1,0,0,4,0,0,callee=1,profile=1459600085F2673,indirect=0,direct_pic=1,indirect_targets=A5EA74985B421A73,path_dedup=1 module=E07601D384E736A removed=0 metadata=1
prefetchit-dominator-callees: only=1 profiled=724 skipped=696
prefetchit-dominator-indirect-targets: candidates=0 lifted=0 callers=107
prefetchit-dominator: functions=38 edges=0 calls=21 indirect=0 continuations=0 caller_targets=0 short_lead=12 skipped_eh=1 groups=12 hints=13 gate=0
prefetchit-dominator-lean: budget_skipped=0 duplicate_targets=3 window=0
prefetchit-dominator-profile: placement=24,600,8,0,0,1,0,0,4,0,0,callee=1,profile=1459600085F2673,indirect=0,direct_pic=1,indirect_targets=A5EA74985B421A73,path_dedup=1 module=71344B0597EB6D24 removed=0 metadata=1
prefetchit-dominator-callees: only=1 profiled=724 skipped=148
prefetchit-dominator-indirect-targets: candidates=0 lifted=0 callers=107
prefetchit-dominator: functions=9 edges=0 calls=1 indirect=0 continuations=0 caller_targets=0 short_lead=1 skipped_eh=0 groups=1 hints=1 gate=0
prefetchit-dominator-lean: budget_skipped=0 duplicate_targets=0 window=0
prefetchit-dominator-profile: placement=24,600,8,0,0,1,0,0,4,0,0,callee=1,profile=1459600085F2673,indirect=0,direct_pic=1,indirect_targets=A5EA74985B421A73,path_dedup=1 module=9A76133046E09CF9 removed=0 metadata=1
prefetchit-dominator-callees: only=1 profiled=724 skipped=27
prefetchit-dominator-indirect-targets: candidates=0 lifted=0 callers=107
prefetchit-dominator: functions=25 edges=0 calls=23 indirect=0 continuations=0 caller_targets=0 short_lead=16 skipped_eh=2 groups=13 hints=16 gate=0
prefetchit-dominator-lean: budget_skipped=0 duplicate_targets=0 window=0
prefetchit-dominator-profile: placement=24,600,8,0,0,1,0,0,4,0,0,callee=1,profile=1459600085F2673,indirect=0,direct_pic=1,indirect_targets=A5EA74985B421A73,path_dedup=1 module=FF3A8612F8AD1D3D removed=0 metadata=1
prefetchit-dominator-callees: only=1 profiled=724 skipped=54
prefetchit-dominator-indirect-targets: candidates=0 lifted=0 callers=107
prefetchit-dominator: functions=131 edges=0 calls=133 indirect=0 continuations=0 caller_targets=0 short_lead=64 skipped_eh=3 groups=65 hints=89 gate=0
prefetchit-dominator-lean: budget_skipped=0 duplicate_targets=11 window=0
prefetchit-dominator-profile: placement=24,600,8,0,0,1,0,0,4,0,0,callee=1,profile=1459600085F2673,indirect=0,direct_pic=1,indirect_targets=A5EA74985B421A73,path_dedup=1 module=64BC6A9F4AA734E2 removed=0 metadata=1
prefetchit-dominator-callees: only=1 profiled=724 skipped=459
prefetchit-dominator-indirect-targets: candidates=0 lifted=0 callers=107
prefetchit-dominator: functions=111 edges=0 calls=180 indirect=0 continuations=0 caller_targets=0 short_lead=67 skipped_eh=4 groups=63 hints=84 gate=0
prefetchit-dominator-lean: budget_skipped=0 duplicate_targets=38 window=0
prefetchit-dominator-profile: placement=24,600,8,0,0,1,0,0,4,0,0,callee=1,profile=1459600085F2673,indirect=0,direct_pic=1,indirect_targets=A5EA74985B421A73,path_dedup=1 module=981B91D2A71E5DDE removed=0 metadata=1
prefetchit-dominator-callees: only=1 profiled=724 skipped=606
prefetchit-dominator-indirect-targets: candidates=3 lifted=0 callers=107
prefetchit-dominator: functions=176 edges=0 calls=181 indirect=0 continuations=0 caller_targets=0 short_lead=94 skipped_eh=6 groups=101 hints=122 gate=0
prefetchit-dominator-lean: budget_skipped=8 duplicate_targets=12 window=0
prefetchit-dominator-profile: placement=24,600,8,0,0,1,0,0,4,0,0,callee=1,profile=1459600085F2673,indirect=0,direct_pic=1,indirect_targets=A5EA74985B421A73,path_dedup=1 module=2582DF8AD9E7A1D8 removed=0 metadata=1
prefetchit-dominator-callees: only=1 profiled=724 skipped=677
prefetchit-dominator-indirect-targets: candidates=0 lifted=0 callers=107
[ 80%] Linking CXX static library ../libthrift.a
[ 80%] Built target thrift_static
[ 82%] Building CXX object lib/cpp/CMakeFiles/thriftnb_static.dir/src/thrift/async/TEvhttpServer.cpp.o
[ 84%] Building CXX object lib/cpp/CMakeFiles/thriftz_static.dir/src/thrift/protocol/THeaderProtocol.cpp.o
[ 86%] Building CXX object lib/cpp/CMakeFiles/thriftnb_static.dir/src/thrift/transport/TNonblockingServerSocket.cpp.o
[ 88%] Building CXX object lib/cpp/CMakeFiles/thriftnb_static.dir/src/thrift/server/TNonblockingServer.cpp.o
[ 90%] Building CXX object lib/cpp/CMakeFiles/thriftz_static.dir/src/thrift/transport/TZlibTransport.cpp.o
[ 94%] Building CXX object lib/cpp/CMakeFiles/thriftnb_static.dir/src/thrift/transport/TNonblockingSSLServerSocket.cpp.o
[ 94%] Building CXX object lib/cpp/CMakeFiles/thriftz_static.dir/src/thrift/transport/THeaderTransport.cpp.o
[ 96%] Building CXX object lib/cpp/CMakeFiles/thriftnb_static.dir/src/thrift/async/TEvhttpClientChannel.cpp.o
prefetchit-dominator: functions=32 edges=0 calls=45 indirect=0 continuations=0 caller_targets=0 short_lead=13 skipped_eh=1 groups=14 hints=17 gate=0
prefetchit-dominator-lean: budget_skipped=0 duplicate_targets=18 window=0
prefetchit-dominator-profile: placement=24,600,8,0,0,1,0,0,4,0,0,callee=1,profile=1459600085F2673,indirect=0,direct_pic=1,indirect_targets=A5EA74985B421A73,path_dedup=1 module=E2065003470B3E3B removed=0 metadata=1
prefetchit-dominator-callees: only=1 profiled=724 skipped=206
prefetchit-dominator-indirect-targets: candidates=0 lifted=0 callers=107
prefetchit-dominator: functions=9 edges=0 calls=1 indirect=0 continuations=0 caller_targets=0 short_lead=1 skipped_eh=0 groups=1 hints=1 gate=0
prefetchit-dominator-lean: budget_skipped=0 duplicate_targets=0 window=0
prefetchit-dominator-profile: placement=24,600,8,0,0,1,0,0,4,0,0,callee=1,profile=1459600085F2673,indirect=0,direct_pic=1,indirect_targets=A5EA74985B421A73,path_dedup=1 module=40BEF45A1F658995 removed=0 metadata=1
prefetchit-dominator-callees: only=1 profiled=724 skipped=24
prefetchit-dominator-indirect-targets: candidates=0 lifted=0 callers=107
prefetchit-dominator: functions=38 edges=0 calls=50 indirect=0 continuations=0 caller_targets=0 short_lead=30 skipped_eh=0 groups=21 hints=28 gate=0
prefetchit-dominator-lean: budget_skipped=0 duplicate_targets=6 window=0
prefetchit-dominator-profile: placement=24,600,8,0,0,1,0,0,4,0,0,callee=1,profile=1459600085F2673,indirect=0,direct_pic=1,indirect_targets=A5EA74985B421A73,path_dedup=1 module=CCB3F16A67E9AED7 removed=0 metadata=1
prefetchit-dominator-callees: only=1 profiled=724 skipped=119
prefetchit-dominator-indirect-targets: candidates=0 lifted=0 callers=107
prefetchit-dominator: functions=28 edges=0 calls=39 indirect=0 continuations=0 caller_targets=0 short_lead=27 skipped_eh=3 groups=15 hints=17 gate=0
prefetchit-dominator-lean: budget_skipped=0 duplicate_targets=2 window=0
prefetchit-dominator-profile: placement=24,600,8,0,0,1,0,0,4,0,0,callee=1,profile=1459600085F2673,indirect=0,direct_pic=1,indirect_targets=A5EA74985B421A73,path_dedup=1 module=C7636D09B723AB20 removed=0 metadata=1
prefetchit-dominator-callees: only=1 profiled=724 skipped=124
prefetchit-dominator-indirect-targets: candidates=1 lifted=0 callers=107
prefetchit-dominator: functions=28 edges=0 calls=47 indirect=0 continuations=0 caller_targets=0 short_lead=22 skipped_eh=1 groups=23 hints=27 gate=0
prefetchit-dominator-lean: budget_skipped=0 duplicate_targets=7 window=0
prefetchit-dominator-profile: placement=24,600,8,0,0,1,0,0,4,0,0,callee=1,profile=1459600085F2673,indirect=0,direct_pic=1,indirect_targets=A5EA74985B421A73,path_dedup=1 module=A9A06AD725EE65DD removed=0 metadata=1
prefetchit-dominator-callees: only=1 profiled=724 skipped=164
prefetchit-dominator-indirect-targets: candidates=0 lifted=0 callers=107
prefetchit-dominator: functions=57 edges=0 calls=87 indirect=0 continuations=0 caller_targets=0 short_lead=47 skipped_eh=1 groups=46 hints=60 gate=0
prefetchit-dominator-lean: budget_skipped=2 duplicate_targets=9 window=0
prefetchit-dominator-profile: placement=24,600,8,0,0,1,0,0,4,0,0,callee=1,profile=1459600085F2673,indirect=0,direct_pic=1,indirect_targets=A5EA74985B421A73,path_dedup=1 module=4AAE2509EB364FBB removed=0 metadata=1
prefetchit-dominator-callees: only=1 profiled=724 skipped=246
prefetchit-dominator-indirect-targets: candidates=1 lifted=0 callers=107
prefetchit-dominator: functions=194 edges=0 calls=86 indirect=0 continuations=0 caller_targets=0 short_lead=50 skipped_eh=4 groups=42 hints=58 gate=0
prefetchit-dominator-lean: budget_skipped=0 duplicate_targets=3 window=0
prefetchit-dominator-profile: placement=24,600,8,0,0,1,0,0,4,0,0,callee=1,profile=1459600085F2673,indirect=0,direct_pic=1,indirect_targets=A5EA74985B421A73,path_dedup=1 module=862D65DD205059F5 removed=0 metadata=1
prefetchit-dominator-callees: only=1 profiled=724 skipped=384
prefetchit-dominator-indirect-targets: candidates=0 lifted=0 callers=107
[ 98%] Linking CXX static library ../libthriftz.a
prefetchit-dominator: functions=100 edges=0 calls=63 indirect=0 continuations=0 caller_targets=0 short_lead=33 skipped_eh=5 groups=38 hints=42 gate=0
prefetchit-dominator-lean: budget_skipped=0 duplicate_targets=6 window=0
prefetchit-dominator-profile: placement=24,600,8,0,0,1,0,0,4,0,0,callee=1,profile=1459600085F2673,indirect=0,direct_pic=1,indirect_targets=A5EA74985B421A73,path_dedup=1 module=EAD05B378ED09614 removed=0 metadata=1
prefetchit-dominator-callees: only=1 profiled=724 skipped=720
prefetchit-dominator-indirect-targets: candidates=1 lifted=0 callers=107
[ 98%] Built target thriftz_static
[100%] Linking CXX static library ../libthriftnb.a
[100%] Built target thriftnb_static
