{"stage": "library_prepared", "name": "libmongoc-1.0.so.0.0.0", "sites": 94, "hints": 205, "extra_instruction_bytes": 2716, "train_coverage": 0.6513635471846184, "heldout_coverage": 0.6462964760702844, "estimated_hints_per_request": 1004.7496192962044, "weighted_baseline_misses_per_request": 490.2971300858368}
{"stage": "library_prepared", "name": "libjaegertracing.so.0.4.2", "sites": 60, "hints": 138, "extra_instruction_bytes": 1818, "train_coverage": 0.6501288273713224, "heldout_coverage": 0.6341707360122375, "estimated_hints_per_request": 1578.0294677385973, "weighted_baseline_misses_per_request": 398.24469556574667}
{"stage": "library_prepared", "name": "libc.so.6", "sites": 36, "hints": 101, "extra_instruction_bytes": 1292, "train_coverage": 0.3908533021624781, "heldout_coverage": 0.3866103739445115, "estimated_hints_per_request": 5668.830355436523, "weighted_baseline_misses_per_request": 326.2594606158501}
{"stage": "library_prepared", "name": "libstdc++.so.6.0.30", "sites": 35, "hints": 89, "extra_instruction_bytes": 1132, "train_coverage": 0.6576963450710945, "heldout_coverage": 0.6478102189781022, "estimated_hints_per_request": 2397.8072473232505, "weighted_baseline_misses_per_request": 249.69708858298702}
{"stage": "library_prepared", "name": "libbson-1.0.so.0.0.0", "sites": 40, "hints": 106, "extra_instruction_bytes": 1345, "train_coverage": 0.563953488372093, "heldout_coverage": 0.5486921282082771, "estimated_hints_per_request": 4811.083466562014, "weighted_baseline_misses_per_request": 186.1209136199791}
{"stage": "library_prepared", "name": "libmemcached.so.11.0.0", "sites": 36, "hints": 85, "extra_instruction_bytes": 1130, "train_coverage": 0.6516773733047823, "heldout_coverage": 0.6312094084605933, "estimated_hints_per_request": 622.4359602184519, "weighted_baseline_misses_per_request": 131.76508873703654}
{"stage": "library_prepared", "name": "libthrift.so.0.12.0", "sites": 6, "hints": 20, "extra_instruction_bytes": 225, "train_coverage": 0.39717385818824125, "heldout_coverage": 0.3768553459119497, "estimated_hints_per_request": 504.90099794506926, "weighted_baseline_misses_per_request": 94.07784068946668}
{"stage": "library_prepared", "name": "libmemcachedutil.so.2.0.0", "sites": 2, "hints": 2, "extra_instruction_bytes": 28, "train_coverage": 0.23076923076923078, "heldout_coverage": 0.1912087912087912, "estimated_hints_per_request": 16.076791455579993, "weighted_baseline_misses_per_request": 10.686954224771101}
{"stage": "trial_complete", "block": 0, "arm": "original", "valid": true, "output": "/storage/prefetchit/class_b_media_system_20260930/screen/00_original", "achieved_rps": 1205.3839665885375, "pool_util_pct": 86.64973266905814, "metrics": {"mean_ms": 3.2471959120338036, "p99_ms": 5.795478820800781, "stack_cpu": 5832.5058416868305, "inverse_rps": 0.000829611167659868}}
{"stage": "trial_complete", "block": 0, "arm": "mongo", "valid": true, "output": "/storage/prefetchit/class_b_media_system_20260930/screen/00_mongo", "achieved_rps": 1229.604134969111, "pool_util_pct": 87.0083505533237, "metrics": {"mean_ms": 3.1825848356583704, "p99_ms": 5.779266357421875, "stack_cpu": 5744.0742768847085, "inverse_rps": 0.0008132698740681455}}
{"stage": "trial_complete", "block": 0, "arm": "combined", "valid": true, "output": "/storage/prefetchit/class_b_media_system_20260930/screen/00_combined", "achieved_rps": 1224.3876092754458, "pool_util_pct": 86.13337253367813, "metrics": {"mean_ms": 3.196034603135772, "p99_ms": 5.720615386962891, "stack_cpu": 5711.714054311577, "inverse_rps": 0.0008167348251684519}}
{"stage": "trial_complete", "block": 0, "arm": "combined_nop", "valid": true, "output": "/storage/prefetchit/class_b_media_system_20260930/screen/00_combined_nop", "achieved_rps": 1211.5211396482123, "pool_util_pct": 86.59377053261247, "metrics": {"mean_ms": 3.2307129652207953, "p99_ms": 5.814790725708008, "stack_cpu": 5795.240325753512, "inverse_rps": 0.000825408626621545}}
{"stage": "trial_complete", "block": 1, "arm": "mongo", "valid": true, "output": "/storage/prefetchit/class_b_media_system_20260930/screen/01_mongo", "achieved_rps": 1197.0532694202727, "pool_util_pct": 85.05203059058833, "metrics": {"mean_ms": 3.271083499843386, "p99_ms": 5.805492401123047, "stack_cpu": 5762.043592064045, "inverse_rps": 0.0008353847113957555}}
{"stage": "trial_complete", "block": 1, "arm": "combined_nop", "valid": true, "output": "/storage/prefetchit/class_b_media_system_20260930/screen/01_combined_nop", "achieved_rps": 1183.7720380615024, "pool_util_pct": 84.9000779043483, "metrics": {"mean_ms": 3.308073286202709, "p99_ms": 5.765438079833984, "stack_cpu": 5821.246480261306, "inverse_rps": 0.0008447572402855198}}
{"stage": "trial_complete", "block": 1, "arm": "original", "valid": true, "output": "/storage/prefetchit/class_b_media_system_20260930/screen/01_original", "achieved_rps": 1155.5391475018503, "pool_util_pct": 84.87089546628975, "metrics": {"mean_ms": 3.3906225509328847, "p99_ms": 5.882740020751953, "stack_cpu": 5958.35888597225, "inverse_rps": 0.0008653969033951736}}
{"stage": "trial_complete", "block": 1, "arm": "combined", "valid": true, "output": "/storage/prefetchit/class_b_media_system_20260930/screen/01_combined", "achieved_rps": 1200.92167348017, "pool_util_pct": 84.92716346276664, "metrics": {"mean_ms": 3.2596136655865333, "p99_ms": 5.716562271118164, "stack_cpu": 5730.463813369971, "inverse_rps": 0.0008326937735265316}}
{"stage": "trial_complete", "block": 2, "arm": "combined_nop", "valid": true, "output": "/storage/prefetchit/class_b_media_system_20260930/screen/02_combined_nop", "achieved_rps": 1211.2214725649835, "pool_util_pct": 86.35421613225168, "metrics": {"mean_ms": 3.231870489182815, "p99_ms": 5.724906921386719, "stack_cpu": 5778.230780873753, "inverse_rps": 0.0008256128401375817}}
{"stage": "trial_complete", "block": 2, "arm": "combined", "valid": true, "output": "/storage/prefetchit/class_b_media_system_20260930/screen/02_combined", "achieved_rps": 1203.3218401430654, "pool_util_pct": 85.0313434496741, "metrics": {"mean_ms": 3.2535258149296964, "p99_ms": 5.721807479858398, "stack_cpu": 5732.581820196397, "inverse_rps": 0.0008310328680489236}}
{"stage": "trial_complete", "block": 2, "arm": "mongo", "valid": true, "output": "/storage/prefetchit/class_b_media_system_20260930/screen/02_mongo", "achieved_rps": 1192.2700065204906, "pool_util_pct": 85.0999425067019, "metrics": {"mean_ms": 3.283737230288905, "p99_ms": 5.698919296264648, "stack_cpu": 5782.988048309989, "inverse_rps": 0.0008387361877184099}}
{"stage": "trial_complete", "block": 2, "arm": "original", "valid": true, "output": "/storage/prefetchit/class_b_media_system_20260930/screen/02_original", "achieved_rps": 1187.404894214305, "pool_util_pct": 85.78961194969732, "metrics": {"mean_ms": 3.2975936134751085, "p99_ms": 5.740642547607422, "stack_cpu": 5851.998764842939, "inverse_rps": 0.0008421727119978657}}
{"stage": "trial_complete", "block": 3, "arm": "combined", "valid": true, "output": "/storage/prefetchit/class_b_media_system_20260930/screen/03_combined", "achieved_rps": 1200.4380314978941, "pool_util_pct": 85.03755485316915, "metrics": {"mean_ms": 3.261129658299125, "p99_ms": 5.722284317016602, "stack_cpu": 5737.63321208419, "inverse_rps": 0.0008330292557894141}}
{"stage": "trial_complete", "block": 3, "arm": "original", "valid": true, "output": "/storage/prefetchit/class_b_media_system_20260930/screen/03_original", "achieved_rps": 1176.8378713268742, "pool_util_pct": 85.14791656671672, "metrics": {"mean_ms": 3.3280157890291733, "p99_ms": 5.845069885253906, "stack_cpu": 5863.04867444627, "inverse_rps": 0.0008497347207840184}}
{"stage": "trial_complete", "block": 3, "arm": "combined_nop", "valid": true, "output": "/storage/prefetchit/class_b_media_system_20260930/screen/03_combined_nop", "achieved_rps": 1222.4541416581417, "pool_util_pct": 87.15416879621459, "metrics": {"mean_ms": 3.20102725156215, "p99_ms": 5.827188491821289, "stack_cpu": 5788.505801033416, "inverse_rps": 0.000818026595781823}}
{"stage": "trial_complete", "block": 3, "arm": "mongo", "valid": true, "output": "/storage/prefetchit/class_b_media_system_20260930/screen/03_mongo", "achieved_rps": 1192.7382871488091, "pool_util_pct": 85.02506028247413, "metrics": {"mean_ms": 3.282990852869587, "p99_ms": 5.748271942138672, "stack_cpu": 5783.301539837353, "inverse_rps": 0.0008384068917502918}}
Traceback (most recent call last):
  File "/home/hnpark2/prefetchit/llvm_prefetchit/scripts/class_b/media_library_study.py", line 259, in <module>
    else:globals()[a.action](a.path)
         ^^^^^^^^^^^^^^^^^^^^^^^^^^^
  File "/home/hnpark2/prefetchit/llvm_prefetchit/scripts/class_b/media_library_study.py", line 251, in run
    system.campaign(root);system.diagnostics(root)
                          ^^^^^^^^^^^^^^^^^^^^^^^^
  File "/home/hnpark2/prefetchit/llvm_prefetchit/scripts/class_b/media_system_study.py", line 280, in diagnostics
    h.platform(out,['python3',Path(__file__),'trial',manifest])
  File "/home/hnpark2/prefetchit/llvm_prefetchit/scripts/class_b/fullset.py", line 98, in platform
    if rc:raise subprocess.CalledProcessError(rc,cmd)
          ^^^^^^^^^^^^^^^^^^^^^^^^^^^^^^^^^^^^^^^^^^^
subprocess.CalledProcessError: Command '['python3', PosixPath('/home/hnpark2/prefetchit/llvm_prefetchit/migration/schemes/class_b_extension_20260926/run_platform.py'), '--out', PosixPath('/storage/prefetchit/class_b_media_system_20260930/diagnostics/00_original_platform'), '--cpus', '16-19,32-45', 'python3', PosixPath('/home/hnpark2/prefetchit/llvm_prefetchit/scripts/class_b/media_system_study.py'), 'trial', PosixPath('/storage/prefetchit/class_b_media_system_20260930/diagnostics/00_original.json')]' returned non-zero exit status 1.
